Component: Arm Compiler for Embedded 6.22 Tool: armlink [5ee90200]

==============================================================================

Section Cross References

    main.o(.text.main) refers to main.o(.text.reset_GPIO) for reset_GPIO
    main.o(.text.main) refers to main.o(.text.request_abort_startup) for request_abort_startup
    main.o(.text.main) refers to main.o(.text.init_GPIOA) for init_GPIOA
    main.o(.text.main) refers to main.o(.text.config_check_GPIOA) for config_check_GPIOA
    main.o(.text.main) refers to main.o(.text.init_GPIOB) for init_GPIOB
    main.o(.ARM.exidx.text.main) refers to main.o(.text.main) for [Anonymous Symbol]
    main.o(.ARM.exidx.text.reset_GPIO) refers to main.o(.text.reset_GPIO) for [Anonymous Symbol]
    main.o(.text.request_abort_startup) refers to strcpy.o(.text) for strcpy
    main.o(.text.request_abort_startup) refers to main.o(.rodata.str1.1) for [Anonymous Symbol]
    main.o(.ARM.exidx.text.request_abort_startup) refers to main.o(.text.request_abort_startup) for [Anonymous Symbol]
    main.o(.ARM.exidx.text.init_GPIOA) refers to main.o(.text.init_GPIOA) for [Anonymous Symbol]
    main.o(.text.config_check_GPIOA) refers to strcpy.o(.text) for strcpy
    main.o(.text.config_check_GPIOA) refers to main.o(.rodata.str1.1) for [Anonymous Symbol]
    main.o(.ARM.exidx.text.config_check_GPIOA) refers to main.o(.text.config_check_GPIOA) for [Anonymous Symbol]
    main.o(.ARM.exidx.text.init_GPIOB) refers to main.o(.text.init_GPIOB) for [Anonymous Symbol]
    datainit_ctboard.o(.text) refers to __scatter.o(!!!scatter) for __scatterload
    datainit_ctboard.o(.text) refers to main.o(.text.main) for main
    datainit_ctboard.o(.text) refers (Weak) to startup_ctboard.o(STACK) for Stack_Mem
    startup_ctboard.o(RESET) refers to startup_ctboard.o(STACK) for __initial_sp
    startup_ctboard.o(RESET) refers to startup_ctboard.o(.text) for Reset_Handler
    startup_ctboard.o(.text) refers to system_ctboard.o(.text.__system) for __system
    startup_ctboard.o(.text) refers to datainit_ctboard.o(.text) for __main
    system_ctboard.o(.text) refers (Special) to use_no_semi_2.o(.text) for __use_no_semihosting
    system_ctboard.o(.text.__system) refers (Special) to use_no_semi_2.o(.text) for __use_no_semihosting
    system_ctboard.o(.text.__system) refers to system_ctboard.o(.text.system_enter_run) for system_enter_run
    system_ctboard.o(.ARM.exidx.text.__system) refers (Special) to use_no_semi_2.o(.text) for __use_no_semihosting
    system_ctboard.o(.ARM.exidx.text.__system) refers to system_ctboard.o(.text.__system) for [Anonymous Symbol]
    system_ctboard.o(.text.system_enter_run) refers (Special) to use_no_semi_2.o(.text) for __use_no_semihosting
    system_ctboard.o(.text.system_enter_run) refers to system_ctboard.o(.text.init_SystemClock) for init_SystemClock
    system_ctboard.o(.text.system_enter_run) refers to system_ctboard.o(.text.init_FPU) for init_FPU
    system_ctboard.o(.text.system_enter_run) refers to system_ctboard.o(.text.init_FMC_SRAM) for init_FMC_SRAM
    system_ctboard.o(.text.system_enter_run) refers to system_ctboard.o(.text.init_LCD) for init_LCD
    system_ctboard.o(.ARM.exidx.text.system_enter_run) refers (Special) to use_no_semi_2.o(.text) for __use_no_semihosting
    system_ctboard.o(.ARM.exidx.text.system_enter_run) refers to system_ctboard.o(.text.system_enter_run) for [Anonymous Symbol]
    system_ctboard.o(.text.init_SystemClock) refers (Special) to use_no_semi_2.o(.text) for __use_no_semihosting
    system_ctboard.o(.text.init_SystemClock) refers to hal_rcc.o(.text.hal_rcc_reset) for hal_rcc_reset
    system_ctboard.o(.text.init_SystemClock) refers to hal_rcc.o(.text.hal_rcc_set_osc) for hal_rcc_set_osc
    system_ctboard.o(.text.init_SystemClock) refers to hal_rcc.o(.text.hal_rcc_setup_pll) for hal_rcc_setup_pll
    system_ctboard.o(.text.init_SystemClock) refers to hal_pwr.o(.text.hal_pwr_set_overdrive) for hal_pwr_set_overdrive
    system_ctboard.o(.text.init_SystemClock) refers to hal_rcc.o(.text.hal_rcc_setup_clock) for hal_rcc_setup_clock
    system_ctboard.o(.ARM.exidx.text.init_SystemClock) refers (Special) to use_no_semi_2.o(.text) for __use_no_semihosting
    system_ctboard.o(.ARM.exidx.text.init_SystemClock) refers to system_ctboard.o(.text.init_SystemClock) for [Anonymous Symbol]
    system_ctboard.o(.text.init_FPU) refers (Special) to use_no_semi_2.o(.text) for __use_no_semihosting
    system_ctboard.o(.ARM.exidx.text.init_FPU) refers (Special) to use_no_semi_2.o(.text) for __use_no_semihosting
    system_ctboard.o(.ARM.exidx.text.init_FPU) refers to system_ctboard.o(.text.init_FPU) for [Anonymous Symbol]
    system_ctboard.o(.text.init_FMC_SRAM) refers (Special) to use_no_semi_2.o(.text) for __use_no_semihosting
    system_ctboard.o(.text.init_FMC_SRAM) refers to hal_gpio.o(.text.hal_gpio_init_alternate) for hal_gpio_init_alternate
[...]
    hal_gpio.o(.text.hal_gpio_bit_set) refers to hal_gpio.o(.text.intercept_overwrite_register) for intercept_overwrite_register
    hal_gpio.o(.ARM.exidx.text.hal_gpio_bit_set) refers to hal_gpio.o(.text.hal_gpio_bit_set) for [Anonymous Symbol]
    hal_gpio.o(.text.hal_gpio_bit_reset) refers to hal_gpio.o(.text.intercept_overwrite_register) for intercept_overwrite_register
    hal_gpio.o(.ARM.exidx.text.hal_gpio_bit_reset) refers to hal_gpio.o(.text.hal_gpio_bit_reset) for [Anonymous Symbol]
    hal_gpio.o(.text.hal_gpio_bit_toggle) refers to hal_gpio.o(.text.intercept_overwrite_register) for intercept_overwrite_register
    hal_gpio.o(.text.hal_gpio_bit_toggle) refers to hal_gpio.o(.text.hal_gpio_output_read) for hal_gpio_output_read
    hal_gpio.o(.ARM.exidx.text.hal_gpio_bit_toggle) refers to hal_gpio.o(.text.hal_gpio_bit_toggle) for [Anonymous Symbol]
    hal_gpio.o(.text.hal_gpio_irq_set) refers to hal_gpio.o(.text.get_syscfg_mask) for get_syscfg_mask
    hal_gpio.o(.ARM.exidx.text.hal_gpio_irq_set) refers to hal_gpio.o(.text.hal_gpio_irq_set) for [Anonymous Symbol]
    hal_gpio.o(.ARM.exidx.text.get_syscfg_mask) refers to hal_gpio.o(.text.get_syscfg_mask) for [Anonymous Symbol]
    hal_gpio.o(.ARM.exidx.text.hal_gpio_irq_status) refers to hal_gpio.o(.text.hal_gpio_irq_status) for [Anonymous Symbol]
    hal_gpio.o(.ARM.exidx.text.hal_gpio_irq_clear) refers to hal_gpio.o(.text.hal_gpio_irq_clear) for [Anonymous Symbol]
    hal_pwr.o(.ARM.exidx.text.hal_pwr_reset) refers to hal_pwr.o(.text.hal_pwr_reset) for [Anonymous Symbol]
    hal_pwr.o(.ARM.exidx.text.hal_pwr_set_backup_domain) refers to hal_pwr.o(.text.hal_pwr_set_backup_domain) for [Anonymous Symbol]
    hal_pwr.o(.ARM.exidx.text.hal_pwr_set_backup_access) refers to hal_pwr.o(.text.hal_pwr_set_backup_access) for [Anonymous Symbol]
    hal_pwr.o(.ARM.exidx.text.hal_pwr_set_wakeup_pin) refers to hal_pwr.o(.text.hal_pwr_set_wakeup_pin) for [Anonymous Symbol]
    hal_pwr.o(.ARM.exidx.text.hal_pwr_set_flash_powerdown) refers to hal_pwr.o(.text.hal_pwr_set_flash_powerdown) for [Anonymous Symbol]
    hal_pwr.o(.ARM.exidx.text.hal_pwr_set_overdrive) refers to hal_pwr.o(.text.hal_pwr_set_overdrive) for [Anonymous Symbol]
    hal_pwr.o(.ARM.exidx.text.hal_pwr_set_underdrive) refers to hal_pwr.o(.text.hal_pwr_set_underdrive) for [Anonymous Symbol]
    hal_rcc.o(.ARM.exidx.text.hal_rcc_reset) refers to hal_rcc.o(.text.hal_rcc_reset) for [Anonymous Symbol]
    hal_rcc.o(.text.hal_rcc_set_peripheral) refers to assert.o(.text) for __aeabi_assert
    hal_rcc.o(.text.hal_rcc_set_peripheral) refers to hal_rcc.o(.rodata.str1.1) for [Anonymous Symbol]
    hal_rcc.o(.ARM.exidx.text.hal_rcc_set_peripheral) refers to hal_rcc.o(.text.hal_rcc_set_peripheral) for [Anonymous Symbol]
    hal_rcc.o(.ARM.exidx.text.hal_rcc_set_osc) refers to hal_rcc.o(.text.hal_rcc_set_osc) for [Anonymous Symbol]
    hal_rcc.o(.text.hal_rcc_setup_pll) refers to assert.o(.text) for __aeabi_assert
    hal_rcc.o(.text.hal_rcc_setup_pll) refers to hal_rcc.o(.rodata.str1.1) for [Anonymous Symbol]
    hal_rcc.o(.ARM.exidx.text.hal_rcc_setup_pll) refers to hal_rcc.o(.text.hal_rcc_setup_pll) for [Anonymous Symbol]
    hal_rcc.o(.text.hal_rcc_setup_clock) refers to assert.o(.text) for __aeabi_assert
    hal_rcc.o(.text.hal_rcc_setup_clock) refers to hal_rcc.o(.rodata.str1.1) for [Anonymous Symbol]
    hal_rcc.o(.ARM.exidx.text.hal_rcc_setup_clock) refers to hal_rcc.o(.text.hal_rcc_setup_clock) for [Anonymous Symbol]
    hal_timer.o(.text.hal_timer_reset) refers to hal_timer.o(.text.get_irq_param) for get_irq_param
    hal_timer.o(.ARM.exidx.text.hal_timer_reset) refers to hal_timer.o(.text.hal_timer_reset) for [Anonymous Symbol]
    hal_timer.o(.text.get_irq_param) refers to assert.o(.text) for __aeabi_assert
    hal_timer.o(.text.get_irq_param) refers to hal_timer.o(.rodata.str1.1) for [Anonymous Symbol]
    hal_timer.o(.ARM.exidx.text.get_irq_param) refers to hal_timer.o(.text.get_irq_param) for [Anonymous Symbol]
    hal_timer.o(.ARM.exidx.text.hal_timer_init_base) refers to hal_timer.o(.text.hal_timer_init_base) for [Anonymous Symbol]
    hal_timer.o(.ARM.exidx.text.hal_timer_init_clock) refers to hal_timer.o(.text.hal_timer_init_clock) for [Anonymous Symbol]
    hal_timer.o(.text.hal_timer_init_input) refers to hal_timer.o(.text.set_channel_ccreg) for set_channel_ccreg
    hal_timer.o(.text.hal_timer_init_input) refers to hal_timer.o(.text.set_channel_polarity) for set_channel_polarity
    hal_timer.o(.text.hal_timer_init_input) refers to hal_timer.o(.text.hal_timer_channel_set) for hal_timer_channel_set
    hal_timer.o(.ARM.exidx.text.hal_timer_init_input) refers to hal_timer.o(.text.hal_timer_init_input) for [Anonymous Symbol]
    hal_timer.o(.text.set_channel_ccreg) refers to assert.o(.text) for __aeabi_assert
    hal_timer.o(.text.set_channel_ccreg) refers to hal_timer.o(.rodata.str1.1) for [Anonymous Symbol]
    hal_timer.o(.ARM.exidx.text.set_channel_ccreg) refers to hal_timer.o(.text.set_channel_ccreg) for [Anonymous Symbol]
    hal_timer.o(.ARM.exidx.text.set_channel_polarity) refers to hal_timer.o(.text.set_channel_polarity) for [Anonymous Symbol]
    hal_timer.o(.ARM.exidx.text.hal_timer_channel_set) refers to hal_timer.o(.text.hal_timer_channel_set) for [Anonymous Symbol]
    hal_timer.o(.text.hal_timer_init_output) refers to hal_timer.o(.text.set_channel_ccreg) for set_channel_ccreg
    hal_timer.o(.text.hal_timer_init_output) refers to hal_timer.o(.text.set_channel_polarity) for set_channel_polarity
    hal_timer.o(.text.hal_timer_init_output) refers to hal_timer.o(.text.hal_timer_channel_set) for hal_timer_channel_set
    hal_timer.o(.text.hal_timer_init_output) refers to hal_timer.o(.text.hal_timer_compare_write) for hal_timer_compare_write
    hal_timer.o(.text.hal_timer_init_output) refers to hal_timer.o(.text.adv_main_output_set) for adv_main_output_set
    hal_timer.o(.ARM.exidx.text.hal_timer_init_output) refers to hal_timer.o(.text.hal_timer_init_output) for [Anonymous Symbol]
    hal_timer.o(.ARM.exidx.text.hal_timer_compare_write) refers to hal_timer.o(.text.hal_timer_compare_write) for [Anonymous Symbol]
    hal_timer.o(.ARM.exidx.text.adv_main_output_set) refers to hal_timer.o(.text.adv_main_output_set) for [Anonymous Symbol]
    hal_timer.o(.ARM.exidx.text.hal_timer_start) refers to hal_timer.o(.text.hal_timer_start) for [Anonymous Symbol]
    hal_timer.o(.ARM.exidx.text.hal_timer_stop) refers to hal_timer.o(.text.hal_timer_stop) for [Anonymous Symbol]
    hal_timer.o(.text.hal_timer_irq_set) refers to hal_timer.o(.text.get_irq_param) for get_irq_param
    hal_timer.o(.ARM.exidx.text.hal_timer_irq_set) refers to hal_timer.o(.text.hal_timer_irq_set) for [Anonymous Symbol]
    hal_timer.o(.ARM.exidx.text.hal_timer_irq_status) refers to hal_timer.o(.text.hal_timer_irq_status) for [Anonymous Symbol]
    hal_timer.o(.ARM.exidx.text.hal_timer_dma_set) refers to hal_timer.o(.text.hal_timer_dma_set) for [Anonymous Symbol]
    hal_timer.o(.ARM.exidx.text.hal_timer_irq_clear) refers to hal_timer.o(.text.hal_timer_irq_clear) for [Anonymous Symbol]
    hal_timer.o(.ARM.exidx.text.hal_timer_counter_read) refers to hal_timer.o(.text.hal_timer_counter_read) for [Anonymous Symbol]
    hal_timer.o(.ARM.exidx.text.hal_timer_reload_write) refers to hal_timer.o(.text.hal_timer_reload_write) for [Anonymous Symbol]
    hal_timer.o(.ARM.exidx.text.hal_timer_prescaler_write) refers to hal_timer.o(.text.hal_timer_prescaler_write) for [Anonymous Symbol]
    hal_timer.o(.ARM.exidx.text.hal_timer_compare_read) refers to hal_timer.o(.text.hal_timer_compare_read) for [Anonymous Symbol]
    use_no_semi_2.o(.text) refers (Special) to use_no_semi.o(.text) for __use_no_semihosting_swi
    assert.o(.text) refers to assert_puts.o(.text) for __assert_puts
    assert.o(.text) refers to aeabi_sdiv.o(.text) for __aeabi_idivmod
    assert.o(.text) refers to abort.o(.text) for abort
    __scatter.o(!!!scatter) refers to __rtentry.o(.ARM.Collect$$rtentry$$00000000) for __rt_entry
    __rtentry.o(.ARM.Collect$$rtentry$$00000000) refers (Special) to __rtentry2.o(.ARM.Collect$$rtentry$$0000000A) for __rt_entry_li
    __rtentry.o(.ARM.Collect$$rtentry$$00000000) refers (Special) to __rtentry2.o(.ARM.Collect$$rtentry$$0000000D) for __rt_entry_main
    __rtentry.o(.ARM.Collect$$rtentry$$00000000) refers (Special) to __rtentry2.o(.ARM.Collect$$rtentry$$0000000C) for __rt_entry_postli_1
    __rtentry.o(.ARM.Collect$$rtentry$$00000000) refers (Special) to __rtentry2.o(.ARM.Collect$$rtentry$$00000009) for __rt_entry_postsh_1
    __rtentry.o(.ARM.Collect$$rtentry$$00000000) refers (Special) to __rtentry2.o(.ARM.Collect$$rtentry$$00000002) for __rt_entry_presh_1
    __rtentry.o(.ARM.Collect$$rtentry$$00000000) refers (Special) to __rtentry4.o(.ARM.Collect$$rtentry$$00000004) for __rt_entry_sh
    aeabi_idiv0_sigfpe.o(.text) refers to rt_div0.o(.text) for __rt_div0
    abort.o(.text) refers to defsig_abrt_outer.o(.text) for __rt_SIGABRT
    abort.o(.text) refers (Weak) to libshutdown.o(.ARM.Collect$$libshutdown$$00000000) for __rt_lib_shutdown
    abort.o(.text) refers to system_ctboard.o(.text._sys_exit) for _sys_exit
    assert_puts.o(.text) refers to system_ctboard.o(.text._ttywrch) for _ttywrch
    __rtentry2.o(.ARM.Collect$$rtentry$$00000008) refers to boardinit2.o(.text) for _platform_post_stackheap_init
    __rtentry2.o(.ARM.Collect$$rtentry$$0000000A) refers to libinit.o(.ARM.Collect$$libinit$$00000000) for __rt_lib_init
    __rtentry2.o(.ARM.Collect$$rtentry$$0000000B) refers to boardinit3.o(.text) for _platform_post_lib_init
    __rtentry2.o(.ARM.Collect$$rtentry$$0000000D) refers to main.o(.text.main) for main
    __rtentry2.o(.ARM.Collect$$rtentry$$0000000D) refers to exit.o(.text) for exit
    __rtentry2.o(.ARM.exidx) refers to __rtentry2.o(.ARM.Collect$$rtentry$$00000001) for .ARM.Collect$$rtentry$$00000001
    __rtentry2.o(.ARM.exidx) refers to __rtentry2.o(.ARM.Collect$$rtentry$$00000008) for .ARM.Collect$$rtentry$$00000008
    __rtentry2.o(.ARM.exidx) refers to __rtentry2.o(.ARM.Collect$$rtentry$$0000000A) for .ARM.Collect$$rtentry$$0000000A
    __rtentry2.o(.ARM.exidx) refers to __rtentry2.o(.ARM.Collect$$rtentry$$0000000B) for .ARM.Collect$$rtentry$$0000000B
    __rtentry2.o(.ARM.exidx) refers to __rtentry2.o(.ARM.Collect$$rtentry$$0000000D) for .ARM.Collect$$rtentry$$0000000D
    __rtentry4.o(.ARM.Collect$$rtentry$$00000004) refers to datainit_ctboard.o(.text) for __user_setup_stackheap
    __rtentry4.o(.ARM.exidx) refers to __rtentry4.o(.ARM.Collect$$rtentry$$00000004) for .ARM.Collect$$rtentry$$00000004
    rt_div0.o(.text) refers to defsig_fpe_outer.o(.text) for __rt_SIGFPE
    defsig_abrt_outer.o(.text) refers to defsig_abrt_inner.o(.text) for __rt_SIGABRT_inner
    defsig_abrt_outer.o(.text) refers to defsig_exit.o(.text) for __sig_exit
    defsig_abrt_formal.o(.text) refers to rt_raise.o(.text) for __rt_raise
    rt_raise.o(.text) refers to __raise.o(.text) for __raise
    rt_raise.o(.text) refers to system_ctboard.o(.text._sys_exit) for _sys_exit
    exit.o(.text) refers to rtexit.o(.ARM.Collect$$rtexit$$00000000) for __rt_exit
    defsig_exit.o(.text) refers to system_ctboard.o(.text._sys_exit) for _sys_exit
    defsig_abrt_inner.o(.text) refers to defsig_general.o(.text) for __default_signal_display
    defsig_fpe_outer.o(.text) refers to defsig_fpe_inner.o(.text) for __rt_SIGFPE_inner
    defsig_fpe_outer.o(.text) refers to defsig_exit.o(.text) for __sig_exit
    defsig_fpe_formal.o(.text) refers to rt_raise.o(.text) for __rt_raise
    libinit.o(.ARM.Collect$$libinit$$00000000) refers (Special) to libinit2.o(.ARM.Collect$$libinit$$00000030) for __rt_lib_init_alloca_1
    libinit.o(.ARM.Collect$$libinit$$00000000) refers (Special) to libinit2.o(.ARM.Collect$$libinit$$0000002E) for __rt_lib_init_argv_1
    libinit.o(.ARM.Collect$$libinit$$00000000) refers (Special) to libinit2.o(.ARM.Collect$$libinit$$0000001D) for __rt_lib_init_atexit_1
    libinit.o(.ARM.Collect$$libinit$$00000000) refers (Special) to libinit2.o(.ARM.Collect$$libinit$$00000023) for __rt_lib_init_clock_1
    libinit.o(.ARM.Collect$$libinit$$00000000) refers (Special) to libinit2.o(.ARM.Collect$$libinit$$00000034) for __rt_lib_init_cpp_1
    libinit.o(.ARM.Collect$$libinit$$00000000) refers (Special) to libinit2.o(.ARM.Collect$$libinit$$00000032) for __rt_lib_init_exceptions_1
    libinit.o(.ARM.Collect$$libinit$$00000000) refers (Special) to libinit2.o(.ARM.Collect$$libinit$$00000002) for __rt_lib_init_fp_1
    libinit.o(.ARM.Collect$$libinit$$00000000) refers (Special) to libinit2.o(.ARM.Collect$$libinit$$00000021) for __rt_lib_init_fp_trap_1
    libinit.o(.ARM.Collect$$libinit$$00000000) refers (Special) to libinit2.o(.ARM.Collect$$libinit$$00000025) for __rt_lib_init_getenv_1
    libinit.o(.ARM.Collect$$libinit$$00000000) refers (Special) to libinit2.o(.ARM.Collect$$libinit$$0000000C) for __rt_lib_init_heap_1
    libinit.o(.ARM.Collect$$libinit$$00000000) refers (Special) to libinit2.o(.ARM.Collect$$libinit$$00000013) for __rt_lib_init_lc_collate_1
    libinit.o(.ARM.Collect$$libinit$$00000000) refers (Special) to libinit2.o(.ARM.Collect$$libinit$$00000015) for __rt_lib_init_lc_ctype_1
    libinit.o(.ARM.Collect$$libinit$$00000000) refers (Special) to libinit2.o(.ARM.Collect$$libinit$$00000017) for __rt_lib_init_lc_monetary_1
    libinit.o(.ARM.Collect$$libinit$$00000000) refers (Special) to libinit2.o(.ARM.Collect$$libinit$$00000019) for __rt_lib_init_lc_numeric_1
    libinit.o(.ARM.Collect$$libinit$$00000000) refers (Special) to libinit2.o(.ARM.Collect$$libinit$$0000001B) for __rt_lib_init_lc_time_1
    libinit.o(.ARM.Collect$$libinit$$00000000) refers (Special) to libinit2.o(.ARM.Collect$$libinit$$00000006) for __rt_lib_init_preinit_1
    libinit.o(.ARM.Collect$$libinit$$00000000) refers (Special) to libinit2.o(.ARM.Collect$$libinit$$00000010) for __rt_lib_init_rand_1
    libinit.o(.ARM.Collect$$libinit$$00000000) refers (Special) to libinit2.o(.ARM.Collect$$libinit$$00000004) for __rt_lib_init_relocate_pie_1
    libinit.o(.ARM.Collect$$libinit$$00000000) refers (Special) to libinit2.o(.ARM.Collect$$libinit$$00000035) for __rt_lib_init_return
    libinit.o(.ARM.Collect$$libinit$$00000000) refers (Special) to libinit2.o(.ARM.Collect$$libinit$$0000001F) for __rt_lib_init_signal_1
    libinit.o(.ARM.Collect$$libinit$$00000000) refers (Special) to libinit2.o(.ARM.Collect$$libinit$$00000027) for __rt_lib_init_stdio_1
    libinit.o(.ARM.Collect$$libinit$$00000000) refers (Special) to libinit2.o(.ARM.Collect$$libinit$$0000000E) for __rt_lib_init_user_alloc_1
    rtexit.o(.ARM.Collect$$rtexit$$00000000) refers (Special) to rtexit2.o(.ARM.Collect$$rtexit$$00000004) for __rt_exit_exit
    rtexit.o(.ARM.Collect$$rtexit$$00000000) refers (Special) to rtexit2.o(.ARM.Collect$$rtexit$$00000003) for __rt_exit_ls
    rtexit.o(.ARM.Collect$$rtexit$$00000000) refers (Special) to rtexit2.o(.ARM.Collect$$rtexit$$00000002) for __rt_exit_prels_1
    rtexit.o(.ARM.exidx) refers (Special) to rtexit2.o(.ARM.Collect$$rtexit$$00000004) for __rt_exit_exit
    rtexit.o(.ARM.exidx) refers (Special) to rtexit2.o(.ARM.Collect$$rtexit$$00000003) for __rt_exit_ls
    rtexit.o(.ARM.exidx) refers (Special) to rtexit2.o(.ARM.Collect$$rtexit$$00000002) for __rt_exit_prels_1
    rtexit.o(.ARM.exidx) refers to rtexit.o(.ARM.Collect$$rtexit$$00000000) for .ARM.Collect$$rtexit$$00000000
    __raise.o(.text) refers to defsig.o(CL$$defsig) for __default_signal_handler
    defsig_general.o(.text) refers to system_ctboard.o(.text._ttywrch) for _ttywrch
    defsig_fpe_inner.o(.text) refers to defsig_general.o(.text) for __default_signal_display
    libinit2.o(.ARM.Collect$$libinit$$00000012) refers to libinit2.o(.ARM.Collect$$libinit$$00000011) for .ARM.Collect$$libinit$$00000011
    libinit2.o(.ARM.Collect$$libinit$$00000014) refers to libinit2.o(.ARM.Collect$$libinit$$00000011) for .ARM.Collect$$libinit$$00000011
    libinit2.o(.ARM.Collect$$libinit$$00000016) refers to libinit2.o(.ARM.Collect$$libinit$$00000011) for .ARM.Collect$$libinit$$00000011
    libinit2.o(.ARM.Collect$$libinit$$00000018) refers to libinit2.o(.ARM.Collect$$libinit$$00000011) for .ARM.Collect$$libinit$$00000011
    libinit2.o(.ARM.Collect$$libinit$$0000001A) refers to libinit2.o(.ARM.Collect$$libinit$$00000011) for .ARM.Collect$$libinit$$00000011
    libinit2.o(.ARM.Collect$$libinit$$00000028) refers to argv_veneer.o(.text) for __ARM_argv_veneer
    libinit2.o(.ARM.Collect$$libinit$$00000029) refers to argv_veneer.o(.text) for __ARM_argv_veneer
    rtexit2.o(.ARM.Collect$$rtexit$$00000003) refers to libshutdown.o(.ARM.Collect$$libshutdown$$00000000) for __rt_lib_shutdown
    rtexit2.o(.ARM.Collect$$rtexit$$00000004) refers to system_ctboard.o(.text._sys_exit) for _sys_exit
    rtexit2.o(.ARM.exidx) refers to rtexit2.o(.ARM.Collect$$rtexit$$00000001) for .ARM.Collect$$rtexit$$00000001
    rtexit2.o(.ARM.exidx) refers to rtexit2.o(.ARM.Collect$$rtexit$$00000003) for .ARM.Collect$$rtexit$$00000003
    rtexit2.o(.ARM.exidx) refers to rtexit2.o(.ARM.Collect$$rtexit$$00000004) for .ARM.Collect$$rtexit$$00000004
    defsig.o(CL$$defsig) refers to defsig_abrt_inner.o(.text) for __rt_SIGABRT_inner
    defsig.o(CL$$defsig) refers to defsig_fpe_inner.o(.text) for __rt_SIGFPE_inner
    defsig.o(CL$$defsig) refers to defsig_rtmem_inner.o(.text) for __rt_SIGRTMEM_inner
    defsig_rtred_inner.o(.text) refers to defsig_general.o(.text) for __default_signal_display
    defsig_rtmem_inner.o(.text) refers to defsig_general.o(.text) for __default_signal_display
    defsig_stak_inner.o(.text) refers to defsig_general.o(.text) for __default_signal_display
    defsig_pvfn_inner.o(.text) refers to defsig_general.o(.text) for __default_signal_display
    defsig_cppl_inner.o(.text) refers to defsig_general.o(.text) for __default_signal_display
    defsig_segv_inner.o(.text) refers to defsig_general.o(.text) for __default_signal_display
    defsig_other.o(.text) refers to defsig_general.o(.text) for __default_signal_display
    _get_argv_nomalloc.o(.text) refers (Special) to hrguard.o(.text) for __heap_region$guard
    _get_argv_nomalloc.o(.text) refers to defsig_rtmem_outer.o(.text) for __rt_SIGRTMEM
    _get_argv_nomalloc.o(.text) refers to system_ctboard.o(.text._sys_command_string) for _sys_command_string
    libshutdown.o(.ARM.Collect$$libshutdown$$00000000) refers (Special) to libshutdown2.o(.ARM.Collect$$libshutdown$$00000002) for __rt_lib_shutdown_cpp_1
    libshutdown.o(.ARM.Collect$$libshutdown$$00000000) refers (Special) to libshutdown2.o(.ARM.Collect$$libshutdown$$00000007) for __rt_lib_shutdown_fp_trap_1
    libshutdown.o(.ARM.Collect$$libshutdown$$00000000) refers (Special) to libshutdown2.o(.ARM.Collect$$libshutdown$$0000000F) for __rt_lib_shutdown_heap_1
    libshutdown.o(.ARM.Collect$$libshutdown$$00000000) refers (Special) to libshutdown2.o(.ARM.Collect$$libshutdown$$00000010) for __rt_lib_shutdown_return
    libshutdown.o(.ARM.Collect$$libshutdown$$00000000) refers (Special) to libshutdown2.o(.ARM.Collect$$libshutdown$$0000000A) for __rt_lib_shutdown_signal_1
    libshutdown.o(.ARM.Collect$$libshutdown$$00000000) refers (Special) to libshutdown2.o(.ARM.Collect$$libshutdown$$00000004) for __rt_lib_shutdown_stdio_1
    libshutdown.o(.ARM.Collect$$libshutdown$$00000000) refers (Special) to libshutdown2.o(.ARM.Collect$$libshutdown$$0000000C) for __rt_lib_shutdown_user_alloc_1
    defsig_rtmem_outer.o(.text) refers to defsig_rtmem_inner.o(.text) for __rt_SIGRTMEM_inner
    defsig_rtmem_outer.o(.text) refers to defsig_exit.o(.text) for __sig_exit
    defsig_rtmem_formal.o(.text) refers to rt_raise.o(.text) for __rt_raise


==============================================================================

Removing Unused input sections from the image.

    Removing main.o(.text), (0 bytes).
    Removing main.o(.ARM.exidx.text.main), (8 bytes).
    Removing main.o(.ARM.exidx.text.reset_GPIO), (8 bytes).
    Removing main.o(.ARM.exidx.text.request_abort_startup), (8 bytes).
    Removing main.o(.ARM.exidx.text.init_GPIOA), (8 bytes).
    Removing main.o(.ARM.exidx.text.config_check_GPIOA), (8 bytes).
    Removing main.o(.ARM.exidx.text.init_GPIOB), (8 bytes).
    Removing main.o(.ARM.use_no_argv), (4 bytes).
    Removing startup_ctboard.o(HEAP), (2048 bytes).
    Removing system_ctboard.o(.text), (0 bytes).
    Removing system_ctboard.o(.ARM.exidx.text.__system), (8 bytes).
    Removing system_ctboard.o(.ARM.exidx.text.system_enter_run), (8 bytes).
    Removing system_ctboard.o(.ARM.exidx.text.init_SystemClock), (8 bytes).
    Removing system_ctboard.o(.ARM.exidx.text.init_FPU), (8 bytes).
    Removing system_ctboard.o(.ARM.exidx.text.init_FMC_SRAM), (8 bytes).
    Removing system_ctboard.o(.ARM.exidx.text.init_LCD), (8 bytes).
    Removing system_ctboard.o(.text.system_enter_sleep), (2 bytes).
    Removing system_ctboard.o(.ARM.exidx.text.system_enter_sleep), (8 bytes).
    Removing system_ctboard.o(.text.system_enter_stop), (2 bytes).
    Removing system_ctboard.o(.ARM.exidx.text.system_enter_stop), (8 bytes).
    Removing system_ctboard.o(.text.system_enter_standby), (2 bytes).
    Removing system_ctboard.o(.ARM.exidx.text.system_enter_standby), (8 bytes).
    Removing system_ctboard.o(.text._sys_command_string), (12 bytes).
    Removing system_ctboard.o(.ARM.exidx.text._sys_command_string), (8 bytes).
    Removing system_ctboard.o(.ARM.exidx.text._ttywrch), (8 bytes).
    Removing system_ctboard.o(.ARM.exidx.text._sys_exit), (8 bytes).
    Removing hal_fmc.o(.text), (0 bytes).
    Removing hal_fmc.o(.text.hal_fmc_reset), (264 bytes).
    Removing hal_fmc.o(.ARM.exidx.text.hal_fmc_reset), (8 bytes).
    Removing hal_fmc.o(.ARM.exidx.text.hal_fmc_init_sram), (8 bytes).
    Removing hal_gpio.o(.text), (0 bytes).
    Removing hal_gpio.o(.text.hal_gpio_reset), (120 bytes).
    Removing hal_gpio.o(.ARM.exidx.text.hal_gpio_reset), (8 bytes).
    Removing hal_gpio.o(.text.hal_gpio_init_input), (126 bytes).
    Removing hal_gpio.o(.ARM.exidx.text.hal_gpio_init_input), (8 bytes).
    Removing hal_gpio.o(.ARM.exidx.text.intercept_overwrite_register), (8 bytes).
    Removing hal_gpio.o(.ARM.exidx.text.create_pattern_mask), (8 bytes).
    Removing hal_gpio.o(.text.hal_gpio_init_analog), (84 bytes).
    Removing hal_gpio.o(.ARM.exidx.text.hal_gpio_init_analog), (8 bytes).
    Removing hal_gpio.o(.ARM.exidx.text.hal_gpio_init_output), (8 bytes).
    Removing hal_gpio.o(.ARM.exidx.text.hal_gpio_init_alternate), (8 bytes).
    Removing hal_gpio.o(.text.hal_gpio_input_read), (14 bytes).
    Removing hal_gpio.o(.ARM.exidx.text.hal_gpio_input_read), (8 bytes).
    Removing hal_gpio.o(.text.hal_gpio_output_read), (14 bytes).
    Removing hal_gpio.o(.ARM.exidx.text.hal_gpio_output_read), (8 bytes).
    Removing hal_gpio.o(.text.hal_gpio_output_write), (42 bytes).
    Removing hal_gpio.o(.ARM.exidx.text.hal_gpio_output_write), (8 bytes).
    Removing hal_gpio.o(.text.hal_gpio_bit_set), (54 bytes).
    Removing hal_gpio.o(.ARM.exidx.text.hal_gpio_bit_set), (8 bytes).
    Removing hal_gpio.o(.text.hal_gpio_bit_reset), (54 bytes).
    Removing hal_gpio.o(.ARM.exidx.text.hal_gpio_bit_reset), (8 bytes).
    Removing hal_gpio.o(.text.hal_gpio_bit_toggle), (78 bytes).
    Removing hal_gpio.o(.ARM.exidx.text.hal_gpio_bit_toggle), (8 bytes).
    Removing hal_gpio.o(.text.hal_gpio_irq_set), (888 bytes).
    Removing hal_gpio.o(.ARM.exidx.text.hal_gpio_irq_set), (8 bytes).
    Removing hal_gpio.o(.text.get_syscfg_mask), (272 bytes).
    Removing hal_gpio.o(.ARM.exidx.text.get_syscfg_mask), (8 bytes).
    Removing hal_gpio.o(.text.hal_gpio_irq_status), (76 bytes).
    Removing hal_gpio.o(.ARM.exidx.text.hal_gpio_irq_status), (8 bytes).
    Removing hal_gpio.o(.text.hal_gpio_irq_clear), (28 bytes).
    Removing hal_gpio.o(.ARM.exidx.text.hal_gpio_irq_clear), (8 bytes).
    Removing hal_pwr.o(.text), (0 bytes).
    Removing hal_pwr.o(.text.hal_pwr_reset), (24 bytes).
    Removing hal_pwr.o(.ARM.exidx.text.hal_pwr_reset), (8 bytes).
    Removing hal_pwr.o(.text.hal_pwr_set_backup_domain), (164 bytes).
    Removing hal_pwr.o(.ARM.exidx.text.hal_pwr_set_backup_domain), (8 bytes).
    Removing hal_pwr.o(.text.hal_pwr_set_backup_access), (52 bytes).
    Removing hal_pwr.o(.ARM.exidx.text.hal_pwr_set_backup_access), (8 bytes).
    Removing hal_pwr.o(.text.hal_pwr_set_wakeup_pin), (52 bytes).
    Removing hal_pwr.o(.ARM.exidx.text.hal_pwr_set_wakeup_pin), (8 bytes).
    Removing hal_pwr.o(.text.hal_pwr_set_flash_powerdown), (52 bytes).
    Removing hal_pwr.o(.ARM.exidx.text.hal_pwr_set_flash_powerdown), (8 bytes).
    Removing hal_pwr.o(.ARM.exidx.text.hal_pwr_set_overdrive), (8 bytes).
    Removing hal_pwr.o(.text.hal_pwr_set_underdrive), (14 bytes).
    Removing hal_pwr.o(.ARM.exidx.text.hal_pwr_set_underdrive), (8 bytes).
    Removing hal_rcc.o(.text), (0 bytes).
    Removing hal_rcc.o(.ARM.exidx.text.hal_rcc_reset), (8 bytes).
    Removing hal_rcc.o(.text.hal_rcc_set_peripheral), (500 bytes).
    Removing hal_rcc.o(.ARM.exidx.text.hal_rcc_set_peripheral), (8 bytes).
    Removing hal_rcc.o(.ARM.exidx.text.hal_rcc_set_osc), (8 bytes).
    Removing hal_rcc.o(.ARM.exidx.text.hal_rcc_setup_pll), (8 bytes).
    Removing hal_rcc.o(.ARM.exidx.text.hal_rcc_setup_clock), (8 bytes).
    Removing hal_timer.o(.text), (0 bytes).
    Removing hal_timer.o(.text.hal_timer_reset), (356 bytes).
    Removing hal_timer.o(.ARM.exidx.text.hal_timer_reset), (8 bytes).
    Removing hal_timer.o(.text.get_irq_param), (912 bytes).
    Removing hal_timer.o(.ARM.exidx.text.get_irq_param), (8 bytes).
    Removing hal_timer.o(.text.hal_timer_init_base), (144 bytes).
    Removing hal_timer.o(.ARM.exidx.text.hal_timer_init_base), (8 bytes).
    Removing hal_timer.o(.text.hal_timer_init_clock), (124 bytes).
    Removing hal_timer.o(.ARM.exidx.text.hal_timer_init_clock), (8 bytes).
    Removing hal_timer.o(.text.hal_timer_init_input), (92 bytes).
    Removing hal_timer.o(.ARM.exidx.text.hal_timer_init_input), (8 bytes).
    Removing hal_timer.o(.text.set_channel_ccreg), (396 bytes).
    Removing hal_timer.o(.ARM.exidx.text.set_channel_ccreg), (8 bytes).
    Removing hal_timer.o(.text.set_channel_polarity), (96 bytes).
    Removing hal_timer.o(.ARM.exidx.text.set_channel_polarity), (8 bytes).
    Removing hal_timer.o(.text.hal_timer_channel_set), (108 bytes).
    Removing hal_timer.o(.ARM.exidx.text.hal_timer_channel_set), (8 bytes).
    Removing hal_timer.o(.text.hal_timer_init_output), (124 bytes).
    Removing hal_timer.o(.ARM.exidx.text.hal_timer_init_output), (8 bytes).
    Removing hal_timer.o(.text.hal_timer_compare_write), (216 bytes).
    Removing hal_timer.o(.ARM.exidx.text.hal_timer_compare_write), (8 bytes).
    Removing hal_timer.o(.text.adv_main_output_set), (48 bytes).
    Removing hal_timer.o(.ARM.exidx.text.adv_main_output_set), (8 bytes).
    Removing hal_timer.o(.text.hal_timer_start), (18 bytes).
    Removing hal_timer.o(.ARM.exidx.text.hal_timer_start), (8 bytes).
    Removing hal_timer.o(.text.hal_timer_stop), (18 bytes).
    Removing hal_timer.o(.ARM.exidx.text.hal_timer_stop), (8 bytes).
    Removing hal_timer.o(.text.hal_timer_irq_set), (168 bytes).
    Removing hal_timer.o(.ARM.exidx.text.hal_timer_irq_set), (8 bytes).
    Removing hal_timer.o(.text.hal_timer_irq_status), (70 bytes).
    Removing hal_timer.o(.ARM.exidx.text.hal_timer_irq_status), (8 bytes).
    Removing hal_timer.o(.text.hal_timer_dma_set), (52 bytes).
    Removing hal_timer.o(.ARM.exidx.text.hal_timer_dma_set), (8 bytes).
    Removing hal_timer.o(.text.hal_timer_irq_clear), (22 bytes).
    Removing hal_timer.o(.ARM.exidx.text.hal_timer_irq_clear), (8 bytes).
    Removing hal_timer.o(.text.hal_timer_counter_read), (52 bytes).
    Removing hal_timer.o(.ARM.exidx.text.hal_timer_counter_read), (8 bytes).
    Removing hal_timer.o(.text.hal_timer_reload_write), (56 bytes).
    Removing hal_timer.o(.ARM.exidx.text.hal_timer_reload_write), (8 bytes).
    Removing hal_timer.o(.text.hal_timer_prescaler_write), (72 bytes).
    Removing hal_timer.o(.ARM.exidx.text.hal_timer_prescaler_write), (8 bytes).
    Removing hal_timer.o(.text.hal_timer_compare_read), (208 bytes).
    Removing hal_timer.o(.ARM.exidx.text.hal_timer_compare_read), (8 bytes).
    Removing hal_timer.o(.rodata.str1.1), (401 bytes).

126 unused section(s) (total 9355 bytes) removed from the image.

==============================================================================

Image Symbol Table

    Local Symbols

    Symbol Name                              Value     Ov Type        Size  Object(Section)

    ../clib/angel/boardlib.s                 0x00000000   Number         0  boardinit1.o ABSOLUTE
    ../clib/angel/boardlib.s                 0x00000000   Number         0  boardinit2.o ABSOLUTE
    ../clib/angel/boardlib.s                 0x00000000   Number         0  boardinit3.o ABSOLUTE
    ../clib/angel/boardlib.s                 0x00000000   Number         0  boardshut.o ABSOLUTE
    ../clib/angel/handlers.s                 0x00000000   Number         0  __scatter_zi.o ABSOLUTE
    ../clib/angel/kernel.s                   0x00000000   Number         0  __rtentry.o ABSOLUTE
    ../clib/angel/kernel.s                   0x00000000   Number         0  __rtentry2.o ABSOLUTE
    ../clib/angel/kernel.s                   0x00000000   Number         0  __rtentry4.o ABSOLUTE
    ../clib/angel/kernel.s                   0x00000000   Number         0  rtexit.o ABSOLUTE
    ../clib/angel/kernel.s                   0x00000000   Number         0  rtexit2.o ABSOLUTE
    ../clib/angel/rt.s                       0x00000000   Number         0  aeabi_idiv0.o ABSOLUTE
    ../clib/angel/rt.s                       0x00000000   Number         0  aeabi_idiv0_sigfpe.o ABSOLUTE
    ../clib/angel/rt.s                       0x00000000   Number         0  rt_div0.o ABSOLUTE
    ../clib/angel/rt.s                       0x00000000   Number         0  rt_raise.o ABSOLUTE
    ../clib/angel/scatterp.s                 0x00000000   Number         0  __scatter.o ABSOLUTE
    ../clib/angel/sys.s                      0x00000000   Number         0  use_no_semi_2.o ABSOLUTE
    ../clib/angel/sys.s                      0x00000000   Number         0  use_no_semi.o ABSOLUTE
    ../clib/armsys.c                         0x00000000   Number         0  argv_veneer.o ABSOLUTE
    ../clib/armsys.c                         0x00000000   Number         0  _get_argv_nomalloc.o ABSOLUTE
    ../clib/armsys.c                         0x00000000   Number         0  no_argv.o ABSOLUTE
    ../clib/assert.c                         0x00000000   Number         0  assert.o ABSOLUTE
    ../clib/assert.c                         0x00000000   Number         0  assert_puts.o ABSOLUTE
    ../clib/division.s                       0x00000000   Number         0  aeabi_sdiv.o ABSOLUTE
    ../clib/division.s                       0x00000000   Number         0  aeabi_sdiv_div0.o ABSOLUTE
    ../clib/heapalloc.c                      0x00000000   Number         0  hrguard.o ABSOLUTE
    ../clib/libinit.s                        0x00000000   Number         0  libinit.o ABSOLUTE
    ../clib/libinit.s                        0x00000000   Number         0  libinit2.o ABSOLUTE
    ../clib/libinit.s                        0x00000000   Number         0  libshutdown.o ABSOLUTE
    ../clib/libinit.s                        0x00000000   Number         0  libshutdown2.o ABSOLUTE
    ../clib/signal.c                         0x00000000   Number         0  defsig_abrt_outer.o ABSOLUTE
    ../clib/signal.c                         0x00000000   Number         0  defsig_abrt_formal.o ABSOLUTE
    ../clib/signal.c                         0x00000000   Number         0  defsig_exit.o ABSOLUTE
    ../clib/signal.c                         0x00000000   Number         0  defsig_abrt_inner.o ABSOLUTE
    ../clib/signal.c                         0x00000000   Number         0  defsig_fpe_outer.o ABSOLUTE
    ../clib/signal.c                         0x00000000   Number         0  defsig_fpe_formal.o ABSOLUTE
    ../clib/signal.c                         0x00000000   Number         0  __raise.o ABSOLUTE
    ../clib/signal.c                         0x00000000   Number         0  defsig_general.o ABSOLUTE
    ../clib/signal.c                         0x00000000   Number         0  defsig_fpe_inner.o ABSOLUTE
    ../clib/signal.c                         0x00000000   Number         0  defsig_rtred_inner.o ABSOLUTE
    ../clib/signal.c                         0x00000000   Number         0  defsig_rtmem_inner.o ABSOLUTE
    ../clib/signal.c                         0x00000000   Number         0  defsig_stak_inner.o ABSOLUTE
    ../clib/signal.c                         0x00000000   Number         0  defsig_pvfn_inner.o ABSOLUTE
    ../clib/signal.c                         0x00000000   Number         0  defsig_cppl_inner.o ABSOLUTE
    ../clib/signal.c                         0x00000000   Number         0  defsig_segv_inner.o ABSOLUTE
    ../clib/signal.c                         0x00000000   Number         0  defsig_other.o ABSOLUTE
    ../clib/signal.c                         0x00000000   Number         0  defsig_rtmem_outer.o ABSOLUTE
    ../clib/signal.c                         0x00000000   Number         0  defsig_rtmem_formal.o ABSOLUTE
    ../clib/signal.s                         0x00000000   Number         0  defsig.o ABSOLUTE
    ../clib/stdlib.c                         0x00000000   Number         0  abort.o ABSOLUTE
    ../clib/stdlib.c                         0x00000000   Number         0  exit.o ABSOLUTE
    ../clib/string.c                         0x00000000   Number         0  strcpy.o ABSOLUTE
    ../fplib/cfplib/fpinit.c                 0x00000000   Number         0  fpinit.o ABSOLUTE
    RTE/Device/CT_Board_HS14_M0/datainit_ctboard.s 0x00000000   Number         0  datainit_ctboard.o ABSOLUTE
    RTE/Device/CT_Board_HS14_M0/startup_ctboard.s 0x00000000   Number         0  startup_ctboard.o ABSOLUTE
    dc.s                                     0x00000000   Number         0  dc.o ABSOLUTE
    hal_fmc.c                                0x00000000   Number         0  hal_fmc.o ABSOLUTE
    hal_gpio.c                               0x00000000   Number         0  hal_gpio.o ABSOLUTE
    hal_pwr.c                                0x00000000   Number         0  hal_pwr.o ABSOLUTE
    hal_rcc.c                                0x00000000   Number         0  hal_rcc.o ABSOLUTE
    hal_timer.c                              0x00000000   Number         0  hal_timer.o ABSOLUTE
    main.c                                   0x00000000   Number         0  main.o ABSOLUTE
    system_ctboard.c                         0x00000000   Number         0  system_ctboard.o ABSOLUTE
    RESET                                    0x08000000   Section      428  startup_ctboard.o(RESET)
    !!!scatter                               0x080001ac   Section       84  __scatter.o(!!!scatter)
    !!handler_zi                             0x08000200   Section       28  __scatter_zi.o(!!handler_zi)
    .ARM.Collect$$libinit$$00000000          0x0800021c   Section        2  libinit.o(.ARM.Collect$$libinit$$00000000)
    .ARM.Collect$$libinit$$00000002          0x0800021e   Section        0  libinit2.o(.ARM.Collect$$libinit$$00000002)
    .ARM.Collect$$libinit$$00000004          0x0800021e   Section        0  libinit2.o(.ARM.Collect$$libinit$$00000004)
    .ARM.Collect$$libinit$$00000006          0x0800021e   Section        0  libinit2.o(.ARM.Collect$$libinit$$00000006)
    .ARM.Collect$$libinit$$0000000C          0x0800021e   Section        0  libinit2.o(.ARM.Collect$$libinit$$0000000C)
    .ARM.Collect$$libinit$$0000000E          0x0800021e   Section        0  libinit2.o(.ARM.Collect$$libinit$$0000000E)
    .ARM.Collect$$libinit$$00000010          0x0800021e   Section        0  libinit2.o(.ARM.Collect$$libinit$$00000010)
    .ARM.Collect$$libinit$$00000013          0x0800021e   Section        0  libinit2.o(.ARM.Collect$$libinit$$00000013)
    .ARM.Collect$$libinit$$00000015          0x0800021e   Section        0  libinit2.o(.ARM.Collect$$libinit$$00000015)
    .ARM.Collect$$libinit$$00000017          0x0800021e   Section        0  libinit2.o(.ARM.Collect$$libinit$$00000017)
    .ARM.Collect$$libinit$$00000019          0x0800021e   Section        0  libinit2.o(.ARM.Collect$$libinit$$00000019)
    .ARM.Collect$$libinit$$0000001B          0x0800021e   Section        0  libinit2.o(.ARM.Collect$$libinit$$0000001B)
    .ARM.Collect$$libinit$$0000001D          0x0800021e   Section        0  libinit2.o(.ARM.Collect$$libinit$$0000001D)
    .ARM.Collect$$libinit$$0000001F          0x0800021e   Section        0  libinit2.o(.ARM.Collect$$libinit$$0000001F)
    .ARM.Collect$$libinit$$00000021          0x0800021e   Section        0  libinit2.o(.ARM.Collect$$libinit$$00000021)
    .ARM.Collect$$libinit$$00000023          0x0800021e   Section        0  libinit2.o(.ARM.Collect$$libinit$$00000023)
    .ARM.Collect$$libinit$$00000025          0x0800021e   Section        0  libinit2.o(.ARM.Collect$$libinit$$00000025)
    .ARM.Collect$$libinit$$00000027          0x0800021e   Section        0  libinit2.o(.ARM.Collect$$libinit$$00000027)
    .ARM.Collect$$libinit$$0000002E          0x0800021e   Section        0  libinit2.o(.ARM.Collect$$libinit$$0000002E)
    .ARM.Collect$$libinit$$00000030          0x0800021e   Section        0  libinit2.o(.ARM.Collect$$libinit$$00000030)
    .ARM.Collect$$libinit$$00000032          0x0800021e   Section        0  libinit2.o(.ARM.Collect$$libinit$$00000032)
    .ARM.Collect$$libinit$$00000034          0x0800021e   Section        0  libinit2.o(.ARM.Collect$$libinit$$00000034)
    .ARM.Collect$$libinit$$00000035          0x0800021e   Section        2  libinit2.o(.ARM.Collect$$libinit$$00000035)
    .ARM.Collect$$libshutdown$$00000000      0x08000220   Section        2  libshutdown.o(.ARM.Collect$$libshutdown$$00000000)
    .ARM.Collect$$libshutdown$$00000002      0x08000222   Section        0  libshutdown2.o(.ARM.Collect$$libshutdown$$00000002)
    .ARM.Collect$$libshutdown$$00000004      0x08000222   Section        0  libshutdown2.o(.ARM.Collect$$libshutdown$$00000004)
    .ARM.Collect$$libshutdown$$00000007      0x08000222   Section        0  libshutdown2.o(.ARM.Collect$$libshutdown$$00000007)
    .ARM.Collect$$libshutdown$$0000000A      0x08000222   Section        0  libshutdown2.o(.ARM.Collect$$libshutdown$$0000000A)
    .ARM.Collect$$libshutdown$$0000000C      0x08000222   Section        0  libshutdown2.o(.ARM.Collect$$libshutdown$$0000000C)
    .ARM.Collect$$libshutdown$$0000000F      0x08000222   Section        0  libshutdown2.o(.ARM.Collect$$libshutdown$$0000000F)
    .ARM.Collect$$libshutdown$$00000010      0x08000222   Section        2  libshutdown2.o(.ARM.Collect$$libshutdown$$00000010)
    .ARM.Collect$$rtentry$$00000000          0x08000224   Section        0  __rtentry.o(.ARM.Collect$$rtentry$$00000000)
    .ARM.Collect$$rtentry$$00000002          0x08000224   Section        0  __rtentry2.o(.ARM.Collect$$rtentry$$00000002)
    .ARM.Collect$$rtentry$$00000004          0x08000224   Section        6  __rtentry4.o(.ARM.Collect$$rtentry$$00000004)
    .ARM.Collect$$rtentry$$00000009          0x0800022a   Section        0  __rtentry2.o(.ARM.Collect$$rtentry$$00000009)
    .ARM.Collect$$rtentry$$0000000A          0x0800022a   Section        4  __rtentry2.o(.ARM.Collect$$rtentry$$0000000A)
    .ARM.Collect$$rtentry$$0000000C          0x0800022e   Section        0  __rtentry2.o(.ARM.Collect$$rtentry$$0000000C)
    .ARM.Collect$$rtentry$$0000000D          0x0800022e   Section        8  __rtentry2.o(.ARM.Collect$$rtentry$$0000000D)
    .ARM.Collect$$rtexit$$00000000           0x08000236   Section        2  rtexit.o(.ARM.Collect$$rtexit$$00000000)
    .ARM.Collect$$rtexit$$00000002           0x08000238   Section        0  rtexit2.o(.ARM.Collect$$rtexit$$00000002)
    .ARM.Collect$$rtexit$$00000003           0x08000238   Section        4  rtexit2.o(.ARM.Collect$$rtexit$$00000003)
    .ARM.Collect$$rtexit$$00000004           0x0800023c   Section        6  rtexit2.o(.ARM.Collect$$rtexit$$00000004)
    .text                                    0x08000244   Section       40  datainit_ctboard.o(.text)
    .text                                    0x0800026c   Section       36  startup_ctboard.o(.text)
    .text                                    0x08000290   Section        2  use_no_semi_2.o(.text)
    .text                                    0x08000294   Section        0  assert.o(.text)
    .text                                    0x08000310   Section        0  strcpy.o(.text)
    .text                                    0x0800035c   Section      364  aeabi_sdiv.o(.text)
    .text                                    0x080004c8   Section        2  use_no_semi.o(.text)
    .text                                    0x080004ca   Section        0  abort.o(.text)
    .text                                    0x080004de   Section        0  assert_puts.o(.text)
    .text                                    0x080004f2   Section        0  defsig_abrt_outer.o(.text)
    .text                                    0x080004fe   Section        0  exit.o(.text)
    .text                                    0x0800050e   Section        0  defsig_exit.o(.text)
    .text                                    0x0800051c   Section        0  defsig_abrt_inner.o(.text)
    .text                                    0x0800054c   Section        0  defsig_general.o(.text)
    [Anonymous Symbol]                       0x08000580   Section        0  system_ctboard.o(.text.__system)
    [Anonymous Symbol]                       0x08000588   Section        0  system_ctboard.o(.text._sys_exit)
    [Anonymous Symbol]                       0x08000590   Section        0  system_ctboard.o(.text._ttywrch)
    config_check_GPIOA                       0x08000599   Thumb Code    48  main.o(.text.config_check_GPIOA)
    [Anonymous Symbol]                       0x08000598   Section        0  main.o(.text.config_check_GPIOA)
    __arm_cp.4_0                             0x080005c8   Number         4  main.o(.text.config_check_GPIOA)
    __arm_cp.4_1                             0x080005cc   Number         4  main.o(.text.config_check_GPIOA)
    __arm_cp.4_2                             0x080005d0   Number         4  main.o(.text.config_check_GPIOA)
    __arm_cp.4_3                             0x080005d4   Number         4  main.o(.text.config_check_GPIOA)
    __arm_cp.4_4                             0x080005d8   Number         4  main.o(.text.config_check_GPIOA)
    __arm_cp.4_5                             0x080005dc   Number         4  main.o(.text.config_check_GPIOA)
    __arm_cp.4_6                             0x080005e0   Number         4  main.o(.text.config_check_GPIOA)
    create_pattern_mask                      0x080005e5   Thumb Code   156  hal_gpio.o(.text.create_pattern_mask)
    [Anonymous Symbol]                       0x080005e4   Section        0  hal_gpio.o(.text.create_pattern_mask)
    [Anonymous Symbol]                       0x08000680   Section        0  hal_fmc.o(.text.hal_fmc_init_sram)
    __arm_cp.1_0                             0x08000924   Number         4  hal_fmc.o(.text.hal_fmc_init_sram)
    __arm_cp.1_1                             0x08000928   Number         4  hal_fmc.o(.text.hal_fmc_init_sram)
    __arm_cp.1_2                             0x0800092c   Number         4  hal_fmc.o(.text.hal_fmc_init_sram)
    __arm_cp.1_3                             0x08000930   Number         4  hal_fmc.o(.text.hal_fmc_init_sram)
    __arm_cp.1_4                             0x08000934   Number         4  hal_fmc.o(.text.hal_fmc_init_sram)
    __arm_cp.1_5                             0x08000938   Number         4  hal_fmc.o(.text.hal_fmc_init_sram)
    __arm_cp.1_6                             0x0800093c   Number         4  hal_fmc.o(.text.hal_fmc_init_sram)
    __arm_cp.1_7                             0x08000940   Number         4  hal_fmc.o(.text.hal_fmc_init_sram)
    __arm_cp.1_8                             0x08000944   Number         4  hal_fmc.o(.text.hal_fmc_init_sram)
    [Anonymous Symbol]                       0x08000948   Section        0  hal_gpio.o(.text.hal_gpio_init_alternate)
    [Anonymous Symbol]                       0x08000a0a   Section        0  hal_gpio.o(.text.hal_gpio_init_output)
    [Anonymous Symbol]                       0x08000ada   Section        0  hal_pwr.o(.text.hal_pwr_set_overdrive)
    [Anonymous Symbol]                       0x08000ae8   Section        0  hal_rcc.o(.text.hal_rcc_reset)
    __arm_cp.0_1                             0x08000b7c   Number         4  hal_rcc.o(.text.hal_rcc_reset)
    __arm_cp.0_4                             0x08000b80   Number         4  hal_rcc.o(.text.hal_rcc_reset)
    __arm_cp.0_5                             0x08000b84   Number         4  hal_rcc.o(.text.hal_rcc_reset)
    __arm_cp.0_6                             0x08000b88   Number         4  hal_rcc.o(.text.hal_rcc_reset)
    __arm_cp.0_7                             0x08000b8c   Number         4  hal_rcc.o(.text.hal_rcc_reset)
    __arm_cp.0_8                             0x08000b90   Number         4  hal_rcc.o(.text.hal_rcc_reset)
    __arm_cp.0_9                             0x08000b94   Number         4  hal_rcc.o(.text.hal_rcc_reset)
    __arm_cp.0_10                            0x08000b98   Number         4  hal_rcc.o(.text.hal_rcc_reset)
    __arm_cp.0_11                            0x08000b9c   Number         4  hal_rcc.o(.text.hal_rcc_reset)
    __arm_cp.0_12                            0x08000ba0   Number         4  hal_rcc.o(.text.hal_rcc_reset)
    __arm_cp.0_13                            0x08000ba4   Number         4  hal_rcc.o(.text.hal_rcc_reset)
    __arm_cp.0_14                            0x08000ba8   Number         4  hal_rcc.o(.text.hal_rcc_reset)
    __arm_cp.0_15                            0x08000bac   Number         4  hal_rcc.o(.text.hal_rcc_reset)
    __arm_cp.0_16                            0x08000bb0   Number         4  hal_rcc.o(.text.hal_rcc_reset)
    __arm_cp.0_17                            0x08000bb4   Number         4  hal_rcc.o(.text.hal_rcc_reset)
    __arm_cp.0_18                            0x08000bb8   Number         4  hal_rcc.o(.text.hal_rcc_reset)
    __arm_cp.0_19                            0x08000bbc   Number         4  hal_rcc.o(.text.hal_rcc_reset)
    __arm_cp.0_20                            0x08000bc0   Number         4  hal_rcc.o(.text.hal_rcc_reset)
    __arm_cp.0_21                            0x08000bc4   Number         4  hal_rcc.o(.text.hal_rcc_reset)
    __arm_cp.0_22                            0x08000bc8   Number         4  hal_rcc.o(.text.hal_rcc_reset)
    __arm_cp.0_23                            0x08000bcc   Number         4  hal_rcc.o(.text.hal_rcc_reset)
    __arm_cp.0_24                            0x08000bd0   Number         4  hal_rcc.o(.text.hal_rcc_reset)
    __arm_cp.0_25                            0x08000bd4   Number         4  hal_rcc.o(.text.hal_rcc_reset)
    __arm_cp.0_26                            0x08000bd8   Number         4  hal_rcc.o(.text.hal_rcc_reset)
    __arm_cp.0_27                            0x08000bdc   Number         4  hal_rcc.o(.text.hal_rcc_reset)
    __arm_cp.0_28                            0x08000be0   Number         4  hal_rcc.o(.text.hal_rcc_reset)
    __arm_cp.0_29                            0x08000be4   Number         4  hal_rcc.o(.text.hal_rcc_reset)
    __arm_cp.0_30                            0x08000be8   Number         4  hal_rcc.o(.text.hal_rcc_reset)
    __arm_cp.0_31                            0x08000bec   Number         4  hal_rcc.o(.text.hal_rcc_reset)
    [Anonymous Symbol]                       0x08000bf0   Section        0  hal_rcc.o(.text.hal_rcc_set_osc)
    __arm_cp.2_0                             0x08000cfc   Number         4  hal_rcc.o(.text.hal_rcc_set_osc)
    __arm_cp.2_1                             0x08000d00   Number         4  hal_rcc.o(.text.hal_rcc_set_osc)
    __arm_cp.2_2                             0x08000d04   Number         4  hal_rcc.o(.text.hal_rcc_set_osc)
    [Anonymous Symbol]                       0x08000d08   Section        0  hal_rcc.o(.text.hal_rcc_setup_clock)
    __arm_cp.4_0                             0x08000e9c   Number         4  hal_rcc.o(.text.hal_rcc_setup_clock)
    __arm_cp.4_1                             0x08000ea0   Number         4  hal_rcc.o(.text.hal_rcc_setup_clock)
    __arm_cp.4_2                             0x08000ea4   Number         4  hal_rcc.o(.text.hal_rcc_setup_clock)
    [Anonymous Symbol]                       0x08000ea8   Section        0  hal_rcc.o(.text.hal_rcc_setup_pll)
    __arm_cp.3_0                             0x080010ec   Number         4  hal_rcc.o(.text.hal_rcc_setup_pll)
    __arm_cp.3_1                             0x080010f0   Number         4  hal_rcc.o(.text.hal_rcc_setup_pll)
    __arm_cp.3_2                             0x080010f4   Number         4  hal_rcc.o(.text.hal_rcc_setup_pll)
    __arm_cp.3_3                             0x080010f8   Number         4  hal_rcc.o(.text.hal_rcc_setup_pll)
    __arm_cp.3_4                             0x080010fc   Number         4  hal_rcc.o(.text.hal_rcc_setup_pll)
    __arm_cp.3_5                             0x08001100   Number         4  hal_rcc.o(.text.hal_rcc_setup_pll)
    __arm_cp.3_6                             0x08001104   Number         4  hal_rcc.o(.text.hal_rcc_setup_pll)
    __arm_cp.3_7                             0x08001108   Number         4  hal_rcc.o(.text.hal_rcc_setup_pll)
    init_FMC_SRAM                            0x0800110d   Thumb Code   460  system_ctboard.o(.text.init_FMC_SRAM)
    [Anonymous Symbol]                       0x0800110c   Section        0  system_ctboard.o(.text.init_FMC_SRAM)
    __arm_cp.4_0                             0x080012d8   Number         4  system_ctboard.o(.text.init_FMC_SRAM)
    __arm_cp.4_1                             0x080012dc   Number         4  system_ctboard.o(.text.init_FMC_SRAM)
    __arm_cp.4_2                             0x080012e0   Number         4  system_ctboard.o(.text.init_FMC_SRAM)
    __arm_cp.4_3                             0x080012e4   Number         4  system_ctboard.o(.text.init_FMC_SRAM)
    __arm_cp.4_4                             0x080012e8   Number         4  system_ctboard.o(.text.init_FMC_SRAM)
    __arm_cp.4_5                             0x080012ec   Number         4  system_ctboard.o(.text.init_FMC_SRAM)
    __arm_cp.4_6                             0x080012f0   Number         4  system_ctboard.o(.text.init_FMC_SRAM)
    __arm_cp.4_7                             0x080012f4   Number         4  system_ctboard.o(.text.init_FMC_SRAM)
    __arm_cp.4_8                             0x080012f8   Number         4  system_ctboard.o(.text.init_FMC_SRAM)
    __arm_cp.4_9                             0x080012fc   Number         4  system_ctboard.o(.text.init_FMC_SRAM)
    init_FPU                                 0x08001301   Thumb Code     2  system_ctboard.o(.text.init_FPU)
    [Anonymous Symbol]                       0x08001300   Section        0  system_ctboard.o(.text.init_FPU)
    init_GPIOA                               0x08001305   Thumb Code    68  main.o(.text.init_GPIOA)
    [Anonymous Symbol]                       0x08001304   Section        0  main.o(.text.init_GPIOA)
    init_GPIOB                               0x08001349   Thumb Code    60  main.o(.text.init_GPIOB)
    [Anonymous Symbol]                       0x08001348   Section        0  main.o(.text.init_GPIOB)
    init_LCD                                 0x08001385   Thumb Code    32  system_ctboard.o(.text.init_LCD)
    [Anonymous Symbol]                       0x08001384   Section        0  system_ctboard.o(.text.init_LCD)
    __arm_cp.5_0                             0x080013a4   Number         4  system_ctboard.o(.text.init_LCD)
    init_SystemClock                         0x080013a9   Thumb Code   196  system_ctboard.o(.text.init_SystemClock)
    [Anonymous Symbol]                       0x080013a8   Section        0  system_ctboard.o(.text.init_SystemClock)
    __arm_cp.2_0                             0x0800146c   Number         4  system_ctboard.o(.text.init_SystemClock)
    __arm_cp.2_1                             0x08001470   Number         4  system_ctboard.o(.text.init_SystemClock)
    __arm_cp.2_2                             0x08001474   Number         4  system_ctboard.o(.text.init_SystemClock)
    __arm_cp.2_3                             0x08001478   Number         4  system_ctboard.o(.text.init_SystemClock)
    __arm_cp.2_4                             0x0800147c   Number         4  system_ctboard.o(.text.init_SystemClock)
    intercept_overwrite_register             0x08001481   Thumb Code    48  hal_gpio.o(.text.intercept_overwrite_register)
    [Anonymous Symbol]                       0x08001480   Section        0  hal_gpio.o(.text.intercept_overwrite_register)
    __arm_cp.2_2                             0x080014b0   Number         4  hal_gpio.o(.text.intercept_overwrite_register)
    [Anonymous Symbol]                       0x080014b4   Section        0  main.o(.text.main)
    __arm_cp.0_0                             0x0800151c   Number         4  main.o(.text.main)
    __arm_cp.0_1                             0x08001520   Number         4  main.o(.text.main)
    __arm_cp.0_2                             0x08001524   Number         4  main.o(.text.main)
    __arm_cp.0_4                             0x08001528   Number         4  main.o(.text.main)
    __arm_cp.0_5                             0x0800152c   Number         4  main.o(.text.main)
    __arm_cp.0_6                             0x08001530   Number         4  main.o(.text.main)
    request_abort_startup                    0x08001535   Thumb Code    76  main.o(.text.request_abort_startup)
    [Anonymous Symbol]                       0x08001534   Section        0  main.o(.text.request_abort_startup)
    __arm_cp.2_0                             0x08001580   Number         4  main.o(.text.request_abort_startup)
    __arm_cp.2_1                             0x08001584   Number         4  main.o(.text.request_abort_startup)
    __arm_cp.2_2                             0x08001588   Number         4  main.o(.text.request_abort_startup)
    __arm_cp.2_3                             0x0800158c   Number         4  main.o(.text.request_abort_startup)
    __arm_cp.2_4                             0x08001590   Number         4  main.o(.text.request_abort_startup)
    __arm_cp.2_5                             0x08001594   Number         4  main.o(.text.request_abort_startup)
    reset_GPIO                               0x08001599   Thumb Code    80  main.o(.text.reset_GPIO)
    [Anonymous Symbol]                       0x08001598   Section        0  main.o(.text.reset_GPIO)
    __arm_cp.1_0                             0x080015e8   Number         4  main.o(.text.reset_GPIO)
    __arm_cp.1_1                             0x080015ec   Number         4  main.o(.text.reset_GPIO)
    __arm_cp.1_2                             0x080015f0   Number         4  main.o(.text.reset_GPIO)
    __arm_cp.1_3                             0x080015f4   Number         4  main.o(.text.reset_GPIO)
    __arm_cp.1_4                             0x080015f8   Number         4  main.o(.text.reset_GPIO)
    __arm_cp.1_5                             0x080015fc   Number         4  main.o(.text.reset_GPIO)
    __arm_cp.1_6                             0x08001600   Number         4  main.o(.text.reset_GPIO)
    __arm_cp.1_7                             0x08001604   Number         4  main.o(.text.reset_GPIO)
    __arm_cp.1_8                             0x08001608   Number         4  main.o(.text.reset_GPIO)
    __arm_cp.1_9                             0x0800160c   Number         4  main.o(.text.reset_GPIO)
    __arm_cp.1_10                            0x08001610   Number         4  main.o(.text.reset_GPIO)
    __arm_cp.1_11                            0x08001614   Number         4  main.o(.text.reset_GPIO)
    __arm_cp.1_12                            0x08001618   Number         4  main.o(.text.reset_GPIO)
    __arm_cp.1_13                            0x0800161c   Number         4  main.o(.text.reset_GPIO)
    [Anonymous Symbol]                       0x08001620   Section        0  system_ctboard.o(.text.system_enter_run)
    [Anonymous Symbol]                       0x08001634   Section        0  main.o(.rodata.str1.1)
    [Anonymous Symbol]                       0x08001695   Section        0  hal_fmc.o(.rodata.str1.1)
    [Anonymous Symbol]                       0x0800172d   Section        0  hal_rcc.o(.rodata.str1.1)
    STACK                                    0x20000000   Section     8192  startup_ctboard.o(STACK)
    __initial_sp                             0x20002000   Data           0  startup_ctboard.o(STACK)

    Global Symbols

    Symbol Name                              Value     Ov Type        Size  Object(Section)

    BuildAttributes$$THM_ISAv3M$S$PE$A:L22$X:L11$S22$IEEE1$IW$~IW$USESV6$~STKCKD$USESV7$~SHL$OSPACE$ROPI$EBA8$UX$STANDARDLIB$REQ8$PRES8$EABIv2 0x00000000   Number         0  anon$$obj.o ABSOLUTE
    __ARM_exceptions_init                     - Undefined Weak Reference
    __alloca_initialize                       - Undefined Weak Reference
    __arm_preinit_                            - Undefined Weak Reference
    __arm_relocate_pie_                       - Undefined Weak Reference
    __cpp_initialize__aeabi_                  - Undefined Weak Reference
    __cxa_finalize                            - Undefined Weak Reference
    __rt_locale                               - Undefined Weak Reference
    __scatterload_null                        - Undefined Reference
    __sigvec_lookup                           - Undefined Weak Reference
    _atexit_init                              - Undefined Weak Reference
    _call_atexit_fns                          - Undefined Weak Reference
    _clock_init                               - Undefined Weak Reference
    _fp_trap_init                             - Undefined Weak Reference
    _fp_trap_shutdown                         - Undefined Weak Reference
    _get_lc_collate                           - Undefined Weak Reference
    _get_lc_ctype                             - Undefined Weak Reference
    _get_lc_monetary                          - Undefined Weak Reference
    _get_lc_numeric                           - Undefined Weak Reference
    _get_lc_time                              - Undefined Weak Reference
    _getenv_init                              - Undefined Weak Reference
    _handle_redirection                       - Undefined Weak Reference
    _init_alloc                               - Undefined Weak Reference
    _init_user_alloc                          - Undefined Weak Reference
    _initio                                   - Undefined Weak Reference
    _rand_init                                - Undefined Weak Reference
    _signal_finish                            - Undefined Weak Reference
    _signal_init                              - Undefined Weak Reference
    _terminate_alloc                          - Undefined Weak Reference
    _terminate_user_alloc                     - Undefined Weak Reference
    _terminateio                              - Undefined Weak Reference
    __Vectors_Size                           0x000001ac   Number         0  startup_ctboard.o ABSOLUTE
    Stack_Size                               0x00002000   Number         0  startup_ctboard.o ABSOLUTE
    __Vectors                                0x08000000   Data           4  startup_ctboard.o(RESET)
    __Vectors_End                            0x080001ac   Data           0  startup_ctboard.o(RESET)
    __scatterload                            0x080001ad   Thumb Code     0  __scatter.o(!!!scatter)
    __scatterload_rt2                        0x080001ad   Thumb Code    74  __scatter.o(!!!scatter)
    __scatterload_rt2_thumb_only             0x080001ad   Thumb Code     0  __scatter.o(!!!scatter)
    __scatterload_loop                       0x080001b7   Thumb Code     0  __scatter.o(!!!scatter)
    __scatterload_zeroinit                   0x08000201   Thumb Code    28  __scatter_zi.o(!!handler_zi)
    __rt_lib_init                            0x0800021d   Thumb Code     0  libinit.o(.ARM.Collect$$libinit$$00000000)
    __rt_lib_init_alloca_1                   0x0800021f   Thumb Code     0  libinit2.o(.ARM.Collect$$libinit$$00000030)
    __rt_lib_init_argv_1                     0x0800021f   Thumb Code     0  libinit2.o(.ARM.Collect$$libinit$$0000002E)
    __rt_lib_init_atexit_1                   0x0800021f   Thumb Code     0  libinit2.o(.ARM.Collect$$libinit$$0000001D)
    __rt_lib_init_clock_1                    0x0800021f   Thumb Code     0  libinit2.o(.ARM.Collect$$libinit$$00000023)
    __rt_lib_init_cpp_1                      0x0800021f   Thumb Code     0  libinit2.o(.ARM.Collect$$libinit$$00000034)
    __rt_lib_init_exceptions_1               0x0800021f   Thumb Code     0  libinit2.o(.ARM.Collect$$libinit$$00000032)
    __rt_lib_init_fp_1                       0x0800021f   Thumb Code     0  libinit2.o(.ARM.Collect$$libinit$$00000002)
    __rt_lib_init_fp_trap_1                  0x0800021f   Thumb Code     0  libinit2.o(.ARM.Collect$$libinit$$00000021)
    __rt_lib_init_getenv_1                   0x0800021f   Thumb Code     0  libinit2.o(.ARM.Collect$$libinit$$00000025)
    __rt_lib_init_heap_1                     0x0800021f   Thumb Code     0  libinit2.o(.ARM.Collect$$libinit$$0000000C)
    __rt_lib_init_lc_collate_1               0x0800021f   Thumb Code     0  libinit2.o(.ARM.Collect$$libinit$$00000013)
    __rt_lib_init_lc_ctype_1                 0x0800021f   Thumb Code     0  libinit2.o(.ARM.Collect$$libinit$$00000015)
    __rt_lib_init_lc_monetary_1              0x0800021f   Thumb Code     0  libinit2.o(.ARM.Collect$$libinit$$00000017)
    __rt_lib_init_lc_numeric_1               0x0800021f   Thumb Code     0  libinit2.o(.ARM.Collect$$libinit$$00000019)
    __rt_lib_init_lc_time_1                  0x0800021f   Thumb Code     0  libinit2.o(.ARM.Collect$$libinit$$0000001B)
    __rt_lib_init_preinit_1                  0x0800021f   Thumb Code     0  libinit2.o(.ARM.Collect$$libinit$$00000006)
    __rt_lib_init_rand_1                     0x0800021f   Thumb Code     0  libinit2.o(.ARM.Collect$$libinit$$00000010)
    __rt_lib_init_relocate_pie_1             0x0800021f   Thumb Code     0  libinit2.o(.ARM.Collect$$libinit$$00000004)
    __rt_lib_init_return                     0x0800021f   Thumb Code     0  libinit2.o(.ARM.Collect$$libinit$$00000035)
    __rt_lib_init_signal_1                   0x0800021f   Thumb Code     0  libinit2.o(.ARM.Collect$$libinit$$0000001F)
    __rt_lib_init_stdio_1                    0x0800021f   Thumb Code     0  libinit2.o(.ARM.Collect$$libinit$$00000027)
    __rt_lib_init_user_alloc_1               0x0800021f   Thumb Code     0  libinit2.o(.ARM.Collect$$libinit$$0000000E)
    __rt_lib_shutdown                        0x08000221   Thumb Code     0  libshutdown.o(.ARM.Collect$$libshutdown$$00000000)
    __rt_lib_shutdown_cpp_1                  0x08000223   Thumb Code     0  libshutdown2.o(.ARM.Collect$$libshutdown$$00000002)
    __rt_lib_shutdown_fp_trap_1              0x08000223   Thumb Code     0  libshutdown2.o(.ARM.Collect$$libshutdown$$00000007)
    __rt_lib_shutdown_heap_1                 0x08000223   Thumb Code     0  libshutdown2.o(.ARM.Collect$$libshutdown$$0000000F)
    __rt_lib_shutdown_return                 0x08000223   Thumb Code     0  libshutdown2.o(.ARM.Collect$$libshutdown$$00000010)
    __rt_lib_shutdown_signal_1               0x08000223   Thumb Code     0  libshutdown2.o(.ARM.Collect$$libshutdown$$0000000A)
    __rt_lib_shutdown_stdio_1                0x08000223   Thumb Code     0  libshutdown2.o(.ARM.Collect$$libshutdown$$00000004)
    __rt_lib_shutdown_user_alloc_1           0x08000223   Thumb Code     0  libshutdown2.o(.ARM.Collect$$libshutdown$$0000000C)
    __rt_entry                               0x08000225   Thumb Code     0  __rtentry.o(.ARM.Collect$$rtentry$$00000000)
    __rt_entry_presh_1                       0x08000225   Thumb Code     0  __rtentry2.o(.ARM.Collect$$rtentry$$00000002)
    __rt_entry_sh                            0x08000225   Thumb Code     0  __rtentry4.o(.ARM.Collect$$rtentry$$00000004)
    __rt_entry_li                            0x0800022b   Thumb Code     0  __rtentry2.o(.ARM.Collect$$rtentry$$0000000A)
    __rt_entry_postsh_1                      0x0800022b   Thumb Code     0  __rtentry2.o(.ARM.Collect$$rtentry$$00000009)
    __rt_entry_main                          0x0800022f   Thumb Code     0  __rtentry2.o(.ARM.Collect$$rtentry$$0000000D)
    __rt_entry_postli_1                      0x0800022f   Thumb Code     0  __rtentry2.o(.ARM.Collect$$rtentry$$0000000C)
    __rt_exit                                0x08000237   Thumb Code     0  rtexit.o(.ARM.Collect$$rtexit$$00000000)
    __rt_exit_ls                             0x08000239   Thumb Code     0  rtexit2.o(.ARM.Collect$$rtexit$$00000003)
    __rt_exit_prels_1                        0x08000239   Thumb Code     0  rtexit2.o(.ARM.Collect$$rtexit$$00000002)
    __rt_exit_exit                           0x0800023d   Thumb Code     0  rtexit2.o(.ARM.Collect$$rtexit$$00000004)
    __main                                   0x08000245   Thumb Code     8  datainit_ctboard.o(.text)
    __user_setup_stackheap                   0x0800024d   Thumb Code    16  datainit_ctboard.o(.text)
    Reset_Handler                            0x0800026d   Thumb Code     8  startup_ctboard.o(.text)
    NMI_Handler                              0x08000275   Thumb Code     2  startup_ctboard.o(.text)
    HardFault_Handler                        0x08000277   Thumb Code     2  startup_ctboard.o(.text)
    MemManage_Handler                        0x08000279   Thumb Code     2  startup_ctboard.o(.text)
    BusFault_Handler                         0x0800027b   Thumb Code     2  startup_ctboard.o(.text)
    UsageFault_Handler                       0x0800027d   Thumb Code     2  startup_ctboard.o(.text)
    SVC_Handler                              0x0800027f   Thumb Code     2  startup_ctboard.o(.text)
    DebugMon_Handler                         0x08000281   Thumb Code     2  startup_ctboard.o(.text)
    PendSV_Handler                           0x08000283   Thumb Code     2  startup_ctboard.o(.text)
    SysTick_Handler                          0x08000285   Thumb Code     2  startup_ctboard.o(.text)
    ADC_IRQHandler                           0x08000287   Thumb Code     0  startup_ctboard.o(.text)
    CAN1_RX0_IRQHandler                      0x08000287   Thumb Code     0  startup_ctboard.o(.text)
    CAN1_RX1_IRQHandler                      0x08000287   Thumb Code     0  startup_ctboard.o(.text)
    CAN1_SCE_IRQHandler                      0x08000287   Thumb Code     0  startup_ctboard.o(.text)
    CAN1_TX_IRQHandler                       0x08000287   Thumb Code     0  startup_ctboard.o(.text)
    CAN2_RX0_IRQHandler                      0x08000287   Thumb Code     0  startup_ctboard.o(.text)
    CAN2_RX1_IRQHandler                      0x08000287   Thumb Code     0  startup_ctboard.o(.text)
    CAN2_SCE_IRQHandler                      0x08000287   Thumb Code     0  startup_ctboard.o(.text)
    CAN2_TX_IRQHandler                       0x08000287   Thumb Code     0  startup_ctboard.o(.text)
    CRYP_IRQHandler                          0x08000287   Thumb Code     0  startup_ctboard.o(.text)
    DCMI_IRQHandler                          0x08000287   Thumb Code     0  startup_ctboard.o(.text)
    DMA1_Stream0_IRQHandler                  0x08000287   Thumb Code     0  startup_ctboard.o(.text)
    DMA1_Stream1_IRQHandler                  0x08000287   Thumb Code     0  startup_ctboard.o(.text)
    DMA1_Stream2_IRQHandler                  0x08000287   Thumb Code     0  startup_ctboard.o(.text)
    DMA1_Stream3_IRQHandler                  0x08000287   Thumb Code     0  startup_ctboard.o(.text)
    DMA1_Stream4_IRQHandler                  0x08000287   Thumb Code     0  startup_ctboard.o(.text)
    DMA1_Stream5_IRQHandler                  0x08000287   Thumb Code     0  startup_ctboard.o(.text)
    DMA1_Stream6_IRQHandler                  0x08000287   Thumb Code     0  startup_ctboard.o(.text)
    DMA1_Stream7_IRQHandler                  0x08000287   Thumb Code     0  startup_ctboard.o(.text)
    DMA2D_IRQHandler                         0x08000287   Thumb Code     0  startup_ctboard.o(.text)
    DMA2_Stream0_IRQHandler                  0x08000287   Thumb Code     0  startup_ctboard.o(.text)
    DMA2_Stream1_IRQHandler                  0x08000287   Thumb Code     0  startup_ctboard.o(.text)
    DMA2_Stream2_IRQHandler                  0x08000287   Thumb Code     0  startup_ctboard.o(.text)
    DMA2_Stream3_IRQHandler                  0x08000287   Thumb Code     0  startup_ctboard.o(.text)
    DMA2_Stream4_IRQHandler                  0x08000287   Thumb Code     0  startup_ctboard.o(.text)
    DMA2_Stream5_IRQHandler                  0x08000287   Thumb Code     0  startup_ctboard.o(.text)
    DMA2_Stream6_IRQHandler                  0x08000287   Thumb Code     0  startup_ctboard.o(.text)
    DMA2_Stream7_IRQHandler                  0x08000287   Thumb Code     0  startup_ctboard.o(.text)
    ETH_IRQHandler                           0x08000287   Thumb Code     0  startup_ctboard.o(.text)
    ETH_WKUP_IRQHandler                      0x08000287   Thumb Code     0  startup_ctboard.o(.text)
    EXTI0_IRQHandler                         0x08000287   Thumb Code     0  startup_ctboard.o(.text)
    EXTI15_10_IRQHandler                     0x08000287   Thumb Code     0  startup_ctboard.o(.text)
    EXTI1_IRQHandler                         0x08000287   Thumb Code     0  startup_ctboard.o(.text)
    EXTI2_IRQHandler                         0x08000287   Thumb Code     0  startup_ctboard.o(.text)
    EXTI3_IRQHandler                         0x08000287   Thumb Code     0  startup_ctboard.o(.text)
    EXTI4_IRQHandler                         0x08000287   Thumb Code     0  startup_ctboard.o(.text)
    EXTI9_5_IRQHandler                       0x08000287   Thumb Code     0  startup_ctboard.o(.text)
    FLASH_IRQHandler                         0x08000287   Thumb Code     0  startup_ctboard.o(.text)
    FMC_IRQHandler                           0x08000287   Thumb Code     0  startup_ctboard.o(.text)
    FPU_IRQHandler                           0x08000287   Thumb Code     0  startup_ctboard.o(.text)
    HASH_RNG_IRQHandler                      0x08000287   Thumb Code     0  startup_ctboard.o(.text)
    I2C1_ER_IRQHandler                       0x08000287   Thumb Code     0  startup_ctboard.o(.text)
    I2C1_EV_IRQHandler                       0x08000287   Thumb Code     0  startup_ctboard.o(.text)
    I2C2_ER_IRQHandler                       0x08000287   Thumb Code     0  startup_ctboard.o(.text)
    I2C2_EV_IRQHandler                       0x08000287   Thumb Code     0  startup_ctboard.o(.text)
    I2C3_ER_IRQHandler                       0x08000287   Thumb Code     0  startup_ctboard.o(.text)
    I2C3_EV_IRQHandler                       0x08000287   Thumb Code     0  startup_ctboard.o(.text)
    LTDC_ER_IRQHandler                       0x08000287   Thumb Code     0  startup_ctboard.o(.text)
    LTDC_IRQHandler                          0x08000287   Thumb Code     0  startup_ctboard.o(.text)
    OTG_FS_IRQHandler                        0x08000287   Thumb Code     0  startup_ctboard.o(.text)
    OTG_FS_WKUP_IRQHandler                   0x08000287   Thumb Code     0  startup_ctboard.o(.text)
    OTG_HS_EP1_IN_IRQHandler                 0x08000287   Thumb Code     0  startup_ctboard.o(.text)
    OTG_HS_EP1_OUT_IRQHandler                0x08000287   Thumb Code     0  startup_ctboard.o(.text)
    OTG_HS_IRQHandler                        0x08000287   Thumb Code     0  startup_ctboard.o(.text)
    OTG_HS_WKUP_IRQHandler                   0x08000287   Thumb Code     0  startup_ctboard.o(.text)
    PVD_IRQHandler                           0x08000287   Thumb Code     0  startup_ctboard.o(.text)
    RCC_IRQHandler                           0x08000287   Thumb Code     0  startup_ctboard.o(.text)
    RTC_Alarm_IRQHandler                     0x08000287   Thumb Code     0  startup_ctboard.o(.text)
    RTC_WKUP_IRQHandler                      0x08000287   Thumb Code     0  startup_ctboard.o(.text)
    SAI1_IRQHandler                          0x08000287   Thumb Code     0  startup_ctboard.o(.text)
    SDIO_IRQHandler                          0x08000287   Thumb Code     0  startup_ctboard.o(.text)
    SPI1_IRQHandler                          0x08000287   Thumb Code     0  startup_ctboard.o(.text)
    SPI2_IRQHandler                          0x08000287   Thumb Code     0  startup_ctboard.o(.text)
    SPI3_IRQHandler                          0x08000287   Thumb Code     0  startup_ctboard.o(.text)
    SPI4_IRQHandler                          0x08000287   Thumb Code     0  startup_ctboard.o(.text)
    SPI5_IRQHandler                          0x08000287   Thumb Code     0  startup_ctboard.o(.text)
    SPI6_IRQHandler                          0x08000287   Thumb Code     0  startup_ctboard.o(.text)
    TAMP_STAMP_IRQHandler                    0x08000287   Thumb Code     0  startup_ctboard.o(.text)
    TIM1_BRK_TIM9_IRQHandler                 0x08000287   Thumb Code     0  startup_ctboard.o(.text)
    TIM1_CC_IRQHandler                       0x08000287   Thumb Code     0  startup_ctboard.o(.text)
    TIM1_TRG_COM_TIM11_IRQHandler            0x08000287   Thumb Code     0  startup_ctboard.o(.text)
    TIM1_UP_TIM10_IRQHandler                 0x08000287   Thumb Code     0  startup_ctboard.o(.text)
    TIM2_IRQHandler                          0x08000287   Thumb Code     0  startup_ctboard.o(.text)
    TIM3_IRQHandler                          0x08000287   Thumb Code     0  startup_ctboard.o(.text)
    TIM4_IRQHandler                          0x08000287   Thumb Code     0  startup_ctboard.o(.text)
    TIM5_IRQHandler                          0x08000287   Thumb Code     0  startup_ctboard.o(.text)
    TIM6_DAC_IRQHandler                      0x08000287   Thumb Code     0  startup_ctboard.o(.text)
    TIM7_IRQHandler                          0x08000287   Thumb Code     0  startup_ctboard.o(.text)
    TIM8_BRK_TIM12_IRQHandler                0x08000287   Thumb Code     0  startup_ctboard.o(.text)
    TIM8_CC_IRQHandler                       0x08000287   Thumb Code     0  startup_ctboard.o(.text)
    TIM8_TRG_COM_TIM14_IRQHandler            0x08000287   Thumb Code     0  startup_ctboard.o(.text)
    TIM8_UP_TIM13_IRQHandler                 0x08000287   Thumb Code     0  startup_ctboard.o(.text)
    UART4_IRQHandler                         0x08000287   Thumb Code     0  startup_ctboard.o(.text)
    UART5_IRQHandler                         0x08000287   Thumb Code     0  startup_ctboard.o(.text)
    UART7_IRQHandler                         0x08000287   Thumb Code     0  startup_ctboard.o(.text)
    UART8_IRQHandler                         0x08000287   Thumb Code     0  startup_ctboard.o(.text)
    USART1_IRQHandler                        0x08000287   Thumb Code     0  startup_ctboard.o(.text)
    USART2_IRQHandler                        0x08000287   Thumb Code     0  startup_ctboard.o(.text)
    USART3_IRQHandler                        0x08000287   Thumb Code     0  startup_ctboard.o(.text)
    USART6_IRQHandler                        0x08000287   Thumb Code     0  startup_ctboard.o(.text)
    WWDG_IRQHandler                          0x08000287   Thumb Code     0  startup_ctboard.o(.text)
    __use_no_semihosting                     0x08000291   Thumb Code     2  use_no_semi_2.o(.text)
    __aeabi_assert                           0x08000295   Thumb Code    82  assert.o(.text)
    __assert                                 0x08000295   Thumb Code     0  assert.o(.text)
    strcpy                                   0x08000311   Thumb Code    70  strcpy.o(.text)
    __aeabi_uidiv                            0x0800035d   Thumb Code     0  aeabi_sdiv.o(.text)
    __aeabi_uidivmod                         0x0800035d   Thumb Code    20  aeabi_sdiv.o(.text)
    __aeabi_idiv                             0x08000371   Thumb Code     0  aeabi_sdiv.o(.text)
    __aeabi_idivmod                          0x08000371   Thumb Code   338  aeabi_sdiv.o(.text)
    __semihosting$guard                      0x080004c9   Thumb Code     0  use_no_semi.o(.text)
    __use_no_semihosting_swi                 0x080004c9   Thumb Code     2  use_no_semi.o(.text)
    abort                                    0x080004cb   Thumb Code    20  abort.o(.text)
    __assert_puts                            0x080004df   Thumb Code    20  assert_puts.o(.text)
    __rt_SIGABRT                             0x080004f3   Thumb Code    12  defsig_abrt_outer.o(.text)
    exit                                     0x080004ff   Thumb Code    16  exit.o(.text)
    __sig_exit                               0x0800050f   Thumb Code    12  defsig_exit.o(.text)
    __rt_SIGABRT_inner                       0x0800051d   Thumb Code    14  defsig_abrt_inner.o(.text)
    __default_signal_display                 0x0800054d   Thumb Code    52  defsig_general.o(.text)
    __system                                 0x08000581   Thumb Code     8  system_ctboard.o(.text.__system)
    _sys_exit                                0x08000589   Thumb Code     8  system_ctboard.o(.text._sys_exit)
    _ttywrch                                 0x08000591   Thumb Code     8  system_ctboard.o(.text._ttywrch)
    hal_fmc_init_sram                        0x08000681   Thumb Code   676  hal_fmc.o(.text.hal_fmc_init_sram)
    hal_gpio_init_alternate                  0x08000949   Thumb Code   194  hal_gpio.o(.text.hal_gpio_init_alternate)
    hal_gpio_init_output                     0x08000a0b   Thumb Code   208  hal_gpio.o(.text.hal_gpio_init_output)
    hal_pwr_set_overdrive                    0x08000adb   Thumb Code    14  hal_pwr.o(.text.hal_pwr_set_overdrive)
    hal_rcc_reset                            0x08000ae9   Thumb Code   148  hal_rcc.o(.text.hal_rcc_reset)
    hal_rcc_set_osc                          0x08000bf1   Thumb Code   268  hal_rcc.o(.text.hal_rcc_set_osc)
    hal_rcc_setup_clock                      0x08000d09   Thumb Code   404  hal_rcc.o(.text.hal_rcc_setup_clock)
    hal_rcc_setup_pll                        0x08000ea9   Thumb Code   580  hal_rcc.o(.text.hal_rcc_setup_pll)
    main                                     0x080014b5   Thumb Code   104  main.o(.text.main)
    system_enter_run                         0x08001621   Thumb Code    20  system_ctboard.o(.text.system_enter_run)
    Region$$Table$$Base                      0x080018a0   Number         0  anon$$obj.o(Region$$Table)
    Region$$Table$$Limit                     0x080018b0   Number         0  anon$$obj.o(Region$$Table)
    Stack_Mem                                0x20000000   Data        8192  startup_ctboard.o(STACK)



==============================================================================

Memory Map of the image

  Image Entry point : 0x0800026d

  Load Region LR_IROM1 (Base: 0x08000000, Size: 0x000018b0, Max: 0x00200000, ABSOLUTE)

    Execution Region ER_IROM1 (Exec base: 0x08000000, Load base: 0x08000000, Size: 0x000018b0, Max: 0x00200000, ABSOLUTE)

    Exec Addr    Load Addr    Size         Type   Attr      Idx    E Section Name        Object

    0x08000000   0x08000000   0x000001ac   Data   RO           30    RESET               startup_ctboard.o
    0x080001ac   0x080001ac   0x00000054   Code   RO          221    !!!scatter          c_p.l(__scatter.o)
    0x08000200   0x08000200   0x0000001c   Code   RO          388    !!handler_zi        c_p.l(__scatter_zi.o)
    0x0800021c   0x0800021c   0x00000002   Code   RO          274    .ARM.Collect$$libinit$$00000000  c_p.l(libinit.o)
    0x0800021e   0x0800021e   0x00000000   Code   RO          284    .ARM.Collect$$libinit$$00000002  c_p.l(libinit2.o)
    0x0800021e   0x0800021e   0x00000000   Code   RO          286    .ARM.Collect$$libinit$$00000004  c_p.l(libinit2.o)
    0x0800021e   0x0800021e   0x00000000   Code   RO          288    .ARM.Collect$$libinit$$00000006  c_p.l(libinit2.o)
    0x0800021e   0x0800021e   0x00000000   Code   RO          291    .ARM.Collect$$libinit$$0000000C  c_p.l(libinit2.o)
    0x0800021e   0x0800021e   0x00000000   Code   RO          293    .ARM.Collect$$libinit$$0000000E  c_p.l(libinit2.o)
    0x0800021e   0x0800021e   0x00000000   Code   RO          295    .ARM.Collect$$libinit$$00000010  c_p.l(libinit2.o)
    0x0800021e   0x0800021e   0x00000000   Code   RO          298    .ARM.Collect$$libinit$$00000013  c_p.l(libinit2.o)
    0x0800021e   0x0800021e   0x00000000   Code   RO          300    .ARM.Collect$$libinit$$00000015  c_p.l(libinit2.o)
    0x0800021e   0x0800021e   0x00000000   Code   RO          302    .ARM.Collect$$libinit$$00000017  c_p.l(libinit2.o)
    0x0800021e   0x0800021e   0x00000000   Code   RO          304    .ARM.Collect$$libinit$$00000019  c_p.l(libinit2.o)
    0x0800021e   0x0800021e   0x00000000   Code   RO          306    .ARM.Collect$$libinit$$0000001B  c_p.l(libinit2.o)
    0x0800021e   0x0800021e   0x00000000   Code   RO          308    .ARM.Collect$$libinit$$0000001D  c_p.l(libinit2.o)
    0x0800021e   0x0800021e   0x00000000   Code   RO          310    .ARM.Collect$$libinit$$0000001F  c_p.l(libinit2.o)
    0x0800021e   0x0800021e   0x00000000   Code   RO          312    .ARM.Collect$$libinit$$00000021  c_p.l(libinit2.o)
    0x0800021e   0x0800021e   0x00000000   Code   RO          314    .ARM.Collect$$libinit$$00000023  c_p.l(libinit2.o)
    0x0800021e   0x0800021e   0x00000000   Code   RO          316    .ARM.Collect$$libinit$$00000025  c_p.l(libinit2.o)
    0x0800021e   0x0800021e   0x00000000   Code   RO          318    .ARM.Collect$$libinit$$00000027  c_p.l(libinit2.o)
    0x0800021e   0x0800021e   0x00000000   Code   RO          322    .ARM.Collect$$libinit$$0000002E  c_p.l(libinit2.o)
    0x0800021e   0x0800021e   0x00000000   Code   RO          324    .ARM.Collect$$libinit$$00000030  c_p.l(libinit2.o)
    0x0800021e   0x0800021e   0x00000000   Code   RO          326    .ARM.Collect$$libinit$$00000032  c_p.l(libinit2.o)
    0x0800021e   0x0800021e   0x00000000   Code   RO          328    .ARM.Collect$$libinit$$00000034  c_p.l(libinit2.o)
    0x0800021e   0x0800021e   0x00000002   Code   RO          329    .ARM.Collect$$libinit$$00000035  c_p.l(libinit2.o)
    0x08000220   0x08000220   0x00000002   Code   RO          363    .ARM.Collect$$libshutdown$$00000000  c_p.l(libshutdown.o)
    0x08000222   0x08000222   0x00000000   Code   RO          371    .ARM.Collect$$libshutdown$$00000002  c_p.l(libshutdown2.o)
    0x08000222   0x08000222   0x00000000   Code   RO          373    .ARM.Collect$$libshutdown$$00000004  c_p.l(libshutdown2.o)
    0x08000222   0x08000222   0x00000000   Code   RO          376    .ARM.Collect$$libshutdown$$00000007  c_p.l(libshutdown2.o)
    0x08000222   0x08000222   0x00000000   Code   RO          379    .ARM.Collect$$libshutdown$$0000000A  c_p.l(libshutdown2.o)
    0x08000222   0x08000222   0x00000000   Code   RO          381    .ARM.Collect$$libshutdown$$0000000C  c_p.l(libshutdown2.o)
    0x08000222   0x08000222   0x00000000   Code   RO          384    .ARM.Collect$$libshutdown$$0000000F  c_p.l(libshutdown2.o)
    0x08000222   0x08000222   0x00000002   Code   RO          385    .ARM.Collect$$libshutdown$$00000010  c_p.l(libshutdown2.o)
    0x08000224   0x08000224   0x00000000   Code   RO          227    .ARM.Collect$$rtentry$$00000000  c_p.l(__rtentry.o)
    0x08000224   0x08000224   0x00000000   Code   RO          237    .ARM.Collect$$rtentry$$00000002  c_p.l(__rtentry2.o)
    0x08000224   0x08000224   0x00000006   Code   RO          249    .ARM.Collect$$rtentry$$00000004  c_p.l(__rtentry4.o)
    0x0800022a   0x0800022a   0x00000000   Code   RO          239    .ARM.Collect$$rtentry$$00000009  c_p.l(__rtentry2.o)
    0x0800022a   0x0800022a   0x00000004   Code   RO          240    .ARM.Collect$$rtentry$$0000000A  c_p.l(__rtentry2.o)
    0x0800022e   0x0800022e   0x00000000   Code   RO          242    .ARM.Collect$$rtentry$$0000000C  c_p.l(__rtentry2.o)
    0x0800022e   0x0800022e   0x00000008   Code   RO          243    .ARM.Collect$$rtentry$$0000000D  c_p.l(__rtentry2.o)
    0x08000236   0x08000236   0x00000002   Code   RO          275    .ARM.Collect$$rtexit$$00000000  c_p.l(rtexit.o)
    0x08000238   0x08000238   0x00000000   Code   RO          331    .ARM.Collect$$rtexit$$00000002  c_p.l(rtexit2.o)
    0x08000238   0x08000238   0x00000004   Code   RO          332    .ARM.Collect$$rtexit$$00000003  c_p.l(rtexit2.o)
    0x0800023c   0x0800023c   0x00000006   Code   RO          333    .ARM.Collect$$rtexit$$00000004  c_p.l(rtexit2.o)
    0x08000242   0x08000242   0x00000002   PAD
    0x08000244   0x08000244   0x00000028   Code   RO           22    .text               datainit_ctboard.o
    0x0800026c   0x0800026c   0x00000024   Code   RO           31  * .text               startup_ctboard.o
    0x08000290   0x08000290   0x00000002   Code   RO          211    .text               c_p.l(use_no_semi_2.o)
    0x08000292   0x08000292   0x00000002   PAD
    0x08000294   0x08000294   0x0000007c   Code   RO          213    .text               c_p.l(assert.o)
    0x08000310   0x08000310   0x0000004c   Code   RO          215    .text               c_p.l(strcpy.o)
    0x0800035c   0x0800035c   0x0000016c   Code   RO          217    .text               c_p.l(aeabi_sdiv.o)
    0x080004c8   0x080004c8   0x00000002   Code   RO          225    .text               c_p.l(use_no_semi.o)
    0x080004ca   0x080004ca   0x00000014   Code   RO          232    .text               c_p.l(abort.o)
    0x080004de   0x080004de   0x00000014   Code   RO          234    .text               c_p.l(assert_puts.o)
    0x080004f2   0x080004f2   0x0000000c   Code   RO          253    .text               c_p.l(defsig_abrt_outer.o)
    0x080004fe   0x080004fe   0x00000010   Code   RO          259    .text               c_p.l(exit.o)
    0x0800050e   0x0800050e   0x0000000c   Code   RO          261    .text               c_p.l(defsig_exit.o)
    0x0800051a   0x0800051a   0x00000002   PAD
    0x0800051c   0x0800051c   0x00000030   Code   RO          263    .text               c_p.l(defsig_abrt_inner.o)
    0x0800054c   0x0800054c   0x00000034   Code   RO          279    .text               c_p.l(defsig_general.o)
    0x08000580   0x08000580   0x00000008   Code   RO           36    .text.__system      system_ctboard.o
    0x08000588   0x08000588   0x00000008   Code   RO           58    .text._sys_exit     system_ctboard.o
    0x08000590   0x08000590   0x00000008   Code   RO           56    .text._ttywrch      system_ctboard.o
    0x08000598   0x08000598   0x0000004c   Code   RO           10    .text.config_check_GPIOA  main.o
    0x080005e4   0x080005e4   0x0000009c   Code   RO           85    .text.create_pattern_mask  hal_gpio.o
    0x08000680   0x08000680   0x000002c8   Code   RO           69    .text.hal_fmc_init_sram  hal_fmc.o
    0x08000948   0x08000948   0x000000c2   Code   RO           91    .text.hal_gpio_init_alternate  hal_gpio.o
    0x08000a0a   0x08000a0a   0x000000d0   Code   RO           89    .text.hal_gpio_init_output  hal_gpio.o
    0x08000ada   0x08000ada   0x0000000e   Code   RO          130    .text.hal_pwr_set_overdrive  hal_pwr.o
    0x08000ae8   0x08000ae8   0x00000108   Code   RO          141    .text.hal_rcc_reset  hal_rcc.o
    0x08000bf0   0x08000bf0   0x00000118   Code   RO          145    .text.hal_rcc_set_osc  hal_rcc.o
    0x08000d08   0x08000d08   0x000001a0   Code   RO          149    .text.hal_rcc_setup_clock  hal_rcc.o
    0x08000ea8   0x08000ea8   0x00000264   Code   RO          147    .text.hal_rcc_setup_pll  hal_rcc.o
    0x0800110c   0x0800110c   0x000001f4   Code   RO           44    .text.init_FMC_SRAM  system_ctboard.o
    0x08001300   0x08001300   0x00000002   Code   RO           42    .text.init_FPU      system_ctboard.o
    0x08001302   0x08001302   0x00000002   PAD
    0x08001304   0x08001304   0x00000044   Code   RO            8    .text.init_GPIOA    main.o
    0x08001348   0x08001348   0x0000003c   Code   RO           12    .text.init_GPIOB    main.o
    0x08001384   0x08001384   0x00000024   Code   RO           46    .text.init_LCD      system_ctboard.o
    0x080013a8   0x080013a8   0x000000d8   Code   RO           40    .text.init_SystemClock  system_ctboard.o
    0x08001480   0x08001480   0x00000034   Code   RO           83    .text.intercept_overwrite_register  hal_gpio.o
    0x080014b4   0x080014b4   0x00000080   Code   RO            2    .text.main          main.o
    0x08001534   0x08001534   0x00000064   Code   RO            6    .text.request_abort_startup  main.o
    0x08001598   0x08001598   0x00000088   Code   RO            4    .text.reset_GPIO    main.o
    0x08001620   0x08001620   0x00000014   Code   RO           38    .text.system_enter_run  system_ctboard.o
    0x08001634   0x08001634   0x00000061   Data   RO           14    .rodata.str1.1      main.o
    0x08001695   0x08001695   0x00000098   Data   RO           71    .rodata.str1.1      hal_fmc.o
    0x0800172d   0x0800172d   0x00000170   Data   RO          151    .rodata.str1.1      hal_rcc.o
    0x0800189d   0x0800189d   0x00000003   PAD
    0x080018a0   0x080018a0   0x00000010   Data   RO          387    Region$$Table       anon$$obj.o


    Execution Region RW_IRAM2 (Exec base: 0x10000000, Load base: 0x080018b0, Size: 0x00000000, Max: 0x00010000, ABSOLUTE)

    **** No section assigned to this execution region ****


    Execution Region RW_IRAM1 (Exec base: 0x20000000, Load base: 0x080018b0, Size: 0x00002000, Max: 0x00030000, ABSOLUTE)

    Exec Addr    Load Addr    Size         Type   Attr      Idx    E Section Name        Object

    0x20000000        -       0x00002000   Zero   RW           28    STACK               startup_ctboard.o


==============================================================================

Image component sizes


      Code (inc. data)   RO Data    RW Data    ZI Data      Debug   Object Name

        40         16          0          0          0        468   datainit_ctboard.o
       712         52        152          0          0       3438   hal_fmc.o
       610          4          0          0          0       8774   hal_gpio.o
        14          0          0          0          0       2074   hal_pwr.o
      1572        404        368          0          0       5237   hal_rcc.o
       568        132         97          0          0       4078   main.o
        36          8        428          0       8192        812   startup_ctboard.o
       798         64          0          0          0       7079   system_ctboard.o

    ----------------------------------------------------------------------
      4352        680       1064          0       8192      31960   Object Totals
         0          0         16          0          0          0   (incl. Generated)
         2          0          3          0          0          0   (incl. Padding)

    ----------------------------------------------------------------------

      Code (inc. data)   RO Data    RW Data    ZI Data      Debug   Library Member Name

         0          0          0          0          0          0   __rtentry.o
        12          0          0          0          0          0   __rtentry2.o
         6          0          0          0          0          0   __rtentry4.o
        84         10          0          0          0         68   __scatter.o
        28          0          0          0          0          0   __scatter_zi.o
        20          0          0          0          0         68   abort.o
       364          4          0          0          0         92   aeabi_sdiv.o
       124         42          0          0          0         68   assert.o
        20          0          0          0          0         68   assert_puts.o
        48         34          0          0          0         68   defsig_abrt_inner.o
        12          0          0          0          0         68   defsig_abrt_outer.o
        12          0          0          0          0         68   defsig_exit.o
        52          0          0          0          0         72   defsig_general.o
        16          0          0          0          0         68   exit.o
         2          0          0          0          0          0   libinit.o
         2          0          0          0          0          0   libinit2.o
         2          0          0          0          0          0   libshutdown.o
         2          0          0          0          0          0   libshutdown2.o
         2          0          0          0          0          0   rtexit.o
        10          0          0          0          0          0   rtexit2.o
        76          6          0          0          0         72   strcpy.o
         2          0          0          0          0         68   use_no_semi.o
         2          0          0          0          0         68   use_no_semi_2.o

    ----------------------------------------------------------------------
       904         96          0          0          0        916   Library Totals
         6          0          0          0          0          0   (incl. Padding)

    ----------------------------------------------------------------------

      Code (inc. data)   RO Data    RW Data    ZI Data      Debug   Library Name

       898         96          0          0          0        916   c_p.l

    ----------------------------------------------------------------------
       904         96          0          0          0        916   Library Totals

    ----------------------------------------------------------------------

==============================================================================


      Code (inc. data)   RO Data    RW Data    ZI Data      Debug   

      5256        776       1064          0       8192      32232   Grand Totals
      5256        776       1064          0       8192      32232   ELF Image Totals
      5256        776       1064          0          0          0   ROM Totals

==============================================================================

    Total RO  Size (Code + RO Data)                 6320 (   6.17kB)
    Total RW  Size (RW Data + ZI Data)              8192 (   8.00kB)
    Total ROM Size (Code + RO Data + RW Data)       6320 (   6.17kB)

==============================================================================

