<html>
<body>
<pre>
<h1>µVision Build Log</h1>
<h2>Tool Versions:</h2>
IDE-Version: µVision V5.41.0.0
Copyright (C) 2024 ARM Ltd and ARM Germany GmbH. All rights reserved.
License Information: Micha Mettler, Zurich University of Applied Science, LIC=----
 
Tool Versions:
Toolchain:       MDK-Lite  Version: 5.41.0.0
Toolchain Path:  C:\Users\mettl\AppData\Local\Keil_v5\ARM\ARMCLANG\Bin
C Compiler:      ArmClang.exe V6.22
Assembler:       Armasm.exe V6.22
Linker/Locator:  ArmLink.exe V6.22
Library Manager: ArmAr.exe V6.22
Hex Converter:   FromElf.exe V6.22
CPU DLL:         SARMCM3.DLL V5.41.0.0
Dialog DLL:      DARMCM1.DLL V1.19.6.0
Target DLL:      STLink\ST-LINKIII-KEIL_SWO.dll V3.3.0.0
Dialog DLL:      TARMCM1.DLL V1.14.6.0
 
<h2>Project:</h2>
C:\Workarea\Projects\zhaw\zhaw-ct\CT2\Lab01_Dice\project\dice.uvprojx
Project File Date:  03/01/2025

<h2>Output:</h2>
*** Using Compiler 'V6.22', folder: 'C:\Users\mettl\AppData\Local\Keil_v5\ARM\ARMCLANG\Bin'
Rebuild target 'Target 1'
compiling main.c...
compiling statistics.c...
app/lcd.c(39): warning: passing 'volatile uint8_t *' (aka 'volatile unsigned char *') to parameter of type 'char *' discards qualifiers [-Wincompatible-pointer-types-discards-qualifiers]
   39 |   snprintf(&CT_LCD->ASCII[index], 3, "%2d", value);
      |            ^~~~~~~~~~~~~~~~~~~~~
C:\Users\mettl\AppData\Local\Keil_v5\ARM\ARMCLANG\bin\..\include\stdio.h(440): note: passing argument to parameter here
  440 | extern _ARMABI int snprintf(char * __restrict /*s*/, size_t /*n*/,
      |                                                    ^
app/lcd.c(43): warning: passing 'volatile uint8_t *' (aka 'volatile unsigned char *') to parameter of type 'char *' discards qualifiers [-Wincompatible-pointer-types-discards-qualifiers]
   43 |   snprintf(&CT_LCD->ASCII[LCD_ADDR_LINE2], NR_OF_CHAR_PER_LINE,
      |            ^~~~~~~~~~~~~~~~~~~~~~~~~~~~~~
C:\Users\mettl\AppData\Local\Keil_v5\ARM\ARMCLANG\bin\..\include\stdio.h(440): note: passing argument to parameter here
  440 | extern _ARMABI int snprintf(char * __restrict /*s*/, size_t /*n*/,
      |                                                    ^
app/lcd.c(52): warning: passing 'volatile uint8_t *' (aka 'volatile unsigned char *') to parameter of type 'char *' discards qualifiers [-Wincompatible-pointer-types-discards-qualifiers]
   52 |   snprintf(&CT_LCD->ASCII[LCD_ADDR_LINE1], NR_OF_CHAR_PER_LINE, LCD_CLEAR);
      |            ^~~~~~~~~~~~~~~~~~~~~~~~~~~~~~
C:\Users\mettl\AppData\Local\Keil_v5\ARM\ARMCLANG\bin\..\include\stdio.h(440): note: passing argument to parameter here
  440 | extern _ARMABI int snprintf(char * __restrict /*s*/, size_t /*n*/,
      |                                                    ^
app/lcd.c(53): warning: passing 'volatile uint8_t *' (aka 'volatile unsigned char *') to parameter of type 'char *' discards qualifiers [-Wincompatible-pointer-types-discards-qualifiers]
   53 |   snprintf(&CT_LCD->ASCII[LCD_ADDR_LINE2], NR_OF_CHAR_PER_LINE, LCD_CLEAR);
      |            ^~~~~~~~~~~~~~~~~~~~~~~~~~~~~~
C:\Users\mettl\AppData\Local\Keil_v5\ARM\ARMCLANG\bin\..\include\stdio.h(440): note: passing argument to parameter here
  440 | extern _ARMABI int snprintf(char * __restrict /*s*/, size_t /*n*/,
      |                                                    ^
app/lcd.c(52): warning: 'snprintf' will always be truncated; specified size is 20, but format string expands to at least 21 [-Wformat-truncation]
   52 |   snprintf(&CT_LCD->ASCII[LCD_ADDR_LINE1], NR_OF_CHAR_PER_LINE, LCD_CLEAR);
      |   ^
app/lcd.c(53): warning: 'snprintf' will always be truncated; specified size is 20, but format string expands to at least 21 [-Wformat-truncation]
   53 |   snprintf(&CT_LCD->ASCII[LCD_ADDR_LINE2], NR_OF_CHAR_PER_LINE, LCD_CLEAR);
      |   ^
6 warnings generated.
compiling lcd.c...
compiling dice_counter.c...
compiling system_ctboard.c...
assembling datainit_ctboard.s...
assembling startup_ctboard.s...
compiling hal_ct_seg7.c...
compiling hal_fmc.c...
compiling hal_pwr.c...
compiling hal_gpio.c...
compiling hal_rcc.c...
linking...
Program Size: Code=14416 RO-data=1748 RW-data=4 ZI-data=8228  
".\build\dice.axf" - 0 Error(s), 6 Warning(s).

<h2>Software Packages used:</h2>

Package Vendor: InES
                https://ennis.zhaw.ch/pack/InES.CTBoard14_DFP.4.0.4.pack
                InES::CTBoard14_DFP@4.0.4
                CT Board 14 (STM32F429ZI) Device Support
   * Component: Startup Version: 4.0.4
   * Component: 7 segment Version: 4.0.4
   * Component: FMC Version: 4.0.4
   * Component: GPIO Version: 4.0.4
   * Component: PWR Version: 4.0.4
   * Component: RCC Version: 4.0.4

<h2>Collection of Component include folders:</h2>
  ./RTE/_Target_1
  C:/Users/mettl/AppData/Local/Arm/Packs/InES/CTBoard14_DFP/4.0.4/Device/Include
  C:/Users/mettl/AppData/Local/Arm/Packs/InES/CTBoard14_DFP/4.0.4/Device/Include/m0
  C:/Users/mettl/AppData/Local/Arm/Packs/InES/CTBoard14_DFP/4.0.4/HAL/Include

<h2>Collection of Component Files used:</h2>

   * Component: InES::Device:Startup@4.0.4
      Include file:  Device/Include/reg_stm32f4xx.h
      Include file:  Device/Include/reg_ctboard.h
      Include file:  Device/Include/system_ctboard.h
      Include file:  Device/Include/m0/platform_ctboard.h
      Source file:   Device/Source/startup_ctboard.s
      Source file:   Device/Source/datainit_ctboard.s
      Source file:   Device/Source/system_ctboard.c

   * Component: InES::HAL:CT Board:7 segment@4.0.4
      Include file:  Device/Include/reg_ctboard.h
      Include file:  HAL/Include/hal_ct_seg7.h
      Source file:   HAL/Source/hal_ct_seg7.c

   * Component: InES::HAL:FMC@4.0.4
      Include file:  Device/Include/reg_stm32f4xx.h
      Include file:  HAL/Include/hal_fmc.h
      Source file:   HAL/Source/hal_fmc.c
      Include file:  HAL/Include/hal_common.h

   * Component: InES::HAL:GPIO@4.0.4
      Source file:   HAL/Source/hal_gpio.c
      Include file:  Device/Include/reg_stm32f4xx.h
      Include file:  HAL/Include/hal_common.h
      Include file:  HAL/Include/hal_gpio.h

   * Component: InES::HAL:PWR@4.0.4
      Include file:  Device/Include/reg_stm32f4xx.h
      Include file:  HAL/Include/hal_pwr.h
      Source file:   HAL/Source/hal_pwr.c
      Include file:  HAL/Include/hal_common.h

   * Component: InES::HAL:RCC@4.0.4
      Include file:  Device/Include/reg_stm32f4xx.h
      Include file:  HAL/Include/hal_rcc.h
      Source file:   HAL/Source/hal_rcc.c
      Include file:  HAL/Include/hal_common.h
Build Time Elapsed:  00:00:02
</pre>
</body>
</html>
