Component: Arm Compiler for Embedded 6.22 Tool: armlink [5ee90200]

==============================================================================

Section Cross References

    datainit_ctboard.o(.text) refers to __scatter.o(!!!scatter) for __scatterload
    datainit_ctboard.o(.text) refers to sumdiff.o(MyCode) for main
    datainit_ctboard.o(.text) refers (Weak) to startup_ctboard.o(STACK) for Stack_Mem
    startup_ctboard.o(RESET) refers to startup_ctboard.o(STACK) for __initial_sp
    startup_ctboard.o(RESET) refers to startup_ctboard.o(.text) for Reset_Handler
    startup_ctboard.o(.text) refers to system_ctboard.o(.text) for __system
    startup_ctboard.o(.text) refers to datainit_ctboard.o(.text) for __main
    system_ctboard.o(.text) refers (Special) to use_no_semi_2.o(.text) for __use_no_semihosting
    system_ctboard.o(.text) refers to hal_rcc.o(.text) for hal_rcc_reset
    system_ctboard.o(.text) refers to hal_pwr.o(.text) for hal_pwr_set_overdrive
    system_ctboard.o(.text) refers to hal_gpio.o(.text) for hal_gpio_init_alternate
    system_ctboard.o(.text) refers to hal_fmc.o(.text) for hal_fmc_init_sram
    system_ctboard.o(.ARM.exidx) refers (Special) to use_no_semi_2.o(.text) for __use_no_semihosting
    system_ctboard.o(.ARM.exidx) refers to system_ctboard.o(.text) for [Anonymous Symbol]
    hal_fmc.o(.text) refers to assert.o(.text) for __aeabi_assert
    hal_fmc.o(.text) refers to hal_fmc.o(.rodata.str1.1) for [Anonymous Symbol]
    hal_fmc.o(.ARM.exidx) refers to hal_fmc.o(.text) for [Anonymous Symbol]
    hal_gpio.o(.text) refers to aeabi_sdiv.o(.text) for __aeabi_uidiv
    hal_gpio.o(.ARM.exidx) refers to hal_gpio.o(.text) for [Anonymous Symbol]
    hal_pwr.o(.ARM.exidx) refers to hal_pwr.o(.text) for [Anonymous Symbol]
    hal_rcc.o(.text) refers to assert.o(.text) for __aeabi_assert
    hal_rcc.o(.text) refers to hal_rcc.o(.rodata.str1.1) for [Anonymous Symbol]
    hal_rcc.o(.ARM.exidx) refers to hal_rcc.o(.text) for [Anonymous Symbol]
    use_no_semi_2.o(.text) refers (Special) to use_no_semi.o(.text) for __use_no_semihosting_swi
    assert.o(.text) refers to assert_puts.o(.text) for __assert_puts
    assert.o(.text) refers to aeabi_sdiv.o(.text) for __aeabi_idivmod
    assert.o(.text) refers to abort.o(.text) for abort
    __scatter.o(!!!scatter) refers to __rtentry.o(.ARM.Collect$$rtentry$$00000000) for __rt_entry
    __rtentry.o(.ARM.Collect$$rtentry$$00000000) refers (Special) to __rtentry2.o(.ARM.Collect$$rtentry$$0000000A) for __rt_entry_li
    __rtentry.o(.ARM.Collect$$rtentry$$00000000) refers (Special) to __rtentry2.o(.ARM.Collect$$rtentry$$0000000D) for __rt_entry_main
    __rtentry.o(.ARM.Collect$$rtentry$$00000000) refers (Special) to __rtentry2.o(.ARM.Collect$$rtentry$$0000000C) for __rt_entry_postli_1
    __rtentry.o(.ARM.Collect$$rtentry$$00000000) refers (Special) to __rtentry2.o(.ARM.Collect$$rtentry$$00000009) for __rt_entry_postsh_1
    __rtentry.o(.ARM.Collect$$rtentry$$00000000) refers (Special) to __rtentry2.o(.ARM.Collect$$rtentry$$00000002) for __rt_entry_presh_1
    __rtentry.o(.ARM.Collect$$rtentry$$00000000) refers (Special) to __rtentry4.o(.ARM.Collect$$rtentry$$00000004) for __rt_entry_sh
    aeabi_idiv0_sigfpe.o(.text) refers to rt_div0.o(.text) for __rt_div0
    abort.o(.text) refers to defsig_abrt_outer.o(.text) for __rt_SIGABRT
    abort.o(.text) refers (Weak) to libshutdown.o(.ARM.Collect$$libshutdown$$00000000) for __rt_lib_shutdown
    abort.o(.text) refers to system_ctboard.o(.text) for _sys_exit
    assert_puts.o(.text) refers to system_ctboard.o(.text) for _ttywrch
    __rtentry2.o(.ARM.Collect$$rtentry$$00000008) refers to boardinit2.o(.text) for _platform_post_stackheap_init
    __rtentry2.o(.ARM.Collect$$rtentry$$0000000A) refers to libinit.o(.ARM.Collect$$libinit$$00000000) for __rt_lib_init
    __rtentry2.o(.ARM.Collect$$rtentry$$0000000B) refers to boardinit3.o(.text) for _platform_post_lib_init
    __rtentry2.o(.ARM.Collect$$rtentry$$0000000D) refers to sumdiff.o(MyCode) for main
    __rtentry2.o(.ARM.Collect$$rtentry$$0000000D) refers to exit.o(.text) for exit
    __rtentry2.o(.ARM.exidx) refers to __rtentry2.o(.ARM.Collect$$rtentry$$00000001) for .ARM.Collect$$rtentry$$00000001
    __rtentry2.o(.ARM.exidx) refers to __rtentry2.o(.ARM.Collect$$rtentry$$00000008) for .ARM.Collect$$rtentry$$00000008
    __rtentry2.o(.ARM.exidx) refers to __rtentry2.o(.ARM.Collect$$rtentry$$0000000A) for .ARM.Collect$$rtentry$$0000000A
    __rtentry2.o(.ARM.exidx) refers to __rtentry2.o(.ARM.Collect$$rtentry$$0000000B) for .ARM.Collect$$rtentry$$0000000B
    __rtentry2.o(.ARM.exidx) refers to __rtentry2.o(.ARM.Collect$$rtentry$$0000000D) for .ARM.Collect$$rtentry$$0000000D
    __rtentry4.o(.ARM.Collect$$rtentry$$00000004) refers to datainit_ctboard.o(.text) for __user_setup_stackheap
    __rtentry4.o(.ARM.exidx) refers to __rtentry4.o(.ARM.Collect$$rtentry$$00000004) for .ARM.Collect$$rtentry$$00000004
    rt_div0.o(.text) refers to defsig_fpe_outer.o(.text) for __rt_SIGFPE
    defsig_abrt_outer.o(.text) refers to defsig_abrt_inner.o(.text) for __rt_SIGABRT_inner
    defsig_abrt_outer.o(.text) refers to defsig_exit.o(.text) for __sig_exit
    defsig_abrt_formal.o(.text) refers to rt_raise.o(.text) for __rt_raise
    rt_raise.o(.text) refers to __raise.o(.text) for __raise
    rt_raise.o(.text) refers to system_ctboard.o(.text) for _sys_exit
    exit.o(.text) refers to rtexit.o(.ARM.Collect$$rtexit$$00000000) for __rt_exit
    defsig_exit.o(.text) refers to system_ctboard.o(.text) for _sys_exit
    defsig_abrt_inner.o(.text) refers to defsig_general.o(.text) for __default_signal_display
    defsig_fpe_outer.o(.text) refers to defsig_fpe_inner.o(.text) for __rt_SIGFPE_inner
    defsig_fpe_outer.o(.text) refers to defsig_exit.o(.text) for __sig_exit
    defsig_fpe_formal.o(.text) refers to rt_raise.o(.text) for __rt_raise
    libinit.o(.ARM.Collect$$libinit$$00000000) refers (Special) to libinit2.o(.ARM.Collect$$libinit$$00000030) for __rt_lib_init_alloca_1
    libinit.o(.ARM.Collect$$libinit$$00000000) refers (Special) to libinit2.o(.ARM.Collect$$libinit$$00000029) for __rt_lib_init_argv_1
    libinit.o(.ARM.Collect$$libinit$$00000000) refers (Special) to libinit2.o(.ARM.Collect$$libinit$$0000001D) for __rt_lib_init_atexit_1
    libinit.o(.ARM.Collect$$libinit$$00000000) refers (Special) to libinit2.o(.ARM.Collect$$libinit$$00000023) for __rt_lib_init_clock_1
    libinit.o(.ARM.Collect$$libinit$$00000000) refers (Special) to libinit2.o(.ARM.Collect$$libinit$$00000034) for __rt_lib_init_cpp_1
    libinit.o(.ARM.Collect$$libinit$$00000000) refers (Special) to libinit2.o(.ARM.Collect$$libinit$$00000032) for __rt_lib_init_exceptions_1
    libinit.o(.ARM.Collect$$libinit$$00000000) refers (Special) to libinit2.o(.ARM.Collect$$libinit$$00000002) for __rt_lib_init_fp_1
    libinit.o(.ARM.Collect$$libinit$$00000000) refers (Special) to libinit2.o(.ARM.Collect$$libinit$$00000021) for __rt_lib_init_fp_trap_1
    libinit.o(.ARM.Collect$$libinit$$00000000) refers (Special) to libinit2.o(.ARM.Collect$$libinit$$00000025) for __rt_lib_init_getenv_1
    libinit.o(.ARM.Collect$$libinit$$00000000) refers (Special) to libinit2.o(.ARM.Collect$$libinit$$0000000C) for __rt_lib_init_heap_1
    libinit.o(.ARM.Collect$$libinit$$00000000) refers (Special) to libinit2.o(.ARM.Collect$$libinit$$00000013) for __rt_lib_init_lc_collate_1
    libinit.o(.ARM.Collect$$libinit$$00000000) refers (Special) to libinit2.o(.ARM.Collect$$libinit$$00000015) for __rt_lib_init_lc_ctype_1
    libinit.o(.ARM.Collect$$libinit$$00000000) refers (Special) to libinit2.o(.ARM.Collect$$libinit$$00000017) for __rt_lib_init_lc_monetary_1
    libinit.o(.ARM.Collect$$libinit$$00000000) refers (Special) to libinit2.o(.ARM.Collect$$libinit$$00000019) for __rt_lib_init_lc_numeric_1
    libinit.o(.ARM.Collect$$libinit$$00000000) refers (Special) to libinit2.o(.ARM.Collect$$libinit$$0000001B) for __rt_lib_init_lc_time_1
    libinit.o(.ARM.Collect$$libinit$$00000000) refers (Special) to libinit2.o(.ARM.Collect$$libinit$$00000006) for __rt_lib_init_preinit_1
    libinit.o(.ARM.Collect$$libinit$$00000000) refers (Special) to libinit2.o(.ARM.Collect$$libinit$$00000010) for __rt_lib_init_rand_1
    libinit.o(.ARM.Collect$$libinit$$00000000) refers (Special) to libinit2.o(.ARM.Collect$$libinit$$00000004) for __rt_lib_init_relocate_pie_1
    libinit.o(.ARM.Collect$$libinit$$00000000) refers (Special) to libinit2.o(.ARM.Collect$$libinit$$00000035) for __rt_lib_init_return
    libinit.o(.ARM.Collect$$libinit$$00000000) refers (Special) to libinit2.o(.ARM.Collect$$libinit$$0000001F) for __rt_lib_init_signal_1
    libinit.o(.ARM.Collect$$libinit$$00000000) refers (Special) to libinit2.o(.ARM.Collect$$libinit$$00000027) for __rt_lib_init_stdio_1
    libinit.o(.ARM.Collect$$libinit$$00000000) refers (Special) to libinit2.o(.ARM.Collect$$libinit$$0000000E) for __rt_lib_init_user_alloc_1
    rtexit.o(.ARM.Collect$$rtexit$$00000000) refers (Special) to rtexit2.o(.ARM.Collect$$rtexit$$00000004) for __rt_exit_exit
    rtexit.o(.ARM.Collect$$rtexit$$00000000) refers (Special) to rtexit2.o(.ARM.Collect$$rtexit$$00000003) for __rt_exit_ls
    rtexit.o(.ARM.Collect$$rtexit$$00000000) refers (Special) to rtexit2.o(.ARM.Collect$$rtexit$$00000002) for __rt_exit_prels_1
    rtexit.o(.ARM.exidx) refers (Special) to rtexit2.o(.ARM.Collect$$rtexit$$00000004) for __rt_exit_exit
    rtexit.o(.ARM.exidx) refers (Special) to rtexit2.o(.ARM.Collect$$rtexit$$00000003) for __rt_exit_ls
    rtexit.o(.ARM.exidx) refers (Special) to rtexit2.o(.ARM.Collect$$rtexit$$00000002) for __rt_exit_prels_1
    rtexit.o(.ARM.exidx) refers to rtexit.o(.ARM.Collect$$rtexit$$00000000) for .ARM.Collect$$rtexit$$00000000
    __raise.o(.text) refers to defsig.o(CL$$defsig) for __default_signal_handler
    defsig_general.o(.text) refers to system_ctboard.o(.text) for _ttywrch
    defsig_fpe_inner.o(.text) refers to defsig_general.o(.text) for __default_signal_display
    libinit2.o(.ARM.Collect$$libinit$$00000012) refers to libinit2.o(.ARM.Collect$$libinit$$00000011) for .ARM.Collect$$libinit$$00000011
    libinit2.o(.ARM.Collect$$libinit$$00000014) refers to libinit2.o(.ARM.Collect$$libinit$$00000011) for .ARM.Collect$$libinit$$00000011
    libinit2.o(.ARM.Collect$$libinit$$00000016) refers to libinit2.o(.ARM.Collect$$libinit$$00000011) for .ARM.Collect$$libinit$$00000011
    libinit2.o(.ARM.Collect$$libinit$$00000018) refers to libinit2.o(.ARM.Collect$$libinit$$00000011) for .ARM.Collect$$libinit$$00000011
    libinit2.o(.ARM.Collect$$libinit$$0000001A) refers to libinit2.o(.ARM.Collect$$libinit$$00000011) for .ARM.Collect$$libinit$$00000011
    libinit2.o(.ARM.Collect$$libinit$$00000028) refers to argv_veneer.o(.text) for __ARM_argv_veneer
    libinit2.o(.ARM.Collect$$libinit$$00000029) refers to argv_veneer.o(.text) for __ARM_argv_veneer
    rtexit2.o(.ARM.Collect$$rtexit$$00000003) refers to libshutdown.o(.ARM.Collect$$libshutdown$$00000000) for __rt_lib_shutdown
    rtexit2.o(.ARM.Collect$$rtexit$$00000004) refers to system_ctboard.o(.text) for _sys_exit
    rtexit2.o(.ARM.exidx) refers to rtexit2.o(.ARM.Collect$$rtexit$$00000001) for .ARM.Collect$$rtexit$$00000001
    rtexit2.o(.ARM.exidx) refers to rtexit2.o(.ARM.Collect$$rtexit$$00000003) for .ARM.Collect$$rtexit$$00000003
    rtexit2.o(.ARM.exidx) refers to rtexit2.o(.ARM.Collect$$rtexit$$00000004) for .ARM.Collect$$rtexit$$00000004
    defsig.o(CL$$defsig) refers to defsig_abrt_inner.o(.text) for __rt_SIGABRT_inner
    defsig.o(CL$$defsig) refers to defsig_fpe_inner.o(.text) for __rt_SIGFPE_inner
    defsig.o(CL$$defsig) refers to defsig_rtmem_inner.o(.text) for __rt_SIGRTMEM_inner
    argv_veneer.o(.text) refers to _get_argv_nomalloc.o(.text) for __ARM_get_argv
    defsig_rtred_inner.o(.text) refers to defsig_general.o(.text) for __default_signal_display
    defsig_rtmem_inner.o(.text) refers to defsig_general.o(.text) for __default_signal_display
    defsig_stak_inner.o(.text) refers to defsig_general.o(.text) for __default_signal_display
    defsig_pvfn_inner.o(.text) refers to defsig_general.o(.text) for __default_signal_display
    defsig_cppl_inner.o(.text) refers to defsig_general.o(.text) for __default_signal_display
    defsig_segv_inner.o(.text) refers to defsig_general.o(.text) for __default_signal_display
    defsig_other.o(.text) refers to defsig_general.o(.text) for __default_signal_display
    _get_argv_nomalloc.o(.text) refers (Special) to hrguard.o(.text) for __heap_region$guard
    _get_argv_nomalloc.o(.text) refers to defsig_rtmem_outer.o(.text) for __rt_SIGRTMEM
    _get_argv_nomalloc.o(.text) refers to system_ctboard.o(.text) for _sys_command_string
    libshutdown.o(.ARM.Collect$$libshutdown$$00000000) refers (Special) to libshutdown2.o(.ARM.Collect$$libshutdown$$00000002) for __rt_lib_shutdown_cpp_1
    libshutdown.o(.ARM.Collect$$libshutdown$$00000000) refers (Special) to libshutdown2.o(.ARM.Collect$$libshutdown$$00000007) for __rt_lib_shutdown_fp_trap_1
    libshutdown.o(.ARM.Collect$$libshutdown$$00000000) refers (Special) to libshutdown2.o(.ARM.Collect$$libshutdown$$0000000F) for __rt_lib_shutdown_heap_1
    libshutdown.o(.ARM.Collect$$libshutdown$$00000000) refers (Special) to libshutdown2.o(.ARM.Collect$$libshutdown$$00000010) for __rt_lib_shutdown_return
    libshutdown.o(.ARM.Collect$$libshutdown$$00000000) refers (Special) to libshutdown2.o(.ARM.Collect$$libshutdown$$0000000A) for __rt_lib_shutdown_signal_1
    libshutdown.o(.ARM.Collect$$libshutdown$$00000000) refers (Special) to libshutdown2.o(.ARM.Collect$$libshutdown$$00000004) for __rt_lib_shutdown_stdio_1
    libshutdown.o(.ARM.Collect$$libshutdown$$00000000) refers (Special) to libshutdown2.o(.ARM.Collect$$libshutdown$$0000000C) for __rt_lib_shutdown_user_alloc_1
    defsig_rtmem_outer.o(.text) refers to defsig_rtmem_inner.o(.text) for __rt_SIGRTMEM_inner
    defsig_rtmem_outer.o(.text) refers to defsig_exit.o(.text) for __sig_exit
    defsig_rtmem_formal.o(.text) refers to rt_raise.o(.text) for __rt_raise


==============================================================================

Removing Unused input sections from the image.

    Removing startup_ctboard.o(HEAP), (2048 bytes).
    Removing system_ctboard.o(.ARM.exidx), (96 bytes).
    Removing hal_fmc.o(.ARM.exidx), (16 bytes).
    Removing hal_gpio.o(.ARM.exidx), (136 bytes).
    Removing hal_pwr.o(.ARM.exidx), (56 bytes).
    Removing hal_rcc.o(.ARM.exidx), (40 bytes).

6 unused section(s) (total 2392 bytes) removed from the image.

==============================================================================

Image Symbol Table

    Local Symbols

    Symbol Name                              Value     Ov Type        Size  Object(Section)

    ../clib/angel/boardlib.s                 0x00000000   Number         0  boardinit1.o ABSOLUTE
    ../clib/angel/boardlib.s                 0x00000000   Number         0  boardinit2.o ABSOLUTE
    ../clib/angel/boardlib.s                 0x00000000   Number         0  boardinit3.o ABSOLUTE
    ../clib/angel/boardlib.s                 0x00000000   Number         0  boardshut.o ABSOLUTE
    ../clib/angel/handlers.s                 0x00000000   Number         0  __scatter_zi.o ABSOLUTE
    ../clib/angel/kernel.s                   0x00000000   Number         0  __rtentry.o ABSOLUTE
    ../clib/angel/kernel.s                   0x00000000   Number         0  __rtentry2.o ABSOLUTE
    ../clib/angel/kernel.s                   0x00000000   Number         0  __rtentry4.o ABSOLUTE
    ../clib/angel/kernel.s                   0x00000000   Number         0  rtexit.o ABSOLUTE
    ../clib/angel/kernel.s                   0x00000000   Number         0  rtexit2.o ABSOLUTE
    ../clib/angel/rt.s                       0x00000000   Number         0  aeabi_idiv0.o ABSOLUTE
    ../clib/angel/rt.s                       0x00000000   Number         0  aeabi_idiv0_sigfpe.o ABSOLUTE
    ../clib/angel/rt.s                       0x00000000   Number         0  rt_div0.o ABSOLUTE
    ../clib/angel/rt.s                       0x00000000   Number         0  rt_raise.o ABSOLUTE
    ../clib/angel/scatterp.s                 0x00000000   Number         0  __scatter.o ABSOLUTE
    ../clib/angel/sys.s                      0x00000000   Number         0  use_no_semi_2.o ABSOLUTE
    ../clib/angel/sys.s                      0x00000000   Number         0  use_no_semi.o ABSOLUTE
    ../clib/armsys.c                         0x00000000   Number         0  argv_veneer.o ABSOLUTE
    ../clib/armsys.c                         0x00000000   Number         0  _get_argv_nomalloc.o ABSOLUTE
    ../clib/armsys.c                         0x00000000   Number         0  no_argv.o ABSOLUTE
    ../clib/assert.c                         0x00000000   Number         0  assert.o ABSOLUTE
    ../clib/assert.c                         0x00000000   Number         0  assert_puts.o ABSOLUTE
    ../clib/division.s                       0x00000000   Number         0  aeabi_sdiv.o ABSOLUTE
    ../clib/division.s                       0x00000000   Number         0  aeabi_sdiv_div0.o ABSOLUTE
    ../clib/heapalloc.c                      0x00000000   Number         0  hrguard.o ABSOLUTE
    ../clib/libinit.s                        0x00000000   Number         0  libinit.o ABSOLUTE
    ../clib/libinit.s                        0x00000000   Number         0  libinit2.o ABSOLUTE
    ../clib/libinit.s                        0x00000000   Number         0  libshutdown.o ABSOLUTE
    ../clib/libinit.s                        0x00000000   Number         0  libshutdown2.o ABSOLUTE
    ../clib/signal.c                         0x00000000   Number         0  defsig_abrt_outer.o ABSOLUTE
    ../clib/signal.c                         0x00000000   Number         0  defsig_abrt_formal.o ABSOLUTE
    ../clib/signal.c                         0x00000000   Number         0  defsig_exit.o ABSOLUTE
    ../clib/signal.c                         0x00000000   Number         0  defsig_abrt_inner.o ABSOLUTE
    ../clib/signal.c                         0x00000000   Number         0  defsig_fpe_outer.o ABSOLUTE
    ../clib/signal.c                         0x00000000   Number         0  defsig_fpe_formal.o ABSOLUTE
    ../clib/signal.c                         0x00000000   Number         0  __raise.o ABSOLUTE
    ../clib/signal.c                         0x00000000   Number         0  defsig_general.o ABSOLUTE
    ../clib/signal.c                         0x00000000   Number         0  defsig_fpe_inner.o ABSOLUTE
    ../clib/signal.c                         0x00000000   Number         0  defsig_rtred_inner.o ABSOLUTE
    ../clib/signal.c                         0x00000000   Number         0  defsig_rtmem_inner.o ABSOLUTE
    ../clib/signal.c                         0x00000000   Number         0  defsig_stak_inner.o ABSOLUTE
    ../clib/signal.c                         0x00000000   Number         0  defsig_pvfn_inner.o ABSOLUTE
    ../clib/signal.c                         0x00000000   Number         0  defsig_cppl_inner.o ABSOLUTE
    ../clib/signal.c                         0x00000000   Number         0  defsig_segv_inner.o ABSOLUTE
    ../clib/signal.c                         0x00000000   Number         0  defsig_other.o ABSOLUTE
    ../clib/signal.c                         0x00000000   Number         0  defsig_rtmem_outer.o ABSOLUTE
    ../clib/signal.c                         0x00000000   Number         0  defsig_rtmem_formal.o ABSOLUTE
    ../clib/signal.s                         0x00000000   Number         0  defsig.o ABSOLUTE
    ../clib/stdlib.c                         0x00000000   Number         0  abort.o ABSOLUTE
    ../clib/stdlib.c                         0x00000000   Number         0  exit.o ABSOLUTE
    ../fplib/cfplib/fpinit.c                 0x00000000   Number         0  fpinit.o ABSOLUTE
    RTE/Device/CT_Board_HS14_M0/datainit_ctboard.s 0x00000000   Number         0  datainit_ctboard.o ABSOLUTE
    RTE/Device/CT_Board_HS14_M0/startup_ctboard.s 0x00000000   Number         0  startup_ctboard.o ABSOLUTE
    app/sumdiff.s                            0x00000000   Number         0  sumdiff.o ABSOLUTE
    dc.s                                     0x00000000   Number         0  dc.o ABSOLUTE
    hal_fmc.c                                0x00000000   Number         0  hal_fmc.o ABSOLUTE
    hal_gpio.c                               0x00000000   Number         0  hal_gpio.o ABSOLUTE
    hal_pwr.c                                0x00000000   Number         0  hal_pwr.o ABSOLUTE
    hal_rcc.c                                0x00000000   Number         0  hal_rcc.o ABSOLUTE
    system_ctboard.c                         0x00000000   Number         0  system_ctboard.o ABSOLUTE
    RESET                                    0x08000000   Section      428  startup_ctboard.o(RESET)
    !!!scatter                               0x080001ac   Section       84  __scatter.o(!!!scatter)
    !!handler_zi                             0x08000200   Section       28  __scatter_zi.o(!!handler_zi)
    .ARM.Collect$$libinit$$00000000          0x0800021c   Section        2  libinit.o(.ARM.Collect$$libinit$$00000000)
    .ARM.Collect$$libinit$$00000002          0x0800021e   Section        0  libinit2.o(.ARM.Collect$$libinit$$00000002)
    .ARM.Collect$$libinit$$00000004          0x0800021e   Section        0  libinit2.o(.ARM.Collect$$libinit$$00000004)
    .ARM.Collect$$libinit$$00000006          0x0800021e   Section        0  libinit2.o(.ARM.Collect$$libinit$$00000006)
    .ARM.Collect$$libinit$$0000000C          0x0800021e   Section        0  libinit2.o(.ARM.Collect$$libinit$$0000000C)
    .ARM.Collect$$libinit$$0000000E          0x0800021e   Section        0  libinit2.o(.ARM.Collect$$libinit$$0000000E)
    .ARM.Collect$$libinit$$00000010          0x0800021e   Section        0  libinit2.o(.ARM.Collect$$libinit$$00000010)
    .ARM.Collect$$libinit$$00000013          0x0800021e   Section        0  libinit2.o(.ARM.Collect$$libinit$$00000013)
    .ARM.Collect$$libinit$$00000015          0x0800021e   Section        0  libinit2.o(.ARM.Collect$$libinit$$00000015)
    .ARM.Collect$$libinit$$00000017          0x0800021e   Section        0  libinit2.o(.ARM.Collect$$libinit$$00000017)
    .ARM.Collect$$libinit$$00000019          0x0800021e   Section        0  libinit2.o(.ARM.Collect$$libinit$$00000019)
    .ARM.Collect$$libinit$$0000001B          0x0800021e   Section        0  libinit2.o(.ARM.Collect$$libinit$$0000001B)
    .ARM.Collect$$libinit$$0000001D          0x0800021e   Section        0  libinit2.o(.ARM.Collect$$libinit$$0000001D)
    .ARM.Collect$$libinit$$0000001F          0x0800021e   Section        0  libinit2.o(.ARM.Collect$$libinit$$0000001F)
    .ARM.Collect$$libinit$$00000021          0x0800021e   Section        0  libinit2.o(.ARM.Collect$$libinit$$00000021)
    .ARM.Collect$$libinit$$00000023          0x0800021e   Section        0  libinit2.o(.ARM.Collect$$libinit$$00000023)
    .ARM.Collect$$libinit$$00000025          0x0800021e   Section        0  libinit2.o(.ARM.Collect$$libinit$$00000025)
    .ARM.Collect$$libinit$$00000027          0x0800021e   Section        0  libinit2.o(.ARM.Collect$$libinit$$00000027)
    .ARM.Collect$$libinit$$00000029          0x0800021e   Section        8  libinit2.o(.ARM.Collect$$libinit$$00000029)
    .ARM.Collect$$libinit$$00000030          0x08000226   Section        0  libinit2.o(.ARM.Collect$$libinit$$00000030)
    .ARM.Collect$$libinit$$00000032          0x08000226   Section        0  libinit2.o(.ARM.Collect$$libinit$$00000032)
    .ARM.Collect$$libinit$$00000034          0x08000226   Section        0  libinit2.o(.ARM.Collect$$libinit$$00000034)
    .ARM.Collect$$libinit$$00000035          0x08000226   Section        2  libinit2.o(.ARM.Collect$$libinit$$00000035)
    .ARM.Collect$$libshutdown$$00000000      0x08000228   Section        2  libshutdown.o(.ARM.Collect$$libshutdown$$00000000)
    .ARM.Collect$$libshutdown$$00000002      0x0800022a   Section        0  libshutdown2.o(.ARM.Collect$$libshutdown$$00000002)
    .ARM.Collect$$libshutdown$$00000004      0x0800022a   Section        0  libshutdown2.o(.ARM.Collect$$libshutdown$$00000004)
    .ARM.Collect$$libshutdown$$00000007      0x0800022a   Section        0  libshutdown2.o(.ARM.Collect$$libshutdown$$00000007)
    .ARM.Collect$$libshutdown$$0000000A      0x0800022a   Section        0  libshutdown2.o(.ARM.Collect$$libshutdown$$0000000A)
    .ARM.Collect$$libshutdown$$0000000C      0x0800022a   Section        0  libshutdown2.o(.ARM.Collect$$libshutdown$$0000000C)
    .ARM.Collect$$libshutdown$$0000000F      0x0800022a   Section        0  libshutdown2.o(.ARM.Collect$$libshutdown$$0000000F)
    .ARM.Collect$$libshutdown$$00000010      0x0800022a   Section        2  libshutdown2.o(.ARM.Collect$$libshutdown$$00000010)
    .ARM.Collect$$rtentry$$00000000          0x0800022c   Section        0  __rtentry.o(.ARM.Collect$$rtentry$$00000000)
    .ARM.Collect$$rtentry$$00000002          0x0800022c   Section        0  __rtentry2.o(.ARM.Collect$$rtentry$$00000002)
    .ARM.Collect$$rtentry$$00000004          0x0800022c   Section        6  __rtentry4.o(.ARM.Collect$$rtentry$$00000004)
    .ARM.Collect$$rtentry$$00000009          0x08000232   Section        0  __rtentry2.o(.ARM.Collect$$rtentry$$00000009)
    .ARM.Collect$$rtentry$$0000000A          0x08000232   Section        4  __rtentry2.o(.ARM.Collect$$rtentry$$0000000A)
    .ARM.Collect$$rtentry$$0000000C          0x08000236   Section        0  __rtentry2.o(.ARM.Collect$$rtentry$$0000000C)
    .ARM.Collect$$rtentry$$0000000D          0x08000236   Section        8  __rtentry2.o(.ARM.Collect$$rtentry$$0000000D)
    .ARM.Collect$$rtexit$$00000000           0x0800023e   Section        2  rtexit.o(.ARM.Collect$$rtexit$$00000000)
    .ARM.Collect$$rtexit$$00000002           0x08000240   Section        0  rtexit2.o(.ARM.Collect$$rtexit$$00000002)
    .ARM.Collect$$rtexit$$00000003           0x08000240   Section        4  rtexit2.o(.ARM.Collect$$rtexit$$00000003)
    .ARM.Collect$$rtexit$$00000004           0x08000244   Section        6  rtexit2.o(.ARM.Collect$$rtexit$$00000004)
    .text                                    0x0800024c   Section       40  datainit_ctboard.o(.text)
    .text                                    0x08000274   Section       36  startup_ctboard.o(.text)
    [Anonymous Symbol]                       0x08000298   Section        0  system_ctboard.o(.text)
    init_SystemClock                         0x080002b5   Thumb Code   168  system_ctboard.o(.text)
    __arm_cp.2_0                             0x0800035c   Number         4  system_ctboard.o(.text)
    __arm_cp.2_1                             0x08000360   Number         4  system_ctboard.o(.text)
    __arm_cp.2_2                             0x08000364   Number         4  system_ctboard.o(.text)
    __arm_cp.2_3                             0x08000368   Number         4  system_ctboard.o(.text)
    __arm_cp.2_4                             0x0800036c   Number         4  system_ctboard.o(.text)
    init_FPU                                 0x08000371   Thumb Code     2  system_ctboard.o(.text)
    init_FMC_SRAM                            0x08000375   Thumb Code   340  system_ctboard.o(.text)
    __arm_cp.4_0                             0x080004c8   Number         4  system_ctboard.o(.text)
    __arm_cp.4_1                             0x080004cc   Number         4  system_ctboard.o(.text)
    __arm_cp.4_2                             0x080004d0   Number         4  system_ctboard.o(.text)
    __arm_cp.4_3                             0x080004d4   Number         4  system_ctboard.o(.text)
    __arm_cp.4_4                             0x080004d8   Number         4  system_ctboard.o(.text)
    __arm_cp.4_5                             0x080004dc   Number         4  system_ctboard.o(.text)
    __arm_cp.4_6                             0x080004e0   Number         4  system_ctboard.o(.text)
    __arm_cp.4_7                             0x080004e4   Number         4  system_ctboard.o(.text)
    __arm_cp.4_8                             0x080004e8   Number         4  system_ctboard.o(.text)
    __arm_cp.4_9                             0x080004ec   Number         4  system_ctboard.o(.text)
    init_LCD                                 0x080004f1   Thumb Code    32  system_ctboard.o(.text)
    __arm_cp.5_0                             0x08000510   Number         4  system_ctboard.o(.text)
    [Anonymous Symbol]                       0x08000538   Section        0  hal_fmc.o(.text)
    __arm_cp.0_0                             0x080005fc   Number         4  hal_fmc.o(.text)
    __arm_cp.0_1                             0x08000600   Number         4  hal_fmc.o(.text)
    __arm_cp.0_2                             0x08000604   Number         4  hal_fmc.o(.text)
    __arm_cp.0_3                             0x08000608   Number         4  hal_fmc.o(.text)
    __arm_cp.0_4                             0x0800060c   Number         4  hal_fmc.o(.text)
    __arm_cp.0_5                             0x08000610   Number         4  hal_fmc.o(.text)
    __arm_cp.0_6                             0x08000614   Number         4  hal_fmc.o(.text)
    __arm_cp.0_7                             0x08000618   Number         4  hal_fmc.o(.text)
    __arm_cp.0_8                             0x0800061c   Number         4  hal_fmc.o(.text)
    __arm_cp.0_9                             0x08000620   Number         4  hal_fmc.o(.text)
    __arm_cp.0_10                            0x08000624   Number         4  hal_fmc.o(.text)
    __arm_cp.0_11                            0x08000628   Number         4  hal_fmc.o(.text)
    __arm_cp.1_0                             0x080008b8   Number         4  hal_fmc.o(.text)
    __arm_cp.1_1                             0x080008bc   Number         4  hal_fmc.o(.text)
    __arm_cp.1_2                             0x080008c0   Number         4  hal_fmc.o(.text)
    __arm_cp.1_3                             0x080008c4   Number         4  hal_fmc.o(.text)
    __arm_cp.1_4                             0x080008c8   Number         4  hal_fmc.o(.text)
    __arm_cp.1_5                             0x080008cc   Number         4  hal_fmc.o(.text)
    __arm_cp.1_6                             0x080008d0   Number         4  hal_fmc.o(.text)
    __arm_cp.1_7                             0x080008d4   Number         4  hal_fmc.o(.text)
    __arm_cp.1_8                             0x080008d8   Number         4  hal_fmc.o(.text)
    [Anonymous Symbol]                       0x080008dc   Section        0  hal_gpio.o(.text)
    __arm_cp.0_0                             0x0800094c   Number         4  hal_gpio.o(.text)
    __arm_cp.0_1                             0x08000950   Number         4  hal_gpio.o(.text)
    intercept_overwrite_register             0x080009d1   Thumb Code    48  hal_gpio.o(.text)
    __arm_cp.2_0                             0x08000a00   Number         4  hal_gpio.o(.text)
    __arm_cp.2_1                             0x08000a04   Number         4  hal_gpio.o(.text)
    __arm_cp.2_2                             0x08000a08   Number         4  hal_gpio.o(.text)
    create_pattern_mask                      0x08000a0d   Thumb Code   156  hal_gpio.o(.text)
    __arm_cp.13_0                            0x080010bc   Number         4  hal_gpio.o(.text)
    __arm_cp.13_1                            0x080010c0   Number         4  hal_gpio.o(.text)
    __arm_cp.13_2                            0x080010c4   Number         4  hal_gpio.o(.text)
    __arm_cp.13_3                            0x080010c8   Number         4  hal_gpio.o(.text)
    __arm_cp.13_4                            0x080010cc   Number         4  hal_gpio.o(.text)
    __arm_cp.13_5                            0x080010d0   Number         4  hal_gpio.o(.text)
    __arm_cp.13_6                            0x080010d4   Number         4  hal_gpio.o(.text)
    __arm_cp.13_7                            0x080010d8   Number         4  hal_gpio.o(.text)
    __arm_cp.13_8                            0x080010dc   Number         4  hal_gpio.o(.text)
    __arm_cp.13_9                            0x080010e0   Number         4  hal_gpio.o(.text)
    __arm_cp.13_10                           0x080010e4   Number         4  hal_gpio.o(.text)
    __arm_cp.13_11                           0x080010e8   Number         4  hal_gpio.o(.text)
    __arm_cp.13_12                           0x080010ec   Number         4  hal_gpio.o(.text)
    get_syscfg_mask                          0x080010f1   Thumb Code   232  hal_gpio.o(.text)
    __arm_cp.14_0                            0x080011d8   Number         4  hal_gpio.o(.text)
    __arm_cp.14_1                            0x080011dc   Number         4  hal_gpio.o(.text)
    __arm_cp.14_2                            0x080011e0   Number         4  hal_gpio.o(.text)
    __arm_cp.14_3                            0x080011e4   Number         4  hal_gpio.o(.text)
    __arm_cp.14_4                            0x080011e8   Number         4  hal_gpio.o(.text)
    __arm_cp.14_5                            0x080011ec   Number         4  hal_gpio.o(.text)
    __arm_cp.14_6                            0x080011f0   Number         4  hal_gpio.o(.text)
    __arm_cp.14_7                            0x080011f4   Number         4  hal_gpio.o(.text)
    __arm_cp.14_8                            0x080011f8   Number         4  hal_gpio.o(.text)
    __arm_cp.14_9                            0x080011fc   Number         4  hal_gpio.o(.text)
    __arm_cp.15_0                            0x08001240   Number         4  hal_gpio.o(.text)
    __arm_cp.15_1                            0x08001244   Number         4  hal_gpio.o(.text)
    __arm_cp.16_0                            0x08001260   Number         4  hal_gpio.o(.text)
    [Anonymous Symbol]                       0x08001264   Section        0  hal_pwr.o(.text)
    __arm_cp.0_0                             0x08001274   Number         4  hal_pwr.o(.text)
    __arm_cp.0_1                             0x08001278   Number         4  hal_pwr.o(.text)
    __arm_cp.1_0                             0x08001310   Number         4  hal_pwr.o(.text)
    __arm_cp.2_0                             0x08001340   Number         4  hal_pwr.o(.text)
    __arm_cp.3_0                             0x08001370   Number         4  hal_pwr.o(.text)
    __arm_cp.4_0                             0x080013a0   Number         4  hal_pwr.o(.text)
    [Anonymous Symbol]                       0x080013bc   Section        0  hal_rcc.o(.text)
    __arm_cp.0_0                             0x08001450   Number         4  hal_rcc.o(.text)
    __arm_cp.0_1                             0x08001454   Number         4  hal_rcc.o(.text)
    __arm_cp.0_2                             0x08001458   Number         4  hal_rcc.o(.text)
    __arm_cp.0_3                             0x0800145c   Number         4  hal_rcc.o(.text)
    __arm_cp.0_4                             0x08001460   Number         4  hal_rcc.o(.text)
    __arm_cp.0_5                             0x08001464   Number         4  hal_rcc.o(.text)
    __arm_cp.0_6                             0x08001468   Number         4  hal_rcc.o(.text)
    __arm_cp.0_7                             0x0800146c   Number         4  hal_rcc.o(.text)
    __arm_cp.0_8                             0x08001470   Number         4  hal_rcc.o(.text)
    __arm_cp.0_9                             0x08001474   Number         4  hal_rcc.o(.text)
    __arm_cp.0_10                            0x08001478   Number         4  hal_rcc.o(.text)
    __arm_cp.0_11                            0x0800147c   Number         4  hal_rcc.o(.text)
    __arm_cp.0_12                            0x08001480   Number         4  hal_rcc.o(.text)
    __arm_cp.0_13                            0x08001484   Number         4  hal_rcc.o(.text)
    __arm_cp.0_14                            0x08001488   Number         4  hal_rcc.o(.text)
    __arm_cp.0_15                            0x0800148c   Number         4  hal_rcc.o(.text)
    __arm_cp.0_16                            0x08001490   Number         4  hal_rcc.o(.text)
    __arm_cp.0_17                            0x08001494   Number         4  hal_rcc.o(.text)
    __arm_cp.0_18                            0x08001498   Number         4  hal_rcc.o(.text)
    __arm_cp.0_19                            0x0800149c   Number         4  hal_rcc.o(.text)
    __arm_cp.0_20                            0x080014a0   Number         4  hal_rcc.o(.text)
    __arm_cp.0_21                            0x080014a4   Number         4  hal_rcc.o(.text)
    __arm_cp.0_22                            0x080014a8   Number         4  hal_rcc.o(.text)
    __arm_cp.0_23                            0x080014ac   Number         4  hal_rcc.o(.text)
    __arm_cp.0_24                            0x080014b0   Number         4  hal_rcc.o(.text)
    __arm_cp.0_25                            0x080014b4   Number         4  hal_rcc.o(.text)
    __arm_cp.0_26                            0x080014b8   Number         4  hal_rcc.o(.text)
    __arm_cp.0_27                            0x080014bc   Number         4  hal_rcc.o(.text)
    __arm_cp.0_28                            0x080014c0   Number         4  hal_rcc.o(.text)
    __arm_cp.0_29                            0x080014c4   Number         4  hal_rcc.o(.text)
    __arm_cp.0_30                            0x080014c8   Number         4  hal_rcc.o(.text)
    __arm_cp.0_31                            0x080014cc   Number         4  hal_rcc.o(.text)
    __arm_cp.1_0                             0x0800169c   Number         4  hal_rcc.o(.text)
    __arm_cp.1_1                             0x080016a0   Number         4  hal_rcc.o(.text)
    __arm_cp.1_2                             0x080016a4   Number         4  hal_rcc.o(.text)
    __arm_cp.1_3                             0x080016a8   Number         4  hal_rcc.o(.text)
    __arm_cp.1_4                             0x080016ac   Number         4  hal_rcc.o(.text)
    __arm_cp.1_5                             0x080016b0   Number         4  hal_rcc.o(.text)
    __arm_cp.2_0                             0x080017a4   Number         4  hal_rcc.o(.text)
    __arm_cp.2_1                             0x080017a8   Number         4  hal_rcc.o(.text)
    __arm_cp.2_2                             0x080017ac   Number         4  hal_rcc.o(.text)
    __arm_cp.3_0                             0x080019d0   Number         4  hal_rcc.o(.text)
    __arm_cp.3_1                             0x080019d4   Number         4  hal_rcc.o(.text)
    __arm_cp.3_2                             0x080019d8   Number         4  hal_rcc.o(.text)
    __arm_cp.3_3                             0x080019dc   Number         4  hal_rcc.o(.text)
    __arm_cp.3_4                             0x080019e0   Number         4  hal_rcc.o(.text)
    __arm_cp.3_5                             0x080019e4   Number         4  hal_rcc.o(.text)
    __arm_cp.3_6                             0x080019e8   Number         4  hal_rcc.o(.text)
    __arm_cp.3_7                             0x080019ec   Number         4  hal_rcc.o(.text)
    __arm_cp.4_0                             0x08001b64   Number         4  hal_rcc.o(.text)
    __arm_cp.4_1                             0x08001b68   Number         4  hal_rcc.o(.text)
    __arm_cp.4_2                             0x08001b6c   Number         4  hal_rcc.o(.text)
    __arm_cp.4_3                             0x08001b70   Number         4  hal_rcc.o(.text)
    .text                                    0x08001b74   Section        2  use_no_semi_2.o(.text)
    .text                                    0x08001b78   Section        0  assert.o(.text)
    .text                                    0x08001bf4   Section      364  aeabi_sdiv.o(.text)
    .text                                    0x08001d60   Section        2  use_no_semi.o(.text)
    .text                                    0x08001d62   Section        0  abort.o(.text)
    .text                                    0x08001d76   Section        0  assert_puts.o(.text)
    .text                                    0x08001d8a   Section        0  defsig_abrt_outer.o(.text)
    .text                                    0x08001d96   Section        0  exit.o(.text)
    .text                                    0x08001da6   Section        0  defsig_exit.o(.text)
    .text                                    0x08001db4   Section        0  defsig_abrt_inner.o(.text)
    .text                                    0x08001de4   Section        0  defsig_general.o(.text)
    .text                                    0x08001e18   Section        0  argv_veneer.o(.text)
    .text                                    0x08001e20   Section        0  defsig_rtmem_inner.o(.text)
    .text                                    0x08001e70   Section        0  _get_argv_nomalloc.o(.text)
    .text                                    0x08001fa2   Section        0  hrguard.o(.text)
    .text                                    0x08001fa6   Section        0  defsig_rtmem_outer.o(.text)
    MyCode                                   0x08001fb4   Section       76  sumdiff.o(MyCode)
    [Anonymous Symbol]                       0x08002000   Section        0  hal_fmc.o(.rodata.str1.1)
    [Anonymous Symbol]                       0x08002098   Section        0  hal_rcc.o(.rodata.str1.1)
    STACK                                    0x20000000   Section     8192  startup_ctboard.o(STACK)
    __initial_sp                             0x20002000   Data           0  startup_ctboard.o(STACK)

    Global Symbols

    Symbol Name                              Value     Ov Type        Size  Object(Section)

    BuildAttributes$$THM_ISAv3M$S$PE$A:L22$X:L11$S22$IEEE1$IW$~IW$USESV6$~STKCKD$USESV7$WCHAR32$ENUMINT$~SHL$OSPACE$ROPI$EBA8$UX$STANDARDLIB$REQ8$PRES8$EABIv2 0x00000000   Number         0  anon$$obj.o ABSOLUTE
    __ARM_exceptions_init                     - Undefined Weak Reference
    __alloca_initialize                       - Undefined Weak Reference
    __arm_preinit_                            - Undefined Weak Reference
    __arm_relocate_pie_                       - Undefined Weak Reference
    __cpp_initialize__aeabi_                  - Undefined Weak Reference
    __cxa_finalize                            - Undefined Weak Reference
    __rt_locale                               - Undefined Weak Reference
    __scatterload_null                        - Undefined Reference
    __sigvec_lookup                           - Undefined Weak Reference
    _atexit_init                              - Undefined Weak Reference
    _call_atexit_fns                          - Undefined Weak Reference
    _clock_init                               - Undefined Weak Reference
    _fp_trap_init                             - Undefined Weak Reference
    _fp_trap_shutdown                         - Undefined Weak Reference
    _get_lc_collate                           - Undefined Weak Reference
    _get_lc_ctype                             - Undefined Weak Reference
    _get_lc_monetary                          - Undefined Weak Reference
    _get_lc_numeric                           - Undefined Weak Reference
    _get_lc_time                              - Undefined Weak Reference
    _getenv_init                              - Undefined Weak Reference
    _handle_redirection                       - Undefined Weak Reference
    _init_alloc                               - Undefined Weak Reference
    _init_user_alloc                          - Undefined Weak Reference
    _initio                                   - Undefined Weak Reference
    _rand_init                                - Undefined Weak Reference
    _signal_finish                            - Undefined Weak Reference
    _signal_init                              - Undefined Weak Reference
    _terminate_alloc                          - Undefined Weak Reference
    _terminate_user_alloc                     - Undefined Weak Reference
    _terminateio                              - Undefined Weak Reference
    __Vectors_Size                           0x000001ac   Number         0  startup_ctboard.o ABSOLUTE
    Stack_Size                               0x00002000   Number         0  startup_ctboard.o ABSOLUTE
    __Vectors                                0x08000000   Data           4  startup_ctboard.o(RESET)
    __Vectors_End                            0x080001ac   Data           0  startup_ctboard.o(RESET)
    __scatterload                            0x080001ad   Thumb Code     0  __scatter.o(!!!scatter)
    __scatterload_rt2                        0x080001ad   Thumb Code    74  __scatter.o(!!!scatter)
    __scatterload_rt2_thumb_only             0x080001ad   Thumb Code     0  __scatter.o(!!!scatter)
    __scatterload_loop                       0x080001b7   Thumb Code     0  __scatter.o(!!!scatter)
    __scatterload_zeroinit                   0x08000201   Thumb Code    28  __scatter_zi.o(!!handler_zi)
    __rt_lib_init                            0x0800021d   Thumb Code     0  libinit.o(.ARM.Collect$$libinit$$00000000)
    __rt_lib_init_argv_1                     0x0800021f   Thumb Code     0  libinit2.o(.ARM.Collect$$libinit$$00000029)
    __rt_lib_init_atexit_1                   0x0800021f   Thumb Code     0  libinit2.o(.ARM.Collect$$libinit$$0000001D)
    __rt_lib_init_clock_1                    0x0800021f   Thumb Code     0  libinit2.o(.ARM.Collect$$libinit$$00000023)
    __rt_lib_init_fp_1                       0x0800021f   Thumb Code     0  libinit2.o(.ARM.Collect$$libinit$$00000002)
    __rt_lib_init_fp_trap_1                  0x0800021f   Thumb Code     0  libinit2.o(.ARM.Collect$$libinit$$00000021)
    __rt_lib_init_getenv_1                   0x0800021f   Thumb Code     0  libinit2.o(.ARM.Collect$$libinit$$00000025)
    __rt_lib_init_heap_1                     0x0800021f   Thumb Code     0  libinit2.o(.ARM.Collect$$libinit$$0000000C)
    __rt_lib_init_heapregion_libspace_used   0x0800021f   Thumb Code     0  libinit2.o(.ARM.Collect$$libinit$$00000029)
    __rt_lib_init_lc_collate_1               0x0800021f   Thumb Code     0  libinit2.o(.ARM.Collect$$libinit$$00000013)
    __rt_lib_init_lc_ctype_1                 0x0800021f   Thumb Code     0  libinit2.o(.ARM.Collect$$libinit$$00000015)
    __rt_lib_init_lc_monetary_1              0x0800021f   Thumb Code     0  libinit2.o(.ARM.Collect$$libinit$$00000017)
    __rt_lib_init_lc_numeric_1               0x0800021f   Thumb Code     0  libinit2.o(.ARM.Collect$$libinit$$00000019)
    __rt_lib_init_lc_time_1                  0x0800021f   Thumb Code     0  libinit2.o(.ARM.Collect$$libinit$$0000001B)
    __rt_lib_init_preinit_1                  0x0800021f   Thumb Code     0  libinit2.o(.ARM.Collect$$libinit$$00000006)
    __rt_lib_init_rand_1                     0x0800021f   Thumb Code     0  libinit2.o(.ARM.Collect$$libinit$$00000010)
    __rt_lib_init_relocate_pie_1             0x0800021f   Thumb Code     0  libinit2.o(.ARM.Collect$$libinit$$00000004)
    __rt_lib_init_signal_1                   0x0800021f   Thumb Code     0  libinit2.o(.ARM.Collect$$libinit$$0000001F)
    __rt_lib_init_stdio_1                    0x0800021f   Thumb Code     0  libinit2.o(.ARM.Collect$$libinit$$00000027)
    __rt_lib_init_user_alloc_1               0x0800021f   Thumb Code     0  libinit2.o(.ARM.Collect$$libinit$$0000000E)
    __rt_lib_init_alloca_1                   0x08000227   Thumb Code     0  libinit2.o(.ARM.Collect$$libinit$$00000030)
    __rt_lib_init_cpp_1                      0x08000227   Thumb Code     0  libinit2.o(.ARM.Collect$$libinit$$00000034)
    __rt_lib_init_exceptions_1               0x08000227   Thumb Code     0  libinit2.o(.ARM.Collect$$libinit$$00000032)
    __rt_lib_init_return                     0x08000227   Thumb Code     0  libinit2.o(.ARM.Collect$$libinit$$00000035)
    __rt_lib_shutdown                        0x08000229   Thumb Code     0  libshutdown.o(.ARM.Collect$$libshutdown$$00000000)
    __rt_lib_shutdown_cpp_1                  0x0800022b   Thumb Code     0  libshutdown2.o(.ARM.Collect$$libshutdown$$00000002)
    __rt_lib_shutdown_fp_trap_1              0x0800022b   Thumb Code     0  libshutdown2.o(.ARM.Collect$$libshutdown$$00000007)
    __rt_lib_shutdown_heap_1                 0x0800022b   Thumb Code     0  libshutdown2.o(.ARM.Collect$$libshutdown$$0000000F)
    __rt_lib_shutdown_return                 0x0800022b   Thumb Code     0  libshutdown2.o(.ARM.Collect$$libshutdown$$00000010)
    __rt_lib_shutdown_signal_1               0x0800022b   Thumb Code     0  libshutdown2.o(.ARM.Collect$$libshutdown$$0000000A)
    __rt_lib_shutdown_stdio_1                0x0800022b   Thumb Code     0  libshutdown2.o(.ARM.Collect$$libshutdown$$00000004)
    __rt_lib_shutdown_user_alloc_1           0x0800022b   Thumb Code     0  libshutdown2.o(.ARM.Collect$$libshutdown$$0000000C)
    __rt_entry                               0x0800022d   Thumb Code     0  __rtentry.o(.ARM.Collect$$rtentry$$00000000)
    __rt_entry_presh_1                       0x0800022d   Thumb Code     0  __rtentry2.o(.ARM.Collect$$rtentry$$00000002)
    __rt_entry_sh                            0x0800022d   Thumb Code     0  __rtentry4.o(.ARM.Collect$$rtentry$$00000004)
    __rt_entry_li                            0x08000233   Thumb Code     0  __rtentry2.o(.ARM.Collect$$rtentry$$0000000A)
    __rt_entry_postsh_1                      0x08000233   Thumb Code     0  __rtentry2.o(.ARM.Collect$$rtentry$$00000009)
    __rt_entry_main                          0x08000237   Thumb Code     0  __rtentry2.o(.ARM.Collect$$rtentry$$0000000D)
    __rt_entry_postli_1                      0x08000237   Thumb Code     0  __rtentry2.o(.ARM.Collect$$rtentry$$0000000C)
    __rt_exit                                0x0800023f   Thumb Code     0  rtexit.o(.ARM.Collect$$rtexit$$00000000)
    __rt_exit_ls                             0x08000241   Thumb Code     0  rtexit2.o(.ARM.Collect$$rtexit$$00000003)
    __rt_exit_prels_1                        0x08000241   Thumb Code     0  rtexit2.o(.ARM.Collect$$rtexit$$00000002)
    __rt_exit_exit                           0x08000245   Thumb Code     0  rtexit2.o(.ARM.Collect$$rtexit$$00000004)
    __main                                   0x0800024d   Thumb Code     8  datainit_ctboard.o(.text)
    __user_setup_stackheap                   0x08000255   Thumb Code    16  datainit_ctboard.o(.text)
    Reset_Handler                            0x08000275   Thumb Code     8  startup_ctboard.o(.text)
    NMI_Handler                              0x0800027d   Thumb Code     2  startup_ctboard.o(.text)
    HardFault_Handler                        0x0800027f   Thumb Code     2  startup_ctboard.o(.text)
    MemManage_Handler                        0x08000281   Thumb Code     2  startup_ctboard.o(.text)
    BusFault_Handler                         0x08000283   Thumb Code     2  startup_ctboard.o(.text)
    UsageFault_Handler                       0x08000285   Thumb Code     2  startup_ctboard.o(.text)
    SVC_Handler                              0x08000287   Thumb Code     2  startup_ctboard.o(.text)
    DebugMon_Handler                         0x08000289   Thumb Code     2  startup_ctboard.o(.text)
    PendSV_Handler                           0x0800028b   Thumb Code     2  startup_ctboard.o(.text)
    SysTick_Handler                          0x0800028d   Thumb Code     2  startup_ctboard.o(.text)
    ADC_IRQHandler                           0x0800028f   Thumb Code     0  startup_ctboard.o(.text)
    CAN1_RX0_IRQHandler                      0x0800028f   Thumb Code     0  startup_ctboard.o(.text)
    CAN1_RX1_IRQHandler                      0x0800028f   Thumb Code     0  startup_ctboard.o(.text)
    CAN1_SCE_IRQHandler                      0x0800028f   Thumb Code     0  startup_ctboard.o(.text)
    CAN1_TX_IRQHandler                       0x0800028f   Thumb Code     0  startup_ctboard.o(.text)
    CAN2_RX0_IRQHandler                      0x0800028f   Thumb Code     0  startup_ctboard.o(.text)
    CAN2_RX1_IRQHandler                      0x0800028f   Thumb Code     0  startup_ctboard.o(.text)
    CAN2_SCE_IRQHandler                      0x0800028f   Thumb Code     0  startup_ctboard.o(.text)
    CAN2_TX_IRQHandler                       0x0800028f   Thumb Code     0  startup_ctboard.o(.text)
    CRYP_IRQHandler                          0x0800028f   Thumb Code     0  startup_ctboard.o(.text)
    DCMI_IRQHandler                          0x0800028f   Thumb Code     0  startup_ctboard.o(.text)
    DMA1_Stream0_IRQHandler                  0x0800028f   Thumb Code     0  startup_ctboard.o(.text)
    DMA1_Stream1_IRQHandler                  0x0800028f   Thumb Code     0  startup_ctboard.o(.text)
    DMA1_Stream2_IRQHandler                  0x0800028f   Thumb Code     0  startup_ctboard.o(.text)
    DMA1_Stream3_IRQHandler                  0x0800028f   Thumb Code     0  startup_ctboard.o(.text)
    DMA1_Stream4_IRQHandler                  0x0800028f   Thumb Code     0  startup_ctboard.o(.text)
    DMA1_Stream5_IRQHandler                  0x0800028f   Thumb Code     0  startup_ctboard.o(.text)
    DMA1_Stream6_IRQHandler                  0x0800028f   Thumb Code     0  startup_ctboard.o(.text)
    DMA1_Stream7_IRQHandler                  0x0800028f   Thumb Code     0  startup_ctboard.o(.text)
    DMA2D_IRQHandler                         0x0800028f   Thumb Code     0  startup_ctboard.o(.text)
    DMA2_Stream0_IRQHandler                  0x0800028f   Thumb Code     0  startup_ctboard.o(.text)
    DMA2_Stream1_IRQHandler                  0x0800028f   Thumb Code     0  startup_ctboard.o(.text)
    DMA2_Stream2_IRQHandler                  0x0800028f   Thumb Code     0  startup_ctboard.o(.text)
    DMA2_Stream3_IRQHandler                  0x0800028f   Thumb Code     0  startup_ctboard.o(.text)
    DMA2_Stream4_IRQHandler                  0x0800028f   Thumb Code     0  startup_ctboard.o(.text)
    DMA2_Stream5_IRQHandler                  0x0800028f   Thumb Code     0  startup_ctboard.o(.text)
    DMA2_Stream6_IRQHandler                  0x0800028f   Thumb Code     0  startup_ctboard.o(.text)
    DMA2_Stream7_IRQHandler                  0x0800028f   Thumb Code     0  startup_ctboard.o(.text)
    ETH_IRQHandler                           0x0800028f   Thumb Code     0  startup_ctboard.o(.text)
    ETH_WKUP_IRQHandler                      0x0800028f   Thumb Code     0  startup_ctboard.o(.text)
    EXTI0_IRQHandler                         0x0800028f   Thumb Code     0  startup_ctboard.o(.text)
    EXTI15_10_IRQHandler                     0x0800028f   Thumb Code     0  startup_ctboard.o(.text)
    EXTI1_IRQHandler                         0x0800028f   Thumb Code     0  startup_ctboard.o(.text)
    EXTI2_IRQHandler                         0x0800028f   Thumb Code     0  startup_ctboard.o(.text)
    EXTI3_IRQHandler                         0x0800028f   Thumb Code     0  startup_ctboard.o(.text)
    EXTI4_IRQHandler                         0x0800028f   Thumb Code     0  startup_ctboard.o(.text)
    EXTI9_5_IRQHandler                       0x0800028f   Thumb Code     0  startup_ctboard.o(.text)
    FLASH_IRQHandler                         0x0800028f   Thumb Code     0  startup_ctboard.o(.text)
    FMC_IRQHandler                           0x0800028f   Thumb Code     0  startup_ctboard.o(.text)
    FPU_IRQHandler                           0x0800028f   Thumb Code     0  startup_ctboard.o(.text)
    HASH_RNG_IRQHandler                      0x0800028f   Thumb Code     0  startup_ctboard.o(.text)
    I2C1_ER_IRQHandler                       0x0800028f   Thumb Code     0  startup_ctboard.o(.text)
    I2C1_EV_IRQHandler                       0x0800028f   Thumb Code     0  startup_ctboard.o(.text)
    I2C2_ER_IRQHandler                       0x0800028f   Thumb Code     0  startup_ctboard.o(.text)
    I2C2_EV_IRQHandler                       0x0800028f   Thumb Code     0  startup_ctboard.o(.text)
    I2C3_ER_IRQHandler                       0x0800028f   Thumb Code     0  startup_ctboard.o(.text)
    I2C3_EV_IRQHandler                       0x0800028f   Thumb Code     0  startup_ctboard.o(.text)
    LTDC_ER_IRQHandler                       0x0800028f   Thumb Code     0  startup_ctboard.o(.text)
    LTDC_IRQHandler                          0x0800028f   Thumb Code     0  startup_ctboard.o(.text)
    OTG_FS_IRQHandler                        0x0800028f   Thumb Code     0  startup_ctboard.o(.text)
    OTG_FS_WKUP_IRQHandler                   0x0800028f   Thumb Code     0  startup_ctboard.o(.text)
    OTG_HS_EP1_IN_IRQHandler                 0x0800028f   Thumb Code     0  startup_ctboard.o(.text)
    OTG_HS_EP1_OUT_IRQHandler                0x0800028f   Thumb Code     0  startup_ctboard.o(.text)
    OTG_HS_IRQHandler                        0x0800028f   Thumb Code     0  startup_ctboard.o(.text)
    OTG_HS_WKUP_IRQHandler                   0x0800028f   Thumb Code     0  startup_ctboard.o(.text)
    PVD_IRQHandler                           0x0800028f   Thumb Code     0  startup_ctboard.o(.text)
    RCC_IRQHandler                           0x0800028f   Thumb Code     0  startup_ctboard.o(.text)
    RTC_Alarm_IRQHandler                     0x0800028f   Thumb Code     0  startup_ctboard.o(.text)
    RTC_WKUP_IRQHandler                      0x0800028f   Thumb Code     0  startup_ctboard.o(.text)
    SAI1_IRQHandler                          0x0800028f   Thumb Code     0  startup_ctboard.o(.text)
    SDIO_IRQHandler                          0x0800028f   Thumb Code     0  startup_ctboard.o(.text)
    SPI1_IRQHandler                          0x0800028f   Thumb Code     0  startup_ctboard.o(.text)
    SPI2_IRQHandler                          0x0800028f   Thumb Code     0  startup_ctboard.o(.text)
    SPI3_IRQHandler                          0x0800028f   Thumb Code     0  startup_ctboard.o(.text)
    SPI4_IRQHandler                          0x0800028f   Thumb Code     0  startup_ctboard.o(.text)
    SPI5_IRQHandler                          0x0800028f   Thumb Code     0  startup_ctboard.o(.text)
    SPI6_IRQHandler                          0x0800028f   Thumb Code     0  startup_ctboard.o(.text)
    TAMP_STAMP_IRQHandler                    0x0800028f   Thumb Code     0  startup_ctboard.o(.text)
    TIM1_BRK_TIM9_IRQHandler                 0x0800028f   Thumb Code     0  startup_ctboard.o(.text)
    TIM1_CC_IRQHandler                       0x0800028f   Thumb Code     0  startup_ctboard.o(.text)
    TIM1_TRG_COM_TIM11_IRQHandler            0x0800028f   Thumb Code     0  startup_ctboard.o(.text)
    TIM1_UP_TIM10_IRQHandler                 0x0800028f   Thumb Code     0  startup_ctboard.o(.text)
    TIM2_IRQHandler                          0x0800028f   Thumb Code     0  startup_ctboard.o(.text)
    TIM3_IRQHandler                          0x0800028f   Thumb Code     0  startup_ctboard.o(.text)
    TIM4_IRQHandler                          0x0800028f   Thumb Code     0  startup_ctboard.o(.text)
    TIM5_IRQHandler                          0x0800028f   Thumb Code     0  startup_ctboard.o(.text)
    TIM6_DAC_IRQHandler                      0x0800028f   Thumb Code     0  startup_ctboard.o(.text)
    TIM7_IRQHandler                          0x0800028f   Thumb Code     0  startup_ctboard.o(.text)
    TIM8_BRK_TIM12_IRQHandler                0x0800028f   Thumb Code     0  startup_ctboard.o(.text)
    TIM8_CC_IRQHandler                       0x0800028f   Thumb Code     0  startup_ctboard.o(.text)
    TIM8_TRG_COM_TIM14_IRQHandler            0x0800028f   Thumb Code     0  startup_ctboard.o(.text)
    TIM8_UP_TIM13_IRQHandler                 0x0800028f   Thumb Code     0  startup_ctboard.o(.text)
    UART4_IRQHandler                         0x0800028f   Thumb Code     0  startup_ctboard.o(.text)
    UART5_IRQHandler                         0x0800028f   Thumb Code     0  startup_ctboard.o(.text)
    UART7_IRQHandler                         0x0800028f   Thumb Code     0  startup_ctboard.o(.text)
    UART8_IRQHandler                         0x0800028f   Thumb Code     0  startup_ctboard.o(.text)
    USART1_IRQHandler                        0x0800028f   Thumb Code     0  startup_ctboard.o(.text)
    USART2_IRQHandler                        0x0800028f   Thumb Code     0  startup_ctboard.o(.text)
    USART3_IRQHandler                        0x0800028f   Thumb Code     0  startup_ctboard.o(.text)
    USART6_IRQHandler                        0x0800028f   Thumb Code     0  startup_ctboard.o(.text)
    WWDG_IRQHandler                          0x0800028f   Thumb Code     0  startup_ctboard.o(.text)
    __system                                 0x08000299   Thumb Code     8  system_ctboard.o(.text)
    system_enter_run                         0x080002a1   Thumb Code    20  system_ctboard.o(.text)
    system_enter_sleep                       0x08000515   Thumb Code     2  system_ctboard.o(.text)
    system_enter_stop                        0x08000517   Thumb Code     2  system_ctboard.o(.text)
    system_enter_standby                     0x08000519   Thumb Code     2  system_ctboard.o(.text)
    _sys_command_string                      0x0800051b   Thumb Code    12  system_ctboard.o(.text)
    _ttywrch                                 0x08000527   Thumb Code     8  system_ctboard.o(.text)
    _sys_exit                                0x0800052f   Thumb Code     8  system_ctboard.o(.text)
    hal_fmc_reset                            0x08000539   Thumb Code   196  hal_fmc.o(.text)
    hal_fmc_init_sram                        0x0800062d   Thumb Code   652  hal_fmc.o(.text)
    hal_gpio_reset                           0x080008dd   Thumb Code   112  hal_gpio.o(.text)
    hal_gpio_init_input                      0x08000955   Thumb Code   122  hal_gpio.o(.text)
    hal_gpio_init_analog                     0x08000aa9   Thumb Code    74  hal_gpio.o(.text)
    hal_gpio_init_output                     0x08000af3   Thumb Code   206  hal_gpio.o(.text)
    hal_gpio_init_alternate                  0x08000bc1   Thumb Code   186  hal_gpio.o(.text)
    hal_gpio_input_read                      0x08000c7b   Thumb Code    14  hal_gpio.o(.text)
    hal_gpio_output_read                     0x08000c89   Thumb Code    14  hal_gpio.o(.text)
    hal_gpio_output_write                    0x08000c97   Thumb Code    42  hal_gpio.o(.text)
    hal_gpio_bit_set                         0x08000cc1   Thumb Code    54  hal_gpio.o(.text)
    hal_gpio_bit_reset                       0x08000cf7   Thumb Code    54  hal_gpio.o(.text)
    hal_gpio_bit_toggle                      0x08000d2d   Thumb Code    78  hal_gpio.o(.text)
    hal_gpio_irq_set                         0x08000d7d   Thumb Code   832  hal_gpio.o(.text)
    hal_gpio_irq_status                      0x08001201   Thumb Code    64  hal_gpio.o(.text)
    hal_gpio_irq_clear                       0x08001249   Thumb Code    24  hal_gpio.o(.text)
    hal_pwr_reset                            0x08001265   Thumb Code    16  hal_pwr.o(.text)
    hal_pwr_set_backup_domain                0x0800127d   Thumb Code   148  hal_pwr.o(.text)
    hal_pwr_set_backup_access                0x08001315   Thumb Code    44  hal_pwr.o(.text)
    hal_pwr_set_wakeup_pin                   0x08001345   Thumb Code    44  hal_pwr.o(.text)
    hal_pwr_set_flash_powerdown              0x08001375   Thumb Code    44  hal_pwr.o(.text)
    hal_pwr_set_overdrive                    0x080013a5   Thumb Code    12  hal_pwr.o(.text)
    hal_pwr_set_underdrive                   0x080013b1   Thumb Code    12  hal_pwr.o(.text)
    hal_rcc_reset                            0x080013bd   Thumb Code   148  hal_rcc.o(.text)
    hal_rcc_set_peripheral                   0x080014d1   Thumb Code   460  hal_rcc.o(.text)
    hal_rcc_set_osc                          0x080016b5   Thumb Code   240  hal_rcc.o(.text)
    hal_rcc_setup_pll                        0x080017b1   Thumb Code   544  hal_rcc.o(.text)
    hal_rcc_setup_clock                      0x080019f1   Thumb Code   372  hal_rcc.o(.text)
    __use_no_semihosting                     0x08001b75   Thumb Code     2  use_no_semi_2.o(.text)
    __aeabi_assert                           0x08001b79   Thumb Code    82  assert.o(.text)
    __assert                                 0x08001b79   Thumb Code     0  assert.o(.text)
    __aeabi_uidiv                            0x08001bf5   Thumb Code     0  aeabi_sdiv.o(.text)
    __aeabi_uidivmod                         0x08001bf5   Thumb Code    20  aeabi_sdiv.o(.text)
    __aeabi_idiv                             0x08001c09   Thumb Code     0  aeabi_sdiv.o(.text)
    __aeabi_idivmod                          0x08001c09   Thumb Code   338  aeabi_sdiv.o(.text)
    __semihosting$guard                      0x08001d61   Thumb Code     0  use_no_semi.o(.text)
    __use_no_semihosting_swi                 0x08001d61   Thumb Code     2  use_no_semi.o(.text)
    abort                                    0x08001d63   Thumb Code    20  abort.o(.text)
    __assert_puts                            0x08001d77   Thumb Code    20  assert_puts.o(.text)
    __rt_SIGABRT                             0x08001d8b   Thumb Code    12  defsig_abrt_outer.o(.text)
    exit                                     0x08001d97   Thumb Code    16  exit.o(.text)
    __sig_exit                               0x08001da7   Thumb Code    12  defsig_exit.o(.text)
    __rt_SIGABRT_inner                       0x08001db5   Thumb Code    14  defsig_abrt_inner.o(.text)
    __default_signal_display                 0x08001de5   Thumb Code    52  defsig_general.o(.text)
    __ARM_argv_veneer                        0x08001e19   Thumb Code     8  argv_veneer.o(.text)
    __rt_SIGRTMEM_inner                      0x08001e21   Thumb Code    22  defsig_rtmem_inner.o(.text)
    __argv_alloc                             0x08001e71   Thumb Code    34  _get_argv_nomalloc.o(.text)
    __ARM_get_argv                           0x08001e93   Thumb Code   272  _get_argv_nomalloc.o(.text)
    __use_no_heap_region                     0x08001fa3   Thumb Code     2  hrguard.o(.text)
    __heap_region$guard                      0x08001fa5   Thumb Code     2  hrguard.o(.text)
    __rt_SIGRTMEM                            0x08001fa7   Thumb Code    12  defsig_rtmem_outer.o(.text)
    main                                     0x08001fb5   Thumb Code    52  sumdiff.o(MyCode)
    Region$$Table$$Base                      0x08002208   Number         0  anon$$obj.o(Region$$Table)
    Region$$Table$$Limit                     0x08002218   Number         0  anon$$obj.o(Region$$Table)
    Stack_Mem                                0x20000000   Data        8192  startup_ctboard.o(STACK)



==============================================================================

Memory Map of the image

  Image Entry point : 0x08000275

  Load Region LR_1 (Base: 0x08000000, Size: 0x00002218, Max: 0xffffffff, ABSOLUTE)

    Execution Region ER_RO (Exec base: 0x08000000, Load base: 0x08000000, Size: 0x00002218, Max: 0xffffffff, ABSOLUTE)

    Exec Addr    Load Addr    Size         Type   Attr      Idx    E Section Name        Object

    0x08000000   0x08000000   0x000001ac   Data   RO           13    RESET               startup_ctboard.o
    0x080001ac   0x080001ac   0x00000054   Code   RO           65    !!!scatter          c_pu.l(__scatter.o)
    0x08000200   0x08000200   0x0000001c   Code   RO          232    !!handler_zi        c_pu.l(__scatter_zi.o)
    0x0800021c   0x0800021c   0x00000002   Code   RO          118    .ARM.Collect$$libinit$$00000000  c_pu.l(libinit.o)
    0x0800021e   0x0800021e   0x00000000   Code   RO          128    .ARM.Collect$$libinit$$00000002  c_pu.l(libinit2.o)
    0x0800021e   0x0800021e   0x00000000   Code   RO          130    .ARM.Collect$$libinit$$00000004  c_pu.l(libinit2.o)
    0x0800021e   0x0800021e   0x00000000   Code   RO          132    .ARM.Collect$$libinit$$00000006  c_pu.l(libinit2.o)
    0x0800021e   0x0800021e   0x00000000   Code   RO          135    .ARM.Collect$$libinit$$0000000C  c_pu.l(libinit2.o)
    0x0800021e   0x0800021e   0x00000000   Code   RO          137    .ARM.Collect$$libinit$$0000000E  c_pu.l(libinit2.o)
    0x0800021e   0x0800021e   0x00000000   Code   RO          139    .ARM.Collect$$libinit$$00000010  c_pu.l(libinit2.o)
    0x0800021e   0x0800021e   0x00000000   Code   RO          142    .ARM.Collect$$libinit$$00000013  c_pu.l(libinit2.o)
    0x0800021e   0x0800021e   0x00000000   Code   RO          144    .ARM.Collect$$libinit$$00000015  c_pu.l(libinit2.o)
    0x0800021e   0x0800021e   0x00000000   Code   RO          146    .ARM.Collect$$libinit$$00000017  c_pu.l(libinit2.o)
    0x0800021e   0x0800021e   0x00000000   Code   RO          148    .ARM.Collect$$libinit$$00000019  c_pu.l(libinit2.o)
    0x0800021e   0x0800021e   0x00000000   Code   RO          150    .ARM.Collect$$libinit$$0000001B  c_pu.l(libinit2.o)
    0x0800021e   0x0800021e   0x00000000   Code   RO          152    .ARM.Collect$$libinit$$0000001D  c_pu.l(libinit2.o)
    0x0800021e   0x0800021e   0x00000000   Code   RO          154    .ARM.Collect$$libinit$$0000001F  c_pu.l(libinit2.o)
    0x0800021e   0x0800021e   0x00000000   Code   RO          156    .ARM.Collect$$libinit$$00000021  c_pu.l(libinit2.o)
    0x0800021e   0x0800021e   0x00000000   Code   RO          158    .ARM.Collect$$libinit$$00000023  c_pu.l(libinit2.o)
    0x0800021e   0x0800021e   0x00000000   Code   RO          160    .ARM.Collect$$libinit$$00000025  c_pu.l(libinit2.o)
    0x0800021e   0x0800021e   0x00000000   Code   RO          162    .ARM.Collect$$libinit$$00000027  c_pu.l(libinit2.o)
    0x0800021e   0x0800021e   0x00000008   Code   RO          164    .ARM.Collect$$libinit$$00000029  c_pu.l(libinit2.o)
    0x08000226   0x08000226   0x00000000   Code   RO          168    .ARM.Collect$$libinit$$00000030  c_pu.l(libinit2.o)
    0x08000226   0x08000226   0x00000000   Code   RO          170    .ARM.Collect$$libinit$$00000032  c_pu.l(libinit2.o)
    0x08000226   0x08000226   0x00000000   Code   RO          172    .ARM.Collect$$libinit$$00000034  c_pu.l(libinit2.o)
    0x08000226   0x08000226   0x00000002   Code   RO          173    .ARM.Collect$$libinit$$00000035  c_pu.l(libinit2.o)
    0x08000228   0x08000228   0x00000002   Code   RO          207    .ARM.Collect$$libshutdown$$00000000  c_pu.l(libshutdown.o)
    0x0800022a   0x0800022a   0x00000000   Code   RO          215    .ARM.Collect$$libshutdown$$00000002  c_pu.l(libshutdown2.o)
    0x0800022a   0x0800022a   0x00000000   Code   RO          217    .ARM.Collect$$libshutdown$$00000004  c_pu.l(libshutdown2.o)
    0x0800022a   0x0800022a   0x00000000   Code   RO          220    .ARM.Collect$$libshutdown$$00000007  c_pu.l(libshutdown2.o)
    0x0800022a   0x0800022a   0x00000000   Code   RO          223    .ARM.Collect$$libshutdown$$0000000A  c_pu.l(libshutdown2.o)
    0x0800022a   0x0800022a   0x00000000   Code   RO          225    .ARM.Collect$$libshutdown$$0000000C  c_pu.l(libshutdown2.o)
    0x0800022a   0x0800022a   0x00000000   Code   RO          228    .ARM.Collect$$libshutdown$$0000000F  c_pu.l(libshutdown2.o)
    0x0800022a   0x0800022a   0x00000002   Code   RO          229    .ARM.Collect$$libshutdown$$00000010  c_pu.l(libshutdown2.o)
    0x0800022c   0x0800022c   0x00000000   Code   RO           71    .ARM.Collect$$rtentry$$00000000  c_pu.l(__rtentry.o)
    0x0800022c   0x0800022c   0x00000000   Code   RO           81    .ARM.Collect$$rtentry$$00000002  c_pu.l(__rtentry2.o)
    0x0800022c   0x0800022c   0x00000006   Code   RO           93    .ARM.Collect$$rtentry$$00000004  c_pu.l(__rtentry4.o)
    0x08000232   0x08000232   0x00000000   Code   RO           83    .ARM.Collect$$rtentry$$00000009  c_pu.l(__rtentry2.o)
    0x08000232   0x08000232   0x00000004   Code   RO           84    .ARM.Collect$$rtentry$$0000000A  c_pu.l(__rtentry2.o)
    0x08000236   0x08000236   0x00000000   Code   RO           86    .ARM.Collect$$rtentry$$0000000C  c_pu.l(__rtentry2.o)
    0x08000236   0x08000236   0x00000008   Code   RO           87    .ARM.Collect$$rtentry$$0000000D  c_pu.l(__rtentry2.o)
    0x0800023e   0x0800023e   0x00000002   Code   RO          119    .ARM.Collect$$rtexit$$00000000  c_pu.l(rtexit.o)
    0x08000240   0x08000240   0x00000000   Code   RO          175    .ARM.Collect$$rtexit$$00000002  c_pu.l(rtexit2.o)
    0x08000240   0x08000240   0x00000004   Code   RO          176    .ARM.Collect$$rtexit$$00000003  c_pu.l(rtexit2.o)
    0x08000244   0x08000244   0x00000006   Code   RO          177    .ARM.Collect$$rtexit$$00000004  c_pu.l(rtexit2.o)
    0x0800024a   0x0800024a   0x00000002   PAD
    0x0800024c   0x0800024c   0x00000028   Code   RO            7    .text               datainit_ctboard.o
    0x08000274   0x08000274   0x00000024   Code   RO           14  * .text               startup_ctboard.o
    0x08000298   0x08000298   0x0000029e   Code   RO           18    .text               system_ctboard.o
    0x08000536   0x08000536   0x00000002   PAD
    0x08000538   0x08000538   0x000003a4   Code   RO           25    .text               hal_fmc.o
    0x080008dc   0x080008dc   0x00000988   Code   RO           33    .text               hal_gpio.o
    0x08001264   0x08001264   0x00000158   Code   RO           40    .text               hal_pwr.o
    0x080013bc   0x080013bc   0x000007b8   Code   RO           47    .text               hal_rcc.o
    0x08001b74   0x08001b74   0x00000002   Code   RO           57    .text               c_pu.l(use_no_semi_2.o)
    0x08001b76   0x08001b76   0x00000002   PAD
    0x08001b78   0x08001b78   0x0000007c   Code   RO           59    .text               c_pu.l(assert.o)
    0x08001bf4   0x08001bf4   0x0000016c   Code   RO           61    .text               c_pu.l(aeabi_sdiv.o)
    0x08001d60   0x08001d60   0x00000002   Code   RO           69    .text               c_pu.l(use_no_semi.o)
    0x08001d62   0x08001d62   0x00000014   Code   RO           76    .text               c_pu.l(abort.o)
    0x08001d76   0x08001d76   0x00000014   Code   RO           78    .text               c_pu.l(assert_puts.o)
    0x08001d8a   0x08001d8a   0x0000000c   Code   RO           97    .text               c_pu.l(defsig_abrt_outer.o)
    0x08001d96   0x08001d96   0x00000010   Code   RO          103    .text               c_pu.l(exit.o)
    0x08001da6   0x08001da6   0x0000000c   Code   RO          105    .text               c_pu.l(defsig_exit.o)
    0x08001db2   0x08001db2   0x00000002   PAD
    0x08001db4   0x08001db4   0x00000030   Code   RO          107    .text               c_pu.l(defsig_abrt_inner.o)
    0x08001de4   0x08001de4   0x00000034   Code   RO          123    .text               c_pu.l(defsig_general.o)
    0x08001e18   0x08001e18   0x00000008   Code   RO          183    .text               c_pu.l(argv_veneer.o)
    0x08001e20   0x08001e20   0x00000050   Code   RO          189    .text               c_pu.l(defsig_rtmem_inner.o)
    0x08001e70   0x08001e70   0x00000132   Code   RO          203    .text               c_pu.l(_get_argv_nomalloc.o)
    0x08001fa2   0x08001fa2   0x00000004   Code   RO          208    .text               c_pu.l(hrguard.o)
    0x08001fa6   0x08001fa6   0x0000000c   Code   RO          210    .text               c_pu.l(defsig_rtmem_outer.o)
    0x08001fb2   0x08001fb2   0x00000002   PAD
    0x08001fb4   0x08001fb4   0x0000004c   Code   RO            1    MyCode              sumdiff.o
    0x08002000   0x08002000   0x00000098   Data   RO           27    .rodata.str1.1      hal_fmc.o
    0x08002098   0x08002098   0x00000170   Data   RO           49    .rodata.str1.1      hal_rcc.o
    0x08002208   0x08002208   0x00000010   Data   RO          231    Region$$Table       anon$$obj.o


    Execution Region ER_RW (Exec base: 0x20000000, Load base: 0x08002218, Size: 0x00000000, Max: 0xffffffff, ABSOLUTE)

    **** No section assigned to this execution region ****


    Execution Region ER_ZI (Exec base: 0x20000000, Load base: 0x08002218, Size: 0x00002000, Max: 0xffffffff, ABSOLUTE)

    Exec Addr    Load Addr    Size         Type   Attr      Idx    E Section Name        Object

    0x20000000        -       0x00002000   Zero   RW           11    STACK               startup_ctboard.o


==============================================================================

Image component sizes


      Code (inc. data)   RO Data    RW Data    ZI Data      Debug   Object Name

        40         16          0          0          0        452   datainit_ctboard.o
       932        116        152          0          0       3283   hal_fmc.o
      2440        124          0          0          0       8436   hal_gpio.o
       344         24          0          0          0       1935   hal_pwr.o
      1976        536        368          0          0       4956   hal_rcc.o
        36          8        428          0       8192        828   startup_ctboard.o
        76         26          0          0          0        380   sumdiff.o
       670         64          0          0          0       6840   system_ctboard.o

    ----------------------------------------------------------------------
      6516        914        964          0       8192      27110   Object Totals
         0          0         16          0          0          0   (incl. Generated)
         2          0          0          0          0          0   (incl. Padding)

    ----------------------------------------------------------------------

      Code (inc. data)   RO Data    RW Data    ZI Data      Debug   Library Member Name

         0          0          0          0          0          0   __rtentry.o
        12          0          0          0          0          0   __rtentry2.o
         6          0          0          0          0          0   __rtentry4.o
        84         10          0          0          0         68   __scatter.o
        28          0          0          0          0          0   __scatter_zi.o
       306          0          0          0          0        144   _get_argv_nomalloc.o
        20          0          0          0          0         68   abort.o
       364          4          0          0          0         92   aeabi_sdiv.o
         8          0          0          0          0         68   argv_veneer.o
       124         42          0          0          0         68   assert.o
        20          0          0          0          0         68   assert_puts.o
        48         34          0          0          0         68   defsig_abrt_inner.o
        12          0          0          0          0         68   defsig_abrt_outer.o
        12          0          0          0          0         68   defsig_exit.o
        52          0          0          0          0         72   defsig_general.o
        80         58          0          0          0         68   defsig_rtmem_inner.o
        12          0          0          0          0         68   defsig_rtmem_outer.o
        16          0          0          0          0         68   exit.o
         4          0          0          0          0        120   hrguard.o
         2          0          0          0          0          0   libinit.o
        10          0          0          0          0          0   libinit2.o
         2          0          0          0          0          0   libshutdown.o
         2          0          0          0          0          0   libshutdown2.o
         2          0          0          0          0          0   rtexit.o
        10          0          0          0          0          0   rtexit2.o
         2          0          0          0          0         68   use_no_semi.o
         2          0          0          0          0         68   use_no_semi_2.o

    ----------------------------------------------------------------------
      1248        148          0          0          0       1312   Library Totals
         8          0          0          0          0          0   (incl. Padding)

    ----------------------------------------------------------------------

      Code (inc. data)   RO Data    RW Data    ZI Data      Debug   Library Name

      1240        148          0          0          0       1312   c_pu.l

    ----------------------------------------------------------------------
      1248        148          0          0          0       1312   Library Totals

    ----------------------------------------------------------------------

==============================================================================


      Code (inc. data)   RO Data    RW Data    ZI Data      Debug   

      7764       1062        964          0       8192      27570   Grand Totals
      7764       1062        964          0       8192      27570   ELF Image Totals
      7764       1062        964          0          0          0   ROM Totals

==============================================================================

    Total RO  Size (Code + RO Data)                 8728 (   8.52kB)
    Total RW  Size (RW Data + ZI Data)              8192 (   8.00kB)
    Total ROM Size (Code + RO Data + RW Data)       8728 (   8.52kB)

==============================================================================

